Archive member included to satisfy reference by file (symbol)

app/libapp.a(main.c.obj)      (--whole-archive)
zephyr/libzephyr.a(getopt.c.obj)
                              (--whole-archive)
zephyr/libzephyr.a(getopt_common.c.obj)
                              (--whole-archive)
zephyr/libzephyr.a(cbprintf_packaged.c.obj)
                              (--whole-archive)
zephyr/libzephyr.a(dec.c.obj)
                              (--whole-archive)
zephyr/libzephyr.a(hex.c.obj)
                              (--whole-archive)
zephyr/libzephyr.a(printk.c.obj)
                              (--whole-archive)
zephyr/libzephyr.a(rb.c.obj)  (--whole-archive)
zephyr/libzephyr.a(sem.c.obj)
                              (--whole-archive)
zephyr/libzephyr.a(thread_entry.c.obj)
                              (--whole-archive)
zephyr/libzephyr.a(timeutil.c.obj)
                              (--whole-archive)
zephyr/libzephyr.a(heap.c.obj)
                              (--whole-archive)
zephyr/libzephyr.a(heap-validate.c.obj)
                              (--whole-archive)
zephyr/libzephyr.a(bitarray.c.obj)
                              (--whole-archive)
zephyr/libzephyr.a(multi_heap.c.obj)
                              (--whole-archive)
zephyr/libzephyr.a(cbprintf_complete.c.obj)
                              (--whole-archive)
zephyr/libzephyr.a(ring_buffer.c.obj)
                              (--whole-archive)
zephyr/libzephyr.a(assert.c.obj)
                              (--whole-archive)
zephyr/libzephyr.a(mpsc_pbuf.c.obj)
                              (--whole-archive)
zephyr/libzephyr.a(configs.c.obj)
                              (--whole-archive)
zephyr/libzephyr.a(soc.c.obj)
                              (--whole-archive)
zephyr/libzephyr.a(stm32cube_hal.c.obj)
                              (--whole-archive)
zephyr/libzephyr.a(soc_config.c.obj)
                              (--whole-archive)
zephyr/libzephyr.a(log_core.c.obj)
                              (--whole-archive)
zephyr/libzephyr.a(log_mgmt.c.obj)
                              (--whole-archive)
zephyr/libzephyr.a(log_cache.c.obj)
                              (--whole-archive)
zephyr/libzephyr.a(log_msg.c.obj)
                              (--whole-archive)
zephyr/libzephyr.a(log_output.c.obj)
                              (--whole-archive)
zephyr/libzephyr.a(mem_attr.c.obj)
                              (--whole-archive)
zephyr/libzephyr.a(tracing_none.c.obj)
                              (--whole-archive)
zephyr/libzephyr.a(kernel_service.c.obj)
                              (--whole-archive)
zephyr/libzephyr.a(device_service.c.obj)
                              (--whole-archive)
zephyr/libzephyr.a(devmem_service.c.obj)
                              (--whole-archive)
zephyr/libzephyr.a(shell_uart.c.obj)
                              (--whole-archive)
zephyr/libzephyr.a(shell.c.obj)
                              (--whole-archive)
zephyr/libzephyr.a(shell_fprintf.c.obj)
                              (--whole-archive)
zephyr/libzephyr.a(shell_utils.c.obj)
                              (--whole-archive)
zephyr/libzephyr.a(shell_ops.c.obj)
                              (--whole-archive)
zephyr/libzephyr.a(shell_log_backend.c.obj)
                              (--whole-archive)
zephyr/libzephyr.a(shell_help.c.obj)
                              (--whole-archive)
zephyr/libzephyr.a(shell_cmds.c.obj)
                              (--whole-archive)
zephyr/libzephyr.a(shell_history.c.obj)
                              (--whole-archive)
zephyr/libzephyr.a(shell_wildcard.c.obj)
                              (--whole-archive)
zephyr/arch/common/libarch__common.a(sw_isr_common.c.obj)
                              (--whole-archive)
zephyr/arch/arch/arm/core/libarch__arm__core.a(fatal.c.obj)
                              (--whole-archive)
zephyr/arch/arch/arm/core/libarch__arm__core.a(nmi.c.obj)
                              (--whole-archive)
zephyr/arch/arch/arm/core/libarch__arm__core.a(nmi_on_reset.S.obj)
                              (--whole-archive)
zephyr/arch/arch/arm/core/libarch__arm__core.a(tls.c.obj)
                              (--whole-archive)
zephyr/arch/arch/arm/core/cortex_m/libarch__arm__core__cortex_m.a(exc_exit.S.obj)
                              (--whole-archive)
zephyr/arch/arch/arm/core/cortex_m/libarch__arm__core__cortex_m.a(fault.c.obj)
                              (--whole-archive)
zephyr/arch/arch/arm/core/cortex_m/libarch__arm__core__cortex_m.a(fault_s.S.obj)
                              (--whole-archive)
zephyr/arch/arch/arm/core/cortex_m/libarch__arm__core__cortex_m.a(fpu.c.obj)
                              (--whole-archive)
zephyr/arch/arch/arm/core/cortex_m/libarch__arm__core__cortex_m.a(reset.S.obj)
                              (--whole-archive)
zephyr/arch/arch/arm/core/cortex_m/libarch__arm__core__cortex_m.a(scb.c.obj)
                              (--whole-archive)
[...]
Memory Configuration

Name             Origin             Length             Attributes
FLASH            0x0000000008000000 0x0000000000040000 xr
RAM              0x0000000020000000 0x0000000000010000 xw
IDT_LIST         0x00000000fffff7ff 0x0000000000000800 xw
*default*        0x0000000000000000 0xffffffffffffffff

Linker script and memory map

                0x0000000008009a70                vfprintf = __l_vfprintf
                0x0000000000000000                vfscanf = __l_vfscanf
LOAD zephyr/CMakeFiles/zephyr_pre0.dir/misc/empty_file.c.obj
LOAD zephyr/CMakeFiles/offsets.dir/./arch/arm/core/offsets/offsets.c.obj
LOAD app/libapp.a
LOAD zephyr/libzephyr.a
LOAD zephyr/arch/common/libarch__common.a
LOAD zephyr/arch/arch/arm/core/libarch__arm__core.a
LOAD zephyr/arch/arch/arm/core/cortex_m/libarch__arm__core__cortex_m.a
LOAD zephyr/arch/arch/arm/core/mpu/libarch__arm__core__mpu.a
LOAD zephyr/lib/libc/picolibc/liblib__libc__picolibc.a
LOAD zephyr/lib/libc/common/liblib__libc__common.a
LOAD zephyr/lib/posix/liblib__posix.a
LOAD zephyr/drivers/interrupt_controller/libdrivers__interrupt_controller.a
LOAD zephyr/drivers/adc/libdrivers__adc.a
LOAD zephyr/drivers/clock_control/libdrivers__clock_control.a
LOAD zephyr/drivers/console/libdrivers__console.a
LOAD zephyr/drivers/gpio/libdrivers__gpio.a
LOAD zephyr/drivers/lora/libloramac-node.a
LOAD zephyr/drivers/pinctrl/libdrivers__pinctrl.a
LOAD zephyr/drivers/regulator/libdrivers__regulator.a
LOAD zephyr/drivers/reset/libdrivers__reset.a
LOAD zephyr/drivers/serial/libdrivers__serial.a
LOAD zephyr/drivers/spi/libdrivers__spi.a
LOAD zephyr/drivers/timer/libdrivers__timer.a
LOAD modules/stm32/stm32cube/lib..__modules__hal__stm32__stm32cube.a
LOAD zephyr/kernel/libkernel.a
LOAD /home/cezary/zephyr-sdk-0.16.4/arm-zephyr-eabi/bin/../lib/gcc/arm-zephyr-eabi/12.2.0/thumb/v7e-m/nofp/libgcc.a
LOAD zephyr/arch/common/libisr_tables.a
LOAD /home/cezary/zephyr-sdk-0.16.4/arm-zephyr-eabi/bin/../lib/gcc/../../picolibc/arm-zephyr-eabi/lib/thumb/v7e-m/nofp/libc.a
LOAD /home/cezary/zephyr-sdk-0.16.4/arm-zephyr-eabi/bin/../lib/gcc/arm-zephyr-eabi/12.2.0/thumb/v7e-m/nofp/libgcc.a
                0x0000000000000020                _region_min_align = 0x20

.rel.plt        0x0000000008000000        0x0
 *(SORT_BY_ALIGNMENT(.rel.plt))
                [!provide]                        PROVIDE (__rel_iplt_start = .)
 *(SORT_BY_ALIGNMENT(.rel.iplt))
 .rel.iplt      0x0000000008000000        0x0 app/libapp.a(main.c.obj)
                [!provide]                        PROVIDE (__rel_iplt_end = .)

.rela.plt       0x0000000000000000        0x0
 *(SORT_BY_ALIGNMENT(.rela.plt))
                [!provide]                        PROVIDE (__rela_iplt_start = .)
 *(SORT_BY_ALIGNMENT(.rela.iplt))
                [!provide]                        PROVIDE (__rela_iplt_end = .)

.rel.dyn
 *(SORT_BY_ALIGNMENT(.rel.*))

.rela.dyn
 *(SORT_BY_ALIGNMENT(.rela.*))

/DISCARD/
 *(SORT_BY_ALIGNMENT(.plt))

/DISCARD/
 *(SORT_BY_ALIGNMENT(.iplt))
                0x0000000008000000                __rom_region_start = 0x8000000

rom_start       0x0000000008000000      0x138
                0x0000000008000000                __rom_start_address = .
 FILL mask 0x00
                0x0000000008000000                . = (. + (0x0 - (. - __rom_start_address)))
                0x0000000008000000                . = ALIGN (0x4)
                0x0000000008000000                . = ALIGN (0x80)
                0x0000000008000000                . = ALIGN (0x200)
                0x0000000008000000                _vector_start = .
 *(SORT_BY_ALIGNMENT(.exc_vector_table))
 *(SORT_BY_ALIGNMENT(.exc_vector_table.*))
 .exc_vector_table._vector_table_section
                0x0000000008000000       0x40 zephyr/arch/arch/arm/core/cortex_m/libarch__arm__core__cortex_m.a(vector_table.S.obj)
                0x0000000008000000                _vector_table
 *(SORT_BY_ALIGNMENT(.vectors))
                0x0000000008000138                _vector_end = .
                0x0000000008000040                . = ALIGN (0x4)
 *(SORT_BY_ALIGNMENT(.gnu.linkonce.irq_vector_table*))
 .gnu.linkonce.irq_vector_table
                0x0000000008000040       0xf8 zephyr/arch/common/libisr_tables.a(isr_tables.c.obj)
                0x0000000008000040                _irq_vector_table
                0x0000000008000138                _vector_end = .

text            0x0000000008000138     0xd6fc
                0x0000000008000138                __text_region_start = .
 *(SORT_BY_ALIGNMENT(.text))
 .text          0x0000000008000138       0xa0 /home/cezary/zephyr-sdk-0.16.4/arm-zephyr-eabi/bin/../lib/gcc/arm-zephyr-eabi/12.2.0/thumb/v7e-m/nofp/libgcc.a(_aeabi_ldivmod.o)
                0x0000000008000138                __aeabi_ldivmod
 .text          0x00000000080001d8       0x30 /home/cezary/zephyr-sdk-0.16.4/arm-zephyr-eabi/bin/../lib/gcc/arm-zephyr-eabi/12.2.0/thumb/v7e-m/nofp/libgcc.a(_aeabi_uldivmod.o)
                0x00000000080001d8                __aeabi_uldivmod
 .text          0x0000000008000208        0x4 /home/cezary/zephyr-sdk-0.16.4/arm-zephyr-eabi/bin/../lib/gcc/arm-zephyr-eabi/12.2.0/thumb/v7e-m/nofp/libgcc.a(_dvmd_tls.o)
                0x0000000008000208                __aeabi_ldiv0
                0x0000000008000208                __aeabi_idiv0
 .text          0x000000000800020c       0x26 /home/cezary/zephyr-sdk-0.16.4/arm-zephyr-eabi/bin/../lib/gcc/arm-zephyr-eabi/12.2.0/thumb/v7e-m/nofp/libgcc.a(_popcountsi2.o)
                0x000000000800020c                __popcountsi2
 .text          0x0000000008000232      0x2a0 /home/cezary/zephyr-sdk-0.16.4/arm-zephyr-eabi/bin/../lib/gcc/arm-zephyr-eabi/12.2.0/thumb/v7e-m/nofp/libgcc.a(_udivmoddi4.o)
                0x0000000008000232                __udivmoddi4
 .text          0x00000000080004d2       0x14 /home/cezary/zephyr-sdk-0.16.4/arm-zephyr-eabi/bin/../lib/gcc/../../picolibc/arm-zephyr-eabi/lib/thumb/v7e-m/nofp/libc.a(strcmp.S.o)
                0x00000000080004d2                strcmp
 .text          0x00000000080004e6       0x10 /home/cezary/zephyr-sdk-0.16.4/arm-zephyr-eabi/bin/../lib/gcc/../../picolibc/arm-zephyr-eabi/lib/thumb/v7e-m/nofp/libc.a(strcpy.S.o)
                0x00000000080004e6                strcpy
 .text          0x00000000080004f6       0x10 /home/cezary/zephyr-sdk-0.16.4/arm-zephyr-eabi/bin/../lib/gcc/../../picolibc/arm-zephyr-eabi/lib/thumb/v7e-m/nofp/libc.a(strlen.S.o)
                0x00000000080004f6                strlen
 *(SORT_BY_ALIGNMENT(.text.*))
 *fill*         0x0000000008000506        0x2 
 .text.cmd_kernel_uptime
                0x0000000008000508       0xe8 zephyr/libzephyr.a(kernel_service.c.obj)
 .text.configureRx.part.0
                0x00000000080005f0       0x1c app/libapp.a(main.c.obj)
 .text.configureRx
                0x000000000800060c       0x3c app/libapp.a(main.c.obj)
                0x000000000800060c                configureRx
 .text.configureTx
                0x0000000008000648       0x3c app/libapp.a(main.c.obj)
                0x0000000008000648                configureTx
 .text.send_msg
                0x0000000008000684       0x88 app/libapp.a(main.c.obj)
                0x0000000008000684                send_msg
 .text.recev_msg
                0x000000000800070c       0xa8 app/libapp.a(main.c.obj)
                0x000000000800070c                recev_msg
 .text.adc_config
                0x00000000080007b4       0x88 app/libapp.a(main.c.obj)
                0x00000000080007b4                adc_config
 .text.adc_val  0x000000000800083c       0x64 app/libapp.a(main.c.obj)
                0x000000000800083c                adc_val
 .text.main     0x00000000080008a0       0xa4 app/libapp.a(main.c.obj)
                0x00000000080008a0                main
 .text.getopt   0x0000000008000944      0x130 zephyr/libzephyr.a(getopt.c.obj)
                0x0000000008000944                getopt
 .text.z_getopt_global_state_update
                0x0000000008000a74       0x34 zephyr/libzephyr.a(getopt_common.c.obj)
                0x0000000008000a74                z_getopt_global_state_update
 .text.getopt_state_get
                0x0000000008000aa8        0x8 zephyr/libzephyr.a(getopt_common.c.obj)
                0x0000000008000aa8                getopt_state_get
 .text.cbvprintf_package
                0x0000000008000ab0      0x3a4 zephyr/libzephyr.a(cbprintf_packaged.c.obj)
                0x0000000008000ab0                cbvprintf_package
 .text.cbprintf_package_convert
                0x0000000008000e54      0x3b8 zephyr/libzephyr.a(cbprintf_packaged.c.obj)
                0x0000000008000e54                cbprintf_package_convert
 .text.__printk_hook_install
                0x000000000800120c        0xc zephyr/libzephyr.a(printk.c.obj)
                0x000000000800120c                __printk_hook_install
 .text.z_thread_entry
                0x0000000008001218       0x34 zephyr/libzephyr.a(thread_entry.c.obj)
                0x0000000008001218                z_thread_entry
 .text.stm32wl_init
                0x000000000800124c       0x28 zephyr/libzephyr.a(soc.c.obj)
 .text.st_stm32_common_config
                0x0000000008001274       0x14 zephyr/libzephyr.a(soc_config.c.obj)
 .text.activate_foreach_backend
                0x0000000008001288       0x64 zephyr/libzephyr.a(log_core.c.obj)
 .text.enable_logger
                0x00000000080012ec       0x5c zephyr/libzephyr.a(log_core.c.obj)
 .text.log_process_thread_timer_expiry_fn
                0x0000000008001348        0xc zephyr/libzephyr.a(log_core.c.obj)
 .text.z_log_init
                0x0000000008001354       0x8c zephyr/libzephyr.a(log_core.c.obj)
 .text.log_set_timestamp_func
                0x00000000080013e0       0x20 zephyr/libzephyr.a(log_core.c.obj)
                0x00000000080013e0                log_set_timestamp_func
 .text.z_log_notify_backend_enabled
                0x0000000008001400       0x1c zephyr/libzephyr.a(log_core.c.obj)
                0x0000000008001400                z_log_notify_backend_enabled
 .text.z_log_dropped
                0x000000000800141c       0x30 zephyr/libzephyr.a(log_core.c.obj)
                0x000000000800141c                z_log_dropped
 .text.z_log_dropped_read_and_clear
                0x000000000800144c       0x20 zephyr/libzephyr.a(log_core.c.obj)
                0x000000000800144c                z_log_dropped_read_and_clear
 .text.dropped_notify
                0x000000000800146c       0x30 zephyr/libzephyr.a(log_core.c.obj)
                0x000000000800146c                dropped_notify
 .text.z_log_msg_init
                0x000000000800149c       0x20 zephyr/libzephyr.a(log_core.c.obj)
                0x000000000800149c                z_log_msg_init
 .text.log_core_init
                0x00000000080014bc       0x38 zephyr/libzephyr.a(log_core.c.obj)
                0x00000000080014bc                log_core_init
 .text.z_log_msg_alloc
                0x00000000080014f4       0x10 zephyr/libzephyr.a(log_core.c.obj)
                0x00000000080014f4                z_log_msg_alloc
 .text.z_log_msg_local_claim
                0x0000000008001504        0xc zephyr/libzephyr.a(log_core.c.obj)
                0x0000000008001504                z_log_msg_local_claim
 .text.z_log_msg_free
                0x0000000008001510       0x10 zephyr/libzephyr.a(log_core.c.obj)
                0x0000000008001510                z_log_msg_free
 .text.z_log_msg_pending
                0x0000000008001520        0xc zephyr/libzephyr.a(log_core.c.obj)
                0x0000000008001520                z_log_msg_pending
 .text.z_impl_log_process
                0x000000000800152c       0xe4 zephyr/libzephyr.a(log_core.c.obj)
                0x000000000800152c                z_impl_log_process
 .text.z_impl_log_panic
                0x0000000008001610       0x44 zephyr/libzephyr.a(log_core.c.obj)
                0x0000000008001610                z_impl_log_panic
 .text.log_process_thread_func
                0x0000000008001654       0xa4 zephyr/libzephyr.a(log_core.c.obj)
 .text.z_log_msg_post_finalize
                0x00000000080016f8       0x78 zephyr/libzephyr.a(log_core.c.obj)
 .text.z_log_msg_commit
                0x0000000008001770       0x24 zephyr/libzephyr.a(log_core.c.obj)
                0x0000000008001770                z_log_msg_commit
 .text.log_source_name_get
                0x0000000008001794       0x1c zephyr/libzephyr.a(log_mgmt.c.obj)
                0x0000000008001794                log_source_name_get
 .text.z_log_runtime_filters_init
                0x00000000080017b0       0x3c zephyr/libzephyr.a(log_mgmt.c.obj)
                0x00000000080017b0                z_log_runtime_filters_init
 .text.log_source_id_get
                0x00000000080017ec       0x38 zephyr/libzephyr.a(log_mgmt.c.obj)
                0x00000000080017ec                log_source_id_get
 .text.z_impl_log_filter_set
                0x0000000008001824       0xac zephyr/libzephyr.a(log_mgmt.c.obj)
                0x0000000008001824                z_impl_log_filter_set
 .text.backend_filter_set
                0x00000000080018d0       0x30 zephyr/libzephyr.a(log_mgmt.c.obj)
 .text.log_backend_enable
                0x0000000008001900       0x34 zephyr/libzephyr.a(log_mgmt.c.obj)
                0x0000000008001900                log_backend_enable
 .text.log_filter_get
                0x0000000008001934       0x44 zephyr/libzephyr.a(log_mgmt.c.obj)
                0x0000000008001934                log_filter_get
 .text.z_impl_z_log_msg_static_create
                0x0000000008001978      0x110 zephyr/libzephyr.a(log_msg.c.obj)
                0x0000000008001978                z_impl_z_log_msg_static_create
 .text.z_log_msg_runtime_vcreate
                0x0000000008001a88       0x8c zephyr/libzephyr.a(log_msg.c.obj)
                0x0000000008001a88                z_log_msg_runtime_vcreate
 .text.print_formatted
                0x0000000008001b14       0x24 zephyr/libzephyr.a(log_output.c.obj)
 .text.newline_print
                0x0000000008001b38       0x1c zephyr/libzephyr.a(log_output.c.obj)
 .text.log_output_process
                0x0000000008001b54      0x2a8 zephyr/libzephyr.a(log_output.c.obj)
                0x0000000008001b54                log_output_process
 .text.log_output_msg_process
                0x0000000008001dfc       0x70 zephyr/libzephyr.a(log_output.c.obj)
                0x0000000008001dfc                log_output_msg_process
 .text.log_output_dropped_process
                0x0000000008001e6c       0x58 zephyr/libzephyr.a(log_output.c.obj)
                0x0000000008001e6c                log_output_dropped_process
 .text.log_output_timestamp_freq_set
                0x0000000008001ec4       0x2c zephyr/libzephyr.a(log_output.c.obj)
                0x0000000008001ec4                log_output_timestamp_freq_set
 .text.mem_attr_get_regions
                0x0000000008001ef0        0xc zephyr/libzephyr.a(mem_attr.c.obj)
                0x0000000008001ef0                mem_attr_get_regions
 .text.cmd_kernel_version
                0x0000000008001efc       0x2c zephyr/libzephyr.a(kernel_service.c.obj)
 .text.cmd_kernel_threads
                0x0000000008001f28       0x38 zephyr/libzephyr.a(kernel_service.c.obj)
 .text.shell_tdata_dump
                0x0000000008001f60       0xd0 zephyr/libzephyr.a(kernel_service.c.obj)
 .text.cmd_kernel_stacks
                0x0000000008002030       0x74 zephyr/libzephyr.a(kernel_service.c.obj)
 .text.cmd_kernel_cycles
                0x00000000080020a4       0x1c zephyr/libzephyr.a(kernel_service.c.obj)
 .text.cmd_kernel_log_level_set
                0x00000000080020c0       0x80 zephyr/libzephyr.a(kernel_service.c.obj)
 .text.cmd_kernel_sleep
                0x0000000008002140       0x40 zephyr/libzephyr.a(kernel_service.c.obj)
 .text.shell_stack_dump
                0x0000000008002180       0x64 zephyr/libzephyr.a(kernel_service.c.obj)
 .text.cmd_device_list
                0x00000000080021e4       0x8c zephyr/libzephyr.a(device_service.c.obj)
 .text.cmd_devmem
                0x0000000008002270       0xcc zephyr/libzephyr.a(devmem_service.c.obj)
 .text.cmd_dump
                0x000000000800233c      0x190 zephyr/libzephyr.a(devmem_service.c.obj)
 .text.set_bypass.isra.0
                0x00000000080024cc       0x50 zephyr/libzephyr.a(devmem_service.c.obj)
 .text.bypass_cb
                0x000000000800251c      0x118 zephyr/libzephyr.a(devmem_service.c.obj)
 .text.cmd_load
                0x0000000008002634       0xd8 zephyr/libzephyr.a(devmem_service.c.obj)
 .text.enable_shell_uart
                0x000000000800270c       0x38 zephyr/libzephyr.a(shell_uart.c.obj)
 .text.init     0x0000000008002744       0x60 zephyr/libzephyr.a(shell_uart.c.obj)
 .text.uart_callback
                0x00000000080027a4      0x100 zephyr/libzephyr.a(shell_uart.c.obj)
 .text.shell_internal_help_print
                0x00000000080028a4       0x20 zephyr/libzephyr.a(shell.c.obj)
 .text.kill_handler
                0x00000000080028c4       0x54 zephyr/libzephyr.a(shell.c.obj)
 .text.z_cursor_next_line_move.isra.0
                0x0000000008002918        0xc zephyr/libzephyr.a(shell.c.obj)
 .text.history_handle
                0x0000000008002924       0xa8 zephyr/libzephyr.a(shell.c.obj)
 .text.execute  0x00000000080029cc      0x2c0 zephyr/libzephyr.a(shell.c.obj)
 .text.state_set.constprop.0
                0x0000000008002c8c       0x4c zephyr/libzephyr.a(shell.c.obj)
 .text.shell_process
                0x0000000008002cd8      0x6c8 zephyr/libzephyr.a(shell.c.obj)
                0x0000000008002cd8                shell_process
 .text.shell_init
                0x00000000080033a0       0xf8 zephyr/libzephyr.a(shell.c.obj)
                0x00000000080033a0                shell_init
 .text.shell_start
                0x0000000008003498       0x54 zephyr/libzephyr.a(shell.c.obj)
                0x0000000008003498                shell_start
 .text.shell_thread
                0x00000000080034ec       0xc8 zephyr/libzephyr.a(shell.c.obj)
                0x00000000080034ec                shell_thread
 .text.cmd_help
                0x00000000080035b4       0x4c zephyr/libzephyr.a(shell.c.obj)
 .text.shell_hexdump_line
                0x0000000008003600       0xe8 zephyr/libzephyr.a(shell.c.obj)
                0x0000000008003600                shell_hexdump_line
 .text.z_shell_fprintf_fmt
                0x00000000080036e8       0x28 zephyr/libzephyr.a(shell_fprintf.c.obj)
                0x00000000080036e8                z_shell_fprintf_fmt
 .text.z_shell_make_argv
                0x0000000008003710      0x1b8 zephyr/libzephyr.a(shell_utils.c.obj)
                0x0000000008003710                z_shell_make_argv
 .text.z_shell_cmd_get
                0x00000000080038c8       0x74 zephyr/libzephyr.a(shell_utils.c.obj)
                0x00000000080038c8                z_shell_cmd_get
 .text.z_shell_spaces_trim
                0x000000000800393c       0x6c zephyr/libzephyr.a(shell_utils.c.obj)
                0x000000000800393c                z_shell_spaces_trim
 .text.z_shell_cmd_trim
                0x00000000080039a8       0x70 zephyr/libzephyr.a(shell_utils.c.obj)
                0x00000000080039a8                z_shell_cmd_trim
 .text.shell_strtoul
                0x0000000008003a18       0x54 zephyr/libzephyr.a(shell_utils.c.obj)
                0x0000000008003a18                shell_strtoul
 .text.z_clear_eos
                0x0000000008003a6c       0x18 zephyr/libzephyr.a(shell_ops.c.obj)
 .text.z_cursor_next_line_move.isra.0
                0x0000000008003a84        0xc zephyr/libzephyr.a(shell_ops.c.obj)
 .text.z_shell_op_cursor_vert_move
                0x0000000008003a90       0x2c zephyr/libzephyr.a(shell_ops.c.obj)
                0x0000000008003a90                z_shell_op_cursor_vert_move
 .text.z_shell_op_cursor_horiz_move
                0x0000000008003abc       0x2c zephyr/libzephyr.a(shell_ops.c.obj)
                0x0000000008003abc                z_shell_op_cursor_horiz_move
 .text.z_shell_op_cursor_word_move
                0x0000000008003ae8       0x78 zephyr/libzephyr.a(shell_ops.c.obj)
                0x0000000008003ae8                z_shell_op_cursor_word_move
 .text.z_shell_print_cmd
                0x0000000008003b60       0x78 zephyr/libzephyr.a(shell_ops.c.obj)
                0x0000000008003b60                z_shell_print_cmd
 .text.z_shell_vt100_color_set
                0x0000000008003bd8       0x40 zephyr/libzephyr.a(shell_ops.c.obj)
                0x0000000008003bd8                z_shell_vt100_color_set
 .text.z_shell_vt100_colors_restore
                0x0000000008003c18       0x3c zephyr/libzephyr.a(shell_ops.c.obj)
                0x0000000008003c18                z_shell_vt100_colors_restore
 .text.z_shell_op_word_remove
                0x0000000008003c54       0xc0 zephyr/libzephyr.a(shell_ops.c.obj)
                0x0000000008003c54                z_shell_op_word_remove
 .text.reprint_from_cursor
                0x0000000008003d14       0x74 zephyr/libzephyr.a(shell_ops.c.obj)
 .text.z_shell_op_char_insert
                0x0000000008003d88       0x6c zephyr/libzephyr.a(shell_ops.c.obj)
                0x0000000008003d88                z_shell_op_char_insert
 .text.z_shell_print_prompt_and_cmd
                0x0000000008003df4       0x30 zephyr/libzephyr.a(shell_ops.c.obj)
                0x0000000008003df4                z_shell_print_prompt_and_cmd
 .text.z_cursor_next_line_move.isra.0
                0x0000000008003e24        0xc zephyr/libzephyr.a(shell_help.c.obj)
 .text.formatted_text_print.constprop.0
                0x0000000008003e30       0xe4 zephyr/libzephyr.a(shell_help.c.obj)
 .text.z_shell_help_subcmd_print
                0x0000000008003f14       0xb4 zephyr/libzephyr.a(shell_help.c.obj)
                0x0000000008003f14                z_shell_help_subcmd_print
 .text.z_shell_help_cmd_print
                0x0000000008003fc8       0x40 zephyr/libzephyr.a(shell_help.c.obj)
                0x0000000008003fc8                z_shell_help_cmd_print
 .text.z_shell_help_request
                0x0000000008004008       0x28 zephyr/libzephyr.a(shell_help.c.obj)
                0x0000000008004008                z_shell_help_request
 .text.cmd_resize_default
                0x0000000008004030       0x2c zephyr/libzephyr.a(shell_cmds.c.obj)
 .text.cmd_shell_stats_show
                0x000000000800405c       0x18 zephyr/libzephyr.a(shell_cmds.c.obj)
 .text.cmd_backends
                0x0000000008004074       0x54 zephyr/libzephyr.a(shell_cmds.c.obj)
 .text.cmd_prompt_off
                0x00000000080040c8       0x10 zephyr/libzephyr.a(shell_cmds.c.obj)
 .text.cmd_history
                0x00000000080040d8       0x44 zephyr/libzephyr.a(shell_cmds.c.obj)
 .text.cmd_get_retval
                0x000000000800411c       0x1c zephyr/libzephyr.a(shell_cmds.c.obj)
 .text.cmd_echo
                0x0000000008004138       0x58 zephyr/libzephyr.a(shell_cmds.c.obj)
 .text.cmd_clear
                0x0000000008004190       0x34 zephyr/libzephyr.a(shell_cmds.c.obj)
 .text.cmd_resize
                0x00000000080041c4      0x1a8 zephyr/libzephyr.a(shell_cmds.c.obj)
 .text.z_shell_wildcard_process
                0x000000000800436c       0xe4 zephyr/libzephyr.a(shell_wildcard.c.obj)
                0x000000000800436c                z_shell_wildcard_process
 .text.z_arm_fatal_error
                0x0000000008004450       0xc4 zephyr/arch/arch/arm/core/libarch__arm__core.a(fatal.c.obj)
                0x0000000008004450                z_arm_fatal_error
 .text.z_SysNmiOnReset
                0x0000000008004514        0x8 zephyr/arch/arch/arm/core/libarch__arm__core.a(nmi_on_reset.S.obj)
                0x0000000008004514                z_SysNmiOnReset
 .text.arch_tls_stack_setup
                0x000000000800451c       0x60 zephyr/arch/arch/arm/core/libarch__arm__core.a(tls.c.obj)
                0x000000000800451c                arch_tls_stack_setup
 .text._HandlerModeExit
                0x000000000800457c       0x1c zephyr/arch/arch/arm/core/cortex_m/libarch__arm__core__cortex_m.a(exc_exit.S.obj)
                0x000000000800457c                z_arm_exc_exit
                0x000000000800457c                z_arm_int_exit
 .text.bus_fault.constprop.0
                0x0000000008004598       0xec zephyr/arch/arch/arm/core/cortex_m/libarch__arm__core__cortex_m.a(fault.c.obj)
 .text.usage_fault.constprop.0
                0x0000000008004684       0xdc zephyr/arch/arch/arm/core/cortex_m/libarch__arm__core__cortex_m.a(fault.c.obj)
 .text.mem_manage_fault
                0x0000000008004760      0x114 zephyr/arch/arch/arm/core/cortex_m/libarch__arm__core__cortex_m.a(fault.c.obj)
 .text.z_arm_fault
                0x0000000008004874      0x20c zephyr/arch/arch/arm/core/cortex_m/libarch__arm__core__cortex_m.a(fault.c.obj)
                0x0000000008004874                z_arm_fault
 .text.z_arm_fault_init
                0x0000000008004a80       0x10 zephyr/arch/arch/arm/core/cortex_m/libarch__arm__core__cortex_m.a(fault.c.obj)
                0x0000000008004a80                z_arm_fault_init
 .text.__fault  0x0000000008004a90       0x14 zephyr/arch/arch/arm/core/cortex_m/libarch__arm__core__cortex_m.a(fault_s.S.obj)
                0x0000000008004a90                z_arm_bus_fault
                0x0000000008004a90                z_arm_usage_fault
                0x0000000008004a90                z_arm_mpu_fault
                0x0000000008004a90                z_arm_exc_spurious
                0x0000000008004a90                z_arm_debug_monitor
                0x0000000008004a90                z_arm_hard_fault
 .text._reset_section
                0x0000000008004aa4       0x38 zephyr/arch/arch/arm/core/cortex_m/libarch__arm__core__cortex_m.a(reset.S.obj)
                0x0000000008004aa4                z_arm_reset
                0x0000000008004aa4                __start
 .text.z_impl_k_thread_abort
                0x0000000008004adc       0x2c zephyr/arch/arch/arm/core/cortex_m/libarch__arm__core__cortex_m.a(thread_abort.c.obj)
                0x0000000008004adc                z_impl_k_thread_abort
 .text.arch_swap
                0x0000000008004b08       0x34 zephyr/arch/arch/arm/core/cortex_m/libarch__arm__core__cortex_m.a(swap.c.obj)
                0x0000000008004b08                arch_swap
 .text.z_arm_pendsv
                0x0000000008004b3c       0x68 zephyr/arch/arch/arm/core/cortex_m/libarch__arm__core__cortex_m.a(swap_helper.S.obj)
                0x0000000008004b3c                z_arm_pendsv
 .text.z_arm_svc
                0x0000000008004ba4       0x20 zephyr/arch/arch/arm/core/cortex_m/libarch__arm__core__cortex_m.a(swap_helper.S.obj)
                0x0000000008004ba4                z_arm_svc
 .text.arch_irq_enable
                0x0000000008004bc4       0x1c zephyr/arch/arch/arm/core/cortex_m/libarch__arm__core__cortex_m.a(irq_manage.c.obj)
                0x0000000008004bc4                arch_irq_enable
 .text.arch_irq_disable
                0x0000000008004be0       0x28 zephyr/arch/arch/arm/core/cortex_m/libarch__arm__core__cortex_m.a(irq_manage.c.obj)
                0x0000000008004be0                arch_irq_disable
 .text.z_arm_irq_priority_set
                0x0000000008004c08       0x30 zephyr/arch/arch/arm/core/cortex_m/libarch__arm__core__cortex_m.a(irq_manage.c.obj)
                0x0000000008004c08                z_arm_irq_priority_set
 .text.z_arm_prep_c
                0x0000000008004c38       0x2c zephyr/arch/arch/arm/core/cortex_m/libarch__arm__core__cortex_m.a(prep_c.c.obj)
                0x0000000008004c38                z_arm_prep_c
 .text.arch_new_thread
                0x0000000008004c64       0x38 zephyr/arch/arch/arm/core/cortex_m/libarch__arm__core__cortex_m.a(thread.c.obj)
                0x0000000008004c64                arch_new_thread
 .text.z_check_thread_stack_fail
                0x0000000008004c9c       0x30 zephyr/arch/arch/arm/core/cortex_m/libarch__arm__core__cortex_m.a(thread.c.obj)
                0x0000000008004c9c                z_check_thread_stack_fail
 .text.arch_switch_to_main_thread
                0x0000000008004ccc       0x38 zephyr/arch/arch/arm/core/cortex_m/libarch__arm__core__cortex_m.a(thread.c.obj)
                0x0000000008004ccc                arch_switch_to_main_thread
 .text.z_arm_cpu_idle_init
                0x0000000008004d04        0xc zephyr/arch/arch/arm/core/cortex_m/libarch__arm__core__cortex_m.a(cpu_idle.S.obj)
                0x0000000008004d04                z_arm_cpu_idle_init
 .text.arch_cpu_idle
                0x0000000008004d10       0x1c zephyr/arch/arch/arm/core/cortex_m/libarch__arm__core__cortex_m.a(cpu_idle.S.obj)
                0x0000000008004d10                arch_cpu_idle
 .text.z_arm_interrupt_init
                0x0000000008004d2c       0x18 zephyr/arch/arch/arm/core/cortex_m/libarch__arm__core__cortex_m.a(irq_init.c.obj)
                0x0000000008004d2c                z_arm_interrupt_init
 .text._isr_wrapper
                0x0000000008004d44       0x28 zephyr/arch/arch/arm/core/cortex_m/libarch__arm__core__cortex_m.a(isr_wrapper.S.obj)
                0x0000000008004d44                _isr_wrapper
 .text.z_arm_configure_static_mpu_regions
                0x0000000008004d6c       0x18 zephyr/arch/arch/arm/core/mpu/libarch__arm__core__mpu.a(arm_core_mpu.c.obj)
                0x0000000008004d6c                z_arm_configure_static_mpu_regions
 .text.z_arm_configure_dynamic_mpu_regions
                0x0000000008004d84       0x24 zephyr/arch/arch/arm/core/mpu/libarch__arm__core__mpu.a(arm_core_mpu.c.obj)
                0x0000000008004d84                z_arm_configure_dynamic_mpu_regions
 .text.region_allocate_and_init
                0x0000000008004da8       0x58 zephyr/arch/arch/arm/core/mpu/libarch__arm__core__mpu.a(arm_mpu.c.obj)
 .text.mpu_configure_regions
                0x0000000008004e00       0x70 zephyr/arch/arch/arm/core/mpu/libarch__arm__core__mpu.a(arm_mpu.c.obj)
 .text.arm_core_mpu_enable
                0x0000000008004e70       0x18 zephyr/arch/arch/arm/core/mpu/libarch__arm__core__mpu.a(arm_mpu.c.obj)
                0x0000000008004e70                arm_core_mpu_enable
 .text.arm_core_mpu_disable
                0x0000000008004e88       0x14 zephyr/arch/arch/arm/core/mpu/libarch__arm__core__mpu.a(arm_mpu.c.obj)
                0x0000000008004e88                arm_core_mpu_disable
 .text.arm_core_mpu_configure_static_mpu_regions
                0x0000000008004e9c       0x14 zephyr/arch/arch/arm/core/mpu/libarch__arm__core__mpu.a(arm_mpu.c.obj)
                0x0000000008004e9c                arm_core_mpu_configure_static_mpu_regions
 .text.arm_core_mpu_configure_dynamic_mpu_regions
                0x0000000008004eb0       0x38 zephyr/arch/arch/arm/core/mpu/libarch__arm__core__mpu.a(arm_mpu.c.obj)
                0x0000000008004eb0                arm_core_mpu_configure_dynamic_mpu_regions
 .text.z_arm_mpu_init
                0x0000000008004ee8      0x168 zephyr/arch/arch/arm/core/mpu/libarch__arm__core__mpu.a(arm_mpu.c.obj)
                0x0000000008004ee8                z_arm_mpu_init
 .text.z_impl_zephyr_fputc
                0x0000000008005050       0x10 zephyr/lib/libc/picolibc/liblib__libc__picolibc.a(libc-hooks.c.obj)
                0x0000000008005050                z_impl_zephyr_fputc
 .text.__stdout_hook_install
                0x0000000008005060       0x18 zephyr/lib/libc/picolibc/liblib__libc__picolibc.a(libc-hooks.c.obj)
                0x0000000008005060                __stdout_hook_install
 .text.cbvprintf
                0x0000000008005078       0x38 zephyr/lib/libc/picolibc/liblib__libc__picolibc.a(libc-hooks.c.obj)
                0x0000000008005078                cbvprintf
 .text.malloc_prepare
                0x00000000080050b0       0x24 zephyr/lib/libc/common/liblib__libc__common.a(malloc.c.obj)
 .text.foldcase
                0x00000000080050d4       0x18 zephyr/lib/posix/liblib__posix.a(fnmatch.c.obj)
 .text.stm32_exti_isr
                0x00000000080050ec       0x4c zephyr/drivers/interrupt_controller/libdrivers__interrupt_controller.a(intc_exti_stm32.c.obj)
 .text.stm32_fill_irq_table
                0x0000000008005138       0x18 zephyr/drivers/interrupt_controller/libdrivers__interrupt_controller.a(intc_exti_stm32.c.obj)
 .text.stm32_exti_enable
                0x0000000008005150       0x28 zephyr/drivers/interrupt_controller/libdrivers__interrupt_controller.a(intc_exti_stm32.c.obj)
                0x0000000008005150                stm32_exti_enable
 .text.stm32_exti_disable
                0x0000000008005178       0x1c zephyr/drivers/interrupt_controller/libdrivers__interrupt_controller.a(intc_exti_stm32.c.obj)
                0x0000000008005178                stm32_exti_disable
 .text.stm32_exti_trigger
                0x0000000008005194       0x60 zephyr/drivers/interrupt_controller/libdrivers__interrupt_controller.a(intc_exti_stm32.c.obj)
                0x0000000008005194                stm32_exti_trigger
 .text.stm32_exti_set_callback
                0x00000000080051f4       0x30 zephyr/drivers/interrupt_controller/libdrivers__interrupt_controller.a(intc_exti_stm32.c.obj)
                0x00000000080051f4                stm32_exti_set_callback
 .text.stm32_exti_unset_callback
                0x0000000008005224       0x14 zephyr/drivers/interrupt_controller/libdrivers__interrupt_controller.a(intc_exti_stm32.c.obj)
                0x0000000008005224                stm32_exti_unset_callback
 .text.adc_gain_invert
                0x0000000008005238       0x2c zephyr/drivers/adc/libdrivers__adc.a(adc_common.c.obj)
                0x0000000008005238                adc_gain_invert
 .text.adc_stm32_channel_setup
                0x0000000008005264      0x11c zephyr/drivers/adc/libdrivers__adc.a(adc_stm32.c.obj)
 .text.adc_stm32_isr
                0x0000000008005380       0xd8 zephyr/drivers/adc/libdrivers__adc.a(adc_stm32.c.obj)
 .text.adc_stm32_calibrate.isra.0
                0x0000000008005458       0x7c zephyr/drivers/adc/libdrivers__adc.a(adc_stm32.c.obj)
 .text.adc_stm32_init
                0x00000000080054d4      0x110 zephyr/drivers/adc/libdrivers__adc.a(adc_stm32.c.obj)
 .text.adc_stm32_read
                0x00000000080055e4      0x288 zephyr/drivers/adc/libdrivers__adc.a(adc_stm32.c.obj)
 .text.stm32_clock_control_get_subsys_rate
                0x000000000800586c       0x54 zephyr/drivers/clock_control/libdrivers__clock_control.a(clock_stm32_ll_common.c.obj)
 .text.stm32_clock_control_init
                0x00000000080058c0       0xdc zephyr/drivers/clock_control/libdrivers__clock_control.a(clock_stm32_ll_common.c.obj)
                0x00000000080058c0                stm32_clock_control_init
 .text.uart_console_init
                0x000000000800599c       0x28 zephyr/drivers/console/libdrivers__console.a(uart_console.c.obj)
 .text.console_out
                0x00000000080059c4       0x28 zephyr/drivers/console/libdrivers__console.a(uart_console.c.obj)
 .text.gpio_stm32_init
                0x00000000080059ec       0x30 zephyr/drivers/gpio/libdrivers__gpio.a(gpio_stm32.c.obj)
 .text.gpio_stm32_pin_interrupt_configure
                0x0000000008005a1c       0xe8 zephyr/drivers/gpio/libdrivers__gpio.a(gpio_stm32.c.obj)
 .text.timer_callback
                0x0000000008005b04        0xc zephyr/drivers/lora/libloramac-node.a(hal_common.c.obj)
 .text.RtcGetTimerElapsedTime
                0x0000000008005b10       0x14 zephyr/drivers/lora/libloramac-node.a(hal_common.c.obj)
                0x0000000008005b10                RtcGetTimerElapsedTime
 .text.RtcStopAlarm
                0x0000000008005b24        0xc zephyr/drivers/lora/libloramac-node.a(hal_common.c.obj)
                0x0000000008005b24                RtcStopAlarm
 .text.RtcSetAlarm
                0x0000000008005b30       0x20 zephyr/drivers/lora/libloramac-node.a(hal_common.c.obj)
                0x0000000008005b30                RtcSetAlarm
 .text.RtcSetTimerContext
                0x0000000008005b50       0x10 zephyr/drivers/lora/libloramac-node.a(hal_common.c.obj)
                0x0000000008005b50                RtcSetTimerContext
 .text.RtcGetTimerContext
                0x0000000008005b60        0xc zephyr/drivers/lora/libloramac-node.a(hal_common.c.obj)
                0x0000000008005b60                RtcGetTimerContext
 .text.sx12xx_ev_rx_done
                0x0000000008005b6c       0xac zephyr/drivers/lora/libloramac-node.a(sx12xx_common.c.obj)
 .text.modem_release.constprop.0
                0x0000000008005c18       0x54 zephyr/drivers/lora/libloramac-node.a(sx12xx_common.c.obj)
 .text.sx12xx_ev_tx_done
                0x0000000008005c6c       0x20 zephyr/drivers/lora/libloramac-node.a(sx12xx_common.c.obj)
 .text.__sx12xx_configure_pin
                0x0000000008005c8c       0xdc zephyr/drivers/lora/libloramac-node.a(sx12xx_common.c.obj)
                0x0000000008005c8c                __sx12xx_configure_pin
 .text.sx12xx_lora_send_async
                0x0000000008005d68       0x4c zephyr/drivers/lora/libloramac-node.a(sx12xx_common.c.obj)
                0x0000000008005d68                sx12xx_lora_send_async
 .text.sx12xx_lora_send
                0x0000000008005db4       0xbc zephyr/drivers/lora/libloramac-node.a(sx12xx_common.c.obj)
                0x0000000008005db4                sx12xx_lora_send
 .text.sx12xx_lora_recv
                0x0000000008005e70       0xc4 zephyr/drivers/lora/libloramac-node.a(sx12xx_common.c.obj)
                0x0000000008005e70                sx12xx_lora_recv
 .text.sx12xx_lora_recv_async
                0x0000000008005f34       0x54 zephyr/drivers/lora/libloramac-node.a(sx12xx_common.c.obj)
                0x0000000008005f34                sx12xx_lora_recv_async
 .text.sx12xx_lora_config
                0x0000000008005f88       0xbc zephyr/drivers/lora/libloramac-node.a(sx12xx_common.c.obj)
                0x0000000008005f88                sx12xx_lora_config
 .text.sx12xx_lora_test_cw
                0x0000000008006044       0x40 zephyr/drivers/lora/libloramac-node.a(sx12xx_common.c.obj)
                0x0000000008006044                sx12xx_lora_test_cw
 .text.sx12xx_init
                0x0000000008006084       0x58 zephyr/drivers/lora/libloramac-node.a(sx12xx_common.c.obj)
                0x0000000008006084                sx12xx_init
 .text.sx126x_set_rx_enable
                0x00000000080060dc       0x10 zephyr/drivers/lora/libloramac-node.a(sx126x.c.obj)
 .text.sx126x_set_tx_enable
                0x00000000080060ec       0x10 zephyr/drivers/lora/libloramac-node.a(sx126x.c.obj)
 .text.sx126x_dio1_irq_work_handler.part.0
                0x00000000080060fc       0x1c zephyr/drivers/lora/libloramac-node.a(sx126x.c.obj)
 .text.sx126x_dio1_irq_work_handler
                0x0000000008006118       0x38 zephyr/drivers/lora/libloramac-node.a(sx126x.c.obj)
 .text.sx126x_lora_init
                0x0000000008006150       0xb4 zephyr/drivers/lora/libloramac-node.a(sx126x.c.obj)
 .text.SX126xGetOperatingMode
                0x0000000008006204        0xc zephyr/drivers/lora/libloramac-node.a(sx126x.c.obj)
                0x0000000008006204                SX126xGetOperatingMode
 .text.SX126xSetOperatingMode
                0x0000000008006210       0x4c zephyr/drivers/lora/libloramac-node.a(sx126x.c.obj)
                0x0000000008006210                SX126xSetOperatingMode
 .text.SX126xIoIrqInit
                0x000000000800625c        0xc zephyr/drivers/lora/libloramac-node.a(sx126x.c.obj)
                0x000000000800625c                SX126xIoIrqInit
 .text.SX126xReset
                0x0000000008006268       0x18 zephyr/drivers/lora/libloramac-node.a(sx126x.c.obj)
                0x0000000008006268                SX126xReset
 .text.SX126xWaitOnBusy
                0x0000000008006280       0x1c zephyr/drivers/lora/libloramac-node.a(sx126x.c.obj)
                0x0000000008006280                SX126xWaitOnBusy
 .text.sx126x_spi_transceive.isra.0
                0x000000000800629c       0x84 zephyr/drivers/lora/libloramac-node.a(sx126x.c.obj)
 .text.SX126xWakeup
                0x0000000008006320       0x68 zephyr/drivers/lora/libloramac-node.a(sx126x.c.obj)
                0x0000000008006320                SX126xWakeup
 .text.SX126xGetDio1PinState
                0x0000000008006388        0xc zephyr/drivers/lora/libloramac-node.a(sx126x.c.obj)
                0x0000000008006388                SX126xGetDio1PinState
 .text.sx126x_is_busy
                0x0000000008006394       0x10 zephyr/drivers/lora/libloramac-node.a(sx126x_stm32wl.c.obj)
                0x0000000008006394                sx126x_is_busy
 .text.sx126x_dio1_irq_enable
                0x00000000080063a4       0x14 zephyr/drivers/lora/libloramac-node.a(sx126x_stm32wl.c.obj)
                0x00000000080063a4                sx126x_dio1_irq_enable
 .text.sx126x_variant_init
                0x00000000080063b8       0x28 zephyr/drivers/lora/libloramac-node.a(sx126x_stm32wl.c.obj)
                0x00000000080063b8                sx126x_variant_init
 .text.TimerInsertNewHeadTimer
                0x00000000080063e0       0x18 zephyr/drivers/lora/libloramac-node.a(timer.c.obj)
 .text.TimerStart
                0x00000000080063f8       0x70 zephyr/drivers/lora/libloramac-node.a(timer.c.obj)
                0x00000000080063f8                TimerStart
 .text.TimerIrqHandler
                0x0000000008006468       0x7c zephyr/drivers/lora/libloramac-node.a(timer.c.obj)
                0x0000000008006468                TimerIrqHandler
 .text.TimerStop
                0x00000000080064e4       0x54 zephyr/drivers/lora/libloramac-node.a(timer.c.obj)
                0x00000000080064e4                TimerStop
 .text.SX126xSetCrcSeed
                0x0000000008006538       0x24 zephyr/drivers/lora/libloramac-node.a(sx126x.c.obj)
                0x0000000008006538                SX126xSetCrcSeed
 .text.SX126xSetCrcPolynomial
                0x000000000800655c       0x24 zephyr/drivers/lora/libloramac-node.a(sx126x.c.obj)
                0x000000000800655c                SX126xSetCrcPolynomial
 .text.SX126xSetWhiteningSeed
                0x0000000008006580       0x38 zephyr/drivers/lora/libloramac-node.a(sx126x.c.obj)
                0x0000000008006580                SX126xSetWhiteningSeed
 .text.SX126xSetSleep
                0x00000000080065b8       0x3c zephyr/drivers/lora/libloramac-node.a(sx126x.c.obj)
                0x00000000080065b8                SX126xSetSleep
 .text.SX126xInit
                0x00000000080065f4       0x34 zephyr/drivers/lora/libloramac-node.a(sx126x.c.obj)
                0x00000000080065f4                SX126xInit
 .text.SX126xCalibrateImage
                0x0000000008006628       0x64 zephyr/drivers/lora/libloramac-node.a(sx126x.c.obj)
                0x0000000008006628                SX126xCalibrateImage
 .text.SX126xSetRfFrequency
                0x000000000800668c       0x48 zephyr/drivers/lora/libloramac-node.a(sx126x.c.obj)
                0x000000000800668c                SX126xSetRfFrequency
 .text.SX126xSetPacketType
                0x00000000080066d4       0x20 zephyr/drivers/lora/libloramac-node.a(sx126x.c.obj)
                0x00000000080066d4                SX126xSetPacketType
 .text.SX126xGetPacketType
                0x00000000080066f4        0xc zephyr/drivers/lora/libloramac-node.a(sx126x.c.obj)
                0x00000000080066f4                SX126xGetPacketType
 .text.SX126xSetModulationParams
                0x0000000008006700       0x98 zephyr/drivers/lora/libloramac-node.a(sx126x.c.obj)
                0x0000000008006700                SX126xSetModulationParams
 .text.SX126xSetPacketParams
                0x0000000008006798       0xbc zephyr/drivers/lora/libloramac-node.a(sx126x.c.obj)
                0x0000000008006798                SX126xSetPacketParams
 .text.SX126xGetRxBufferStatus
                0x0000000008006854       0x44 zephyr/drivers/lora/libloramac-node.a(sx126x.c.obj)
                0x0000000008006854                SX126xGetRxBufferStatus
 .text.SX126xGetPacketStatus
                0x0000000008006898       0x78 zephyr/drivers/lora/libloramac-node.a(sx126x.c.obj)
                0x0000000008006898                SX126xGetPacketStatus
 .text.RadioOnTxTimeoutIrq
                0x0000000008006910       0x14 zephyr/drivers/lora/libloramac-node.a(radio.c.obj)
                0x0000000008006910                RadioOnTxTimeoutIrq
 .text.RadioOnRxTimeoutIrq
                0x0000000008006924       0x14 zephyr/drivers/lora/libloramac-node.a(radio.c.obj)
                0x0000000008006924                RadioOnRxTimeoutIrq
 .text.RadioOnDioIrq
                0x0000000008006938        0xc zephyr/drivers/lora/libloramac-node.a(radio.c.obj)
                0x0000000008006938                RadioOnDioIrq
 .text.RadioGetStatus
                0x0000000008006944       0x1c zephyr/drivers/lora/libloramac-node.a(radio.c.obj)
                0x0000000008006944                RadioGetStatus
 .text.RadioSend
                0x0000000008006960       0x5c zephyr/drivers/lora/libloramac-node.a(radio.c.obj)
                0x0000000008006960                RadioSend
 .text.RadioSetTxContinuousWave
                0x00000000080069bc       0x30 zephyr/drivers/lora/libloramac-node.a(radio.c.obj)
                0x00000000080069bc                RadioSetTxContinuousWave
 .text.RadioIrqProcess
                0x00000000080069ec      0x17c zephyr/drivers/lora/libloramac-node.a(radio.c.obj)
                0x00000000080069ec                RadioIrqProcess
 .text.RadioGetFskBandwidthRegValue
                0x0000000008006b68       0x34 zephyr/drivers/lora/libloramac-node.a(radio.c.obj)
 .text.RadioSetMaxPayloadLength
                0x0000000008006b9c       0x30 zephyr/drivers/lora/libloramac-node.a(radio.c.obj)
                0x0000000008006b9c                RadioSetMaxPayloadLength
 .text.RadioRx  0x0000000008006bcc       0x48 zephyr/drivers/lora/libloramac-node.a(radio.c.obj)
                0x0000000008006bcc                RadioRx
 .text.RadioRxBoosted
                0x0000000008006c14       0x48 zephyr/drivers/lora/libloramac-node.a(radio.c.obj)
                0x0000000008006c14                RadioRxBoosted
 .text.RadioTimeOnAir
                0x0000000008006c5c       0xe4 zephyr/drivers/lora/libloramac-node.a(radio.c.obj)
                0x0000000008006c5c                RadioTimeOnAir
 .text.RadioSetPublicNetwork
                0x0000000008006d40       0x3c zephyr/drivers/lora/libloramac-node.a(radio.c.obj)
                0x0000000008006d40                RadioSetPublicNetwork
 .text.RadioSetModem.part.0
                0x0000000008006d7c       0x24 zephyr/drivers/lora/libloramac-node.a(radio.c.obj)
 .text.RadioSetModem
                0x0000000008006da0       0x20 zephyr/drivers/lora/libloramac-node.a(radio.c.obj)
                0x0000000008006da0                RadioSetModem
 .text.RadioSetRxConfig
                0x0000000008006dc0      0x1e0 zephyr/drivers/lora/libloramac-node.a(radio.c.obj)
                0x0000000008006dc0                RadioSetRxConfig
 .text.RadioSetTxConfig
                0x0000000008006fa0      0x194 zephyr/drivers/lora/libloramac-node.a(radio.c.obj)
                0x0000000008006fa0                RadioSetTxConfig
 .text.RadioInit
                0x0000000008007134       0x7c zephyr/drivers/lora/libloramac-node.a(radio.c.obj)
                0x0000000008007134                RadioInit
 .text.pinctrl_configure_pins
                0x00000000080071b0       0x84 zephyr/drivers/pinctrl/libdrivers__pinctrl.a(pinctrl_stm32.c.obj)
                0x00000000080071b0                pinctrl_configure_pins
 .text.regulator_fixed_init
                0x0000000008007234       0x9c zephyr/drivers/regulator/libdrivers__regulator.a(regulator_fixed.c.obj)
 .text.uart_stm32_cfg2ll_stopbits
                0x00000000080072d0       0x38 zephyr/drivers/serial/libdrivers__serial.a(uart_stm32.c.obj)
 .text.uart_stm32_irq_err_enable
                0x0000000008007308       0x4c zephyr/drivers/serial/libdrivers__serial.a(uart_stm32.c.obj)
 .text.uart_stm32_irq_err_disable
                0x0000000008007354       0x4c zephyr/drivers/serial/libdrivers__serial.a(uart_stm32.c.obj)
 .text.lpuartdiv_calc
                0x00000000080073a0       0x30 zephyr/drivers/serial/libdrivers__serial.a(uart_stm32.c.obj)
                0x00000000080073a0                lpuartdiv_calc
 .text.uart_stm32_set_baudrate
                0x00000000080073d0      0x120 zephyr/drivers/serial/libdrivers__serial.a(uart_stm32.c.obj)
 .text.uart_stm32_configure
                0x00000000080074f0       0xf0 zephyr/drivers/serial/libdrivers__serial.a(uart_stm32.c.obj)
 .text.uart_stm32_init
                0x00000000080075e0      0x1dc zephyr/drivers/serial/libdrivers__serial.a(uart_stm32.c.obj)
 .text.spi_stm32_init
                0x00000000080077bc      0x150 zephyr/drivers/spi/libdrivers__spi.a(spi_ll_stm32.c.obj)
 .text.spi_stm32_transceive
                0x000000000800790c      0x578 zephyr/drivers/spi/libdrivers__spi.a(spi_ll_stm32.c.obj)
 .text.elapsed  0x0000000008007e84       0x4c zephyr/drivers/timer/libdrivers__timer.a(cortex_m_systick.c.obj)
 .text.sys_clock_driver_init
                0x0000000008007ed0       0x38 zephyr/drivers/timer/libdrivers__timer.a(cortex_m_systick.c.obj)
 .text.sys_clock_isr
                0x0000000008007f08       0x44 zephyr/drivers/timer/libdrivers__timer.a(cortex_m_systick.c.obj)
                0x0000000008007f08                sys_clock_isr
 .text.sys_clock_set_timeout
                0x0000000008007f4c       0xe8 zephyr/drivers/timer/libdrivers__timer.a(cortex_m_systick.c.obj)
                0x0000000008007f4c                sys_clock_set_timeout
 .text.sys_clock_elapsed
                0x0000000008008034       0x3c zephyr/drivers/timer/libdrivers__timer.a(cortex_m_systick.c.obj)
                0x0000000008008034                sys_clock_elapsed
 .text.sys_clock_cycle_get_32
                0x0000000008008070       0x2c zephyr/drivers/timer/libdrivers__timer.a(cortex_m_systick.c.obj)
                0x0000000008008070                sys_clock_cycle_get_32
 .text.HAL_RCC_GetSysClockFreq
                0x000000000800809c       0xe4 modules/stm32/stm32cube/lib..__modules__hal__stm32__stm32cube.a(stm32wlxx_hal_rcc.c.obj)
                0x000000000800809c                HAL_RCC_GetSysClockFreq
 .text.LL_SetFlashLatency
                0x0000000008008180       0xa4 modules/stm32/stm32cube/lib..__modules__hal__stm32__stm32cube.a(stm32wlxx_ll_utils.c.obj)
                0x0000000008008180                LL_SetFlashLatency
 .text.z_device_get_all_static
                0x0000000008008224       0x18 zephyr/kernel/libkernel.a(device.c.obj)
                0x0000000008008224                z_device_get_all_static
 .text.k_sys_fatal_error_handler
                0x000000000800823c       0x28 zephyr/kernel/libkernel.a(fatal.c.obj)
                0x000000000800823c                k_sys_fatal_error_handler
 .text.z_fatal_error
                0x0000000008008264      0x110 zephyr/kernel/libkernel.a(fatal.c.obj)
                0x0000000008008264                z_fatal_error
 .text.z_sys_init_run_level
                0x0000000008008374       0x48 zephyr/kernel/libkernel.a(init.c.obj)
 .text.bg_thread_main
                0x00000000080083bc       0x34 zephyr/kernel/libkernel.a(init.c.obj)
 .text.z_bss_zero
                0x00000000080083f0       0x18 zephyr/kernel/libkernel.a(init.c.obj)
                0x00000000080083f0                z_bss_zero
 .text.z_init_cpu
                0x0000000008008408       0x94 zephyr/kernel/libkernel.a(init.c.obj)
                0x0000000008008408                z_init_cpu
 .text.z_cstart
                0x000000000800849c       0xdc zephyr/kernel/libkernel.a(init.c.obj)
                0x000000000800849c                z_cstart
 .text.k_thread_foreach
                0x0000000008008578       0x34 zephyr/kernel/libkernel.a(thread.c.obj)
                0x0000000008008578                k_thread_foreach
 .text.z_thread_monitor_exit
                0x00000000080085ac       0x3c zephyr/kernel/libkernel.a(thread.c.obj)
                0x00000000080085ac                z_thread_monitor_exit
 .text.z_impl_k_thread_name_set
                0x00000000080085e8       0x20 zephyr/kernel/libkernel.a(thread.c.obj)
                0x00000000080085e8                z_impl_k_thread_name_set
 .text.k_thread_state_str
                0x0000000008008608       0x90 zephyr/kernel/libkernel.a(thread.c.obj)
                0x0000000008008608                k_thread_state_str
 .text.z_setup_new_thread
                0x0000000008008698       0xe0 zephyr/kernel/libkernel.a(thread.c.obj)
                0x0000000008008698                z_setup_new_thread
 .text.z_impl_k_thread_create
                0x0000000008008778       0x58 zephyr/kernel/libkernel.a(thread.c.obj)
                0x0000000008008778                z_impl_k_thread_create
 .text.z_init_static_threads
                0x00000000080087d0       0x98 zephyr/kernel/libkernel.a(thread.c.obj)
                0x00000000080087d0                z_init_static_threads
 .text.sys_kernel_version_get
                0x0000000008008868        0x8 zephyr/kernel/libkernel.a(version.c.obj)
                0x0000000008008868                sys_kernel_version_get
 .text.z_impl_k_mutex_unlock
                0x0000000008008870       0x7c zephyr/kernel/libkernel.a(mutex.c.obj)
                0x0000000008008870                z_impl_k_mutex_unlock
 .text.z_impl_k_mutex_lock
                0x00000000080088ec       0xf4 zephyr/kernel/libkernel.a(mutex.c.obj)
                0x00000000080088ec                z_impl_k_mutex_lock
 .text.z_impl_k_sem_give
                0x00000000080089e0       0x4c zephyr/kernel/libkernel.a(sem.c.obj)
                0x00000000080089e0                z_impl_k_sem_give
 .text.z_impl_k_sem_take
                0x0000000008008a2c       0x50 zephyr/kernel/libkernel.a(sem.c.obj)
                0x0000000008008a2c                z_impl_k_sem_take
 .text.work_queue_main
                0x0000000008008a7c      0x138 zephyr/kernel/libkernel.a(work.c.obj)
 .text.submit_to_queue_locked
                0x0000000008008bb4       0xb4 zephyr/kernel/libkernel.a(work.c.obj)
 .text.k_work_submit
                0x0000000008008c68        0xc zephyr/kernel/libkernel.a(work.c.obj)
                0x0000000008008c68                k_work_submit
 .text.k_work_queue_start
                0x0000000008008c74       0x70 zephyr/kernel/libkernel.a(work.c.obj)
                0x0000000008008c74                k_work_queue_start
 .text.sliceable
                0x0000000008008ce4       0x3c zephyr/kernel/libkernel.a(sched.c.obj)
 .text.slice_timeout
                0x0000000008008d20       0x20 zephyr/kernel/libkernel.a(sched.c.obj)
 .text.z_reset_time_slice
                0x0000000008008d40       0x50 zephyr/kernel/libkernel.a(sched.c.obj)
                0x0000000008008d40                z_reset_time_slice
 .text.update_cache
                0x0000000008008d90       0x3c zephyr/kernel/libkernel.a(sched.c.obj)
 .text.move_thread_to_end_of_prio_q
                0x0000000008008dcc       0x74 zephyr/kernel/libkernel.a(sched.c.obj)
 .text.ready_thread
                0x0000000008008e40       0x68 zephyr/kernel/libkernel.a(sched.c.obj)
 .text.unready_thread
                0x0000000008008ea8       0x30 zephyr/kernel/libkernel.a(sched.c.obj)
 .text.pend_locked
                0x0000000008008ed8       0x30 zephyr/kernel/libkernel.a(sched.c.obj)
 .text.z_thread_halt
                0x0000000008008f08       0xac zephyr/kernel/libkernel.a(sched.c.obj)
 .text.z_time_slice
                0x0000000008008fb4       0x60 zephyr/kernel/libkernel.a(sched.c.obj)
                0x0000000008008fb4                z_time_slice
 .text.z_pend_curr
                0x0000000008009014       0x3c zephyr/kernel/libkernel.a(sched.c.obj)
                0x0000000008009014                z_pend_curr
 .text.z_set_prio
                0x0000000008009050       0x8c zephyr/kernel/libkernel.a(sched.c.obj)
                0x0000000008009050                z_set_prio
 .text.z_reschedule
                0x00000000080090dc       0x24 zephyr/kernel/libkernel.a(sched.c.obj)
                0x00000000080090dc                z_reschedule
 .text.z_sched_start
                0x0000000008009100       0x3c zephyr/kernel/libkernel.a(sched.c.obj)
                0x0000000008009100                z_sched_start
 .text.k_sched_lock
                0x000000000800913c       0x28 zephyr/kernel/libkernel.a(sched.c.obj)
                0x000000000800913c                k_sched_lock
 .text.k_sched_unlock
                0x0000000008009164       0x38 zephyr/kernel/libkernel.a(sched.c.obj)
                0x0000000008009164                k_sched_unlock
 .text.z_sched_init
                0x000000000800919c       0x10 zephyr/kernel/libkernel.a(sched.c.obj)
                0x000000000800919c                z_sched_init
 .text.z_impl_k_yield
                0x00000000080091ac       0x7c zephyr/kernel/libkernel.a(sched.c.obj)
                0x00000000080091ac                z_impl_k_yield
 .text.z_tick_sleep
                0x0000000008009228       0x88 zephyr/kernel/libkernel.a(sched.c.obj)
 .text.z_impl_k_sleep
                0x00000000080092b0       0x3c zephyr/kernel/libkernel.a(sched.c.obj)
                0x00000000080092b0                z_impl_k_sleep
 .text.z_impl_k_sched_current_thread_query
                0x00000000080092ec        0xc zephyr/kernel/libkernel.a(sched.c.obj)
                0x00000000080092ec                z_impl_k_sched_current_thread_query
 .text.z_sched_wait
                0x00000000080092f8       0x24 zephyr/kernel/libkernel.a(sched.c.obj)
                0x00000000080092f8                z_sched_wait
 .text.z_data_copy
                0x000000000800931c       0x34 zephyr/kernel/libkernel.a(xip.c.obj)
                0x000000000800931c                z_data_copy
 .text.elapsed  0x0000000008009350       0x14 zephyr/kernel/libkernel.a(timeout.c.obj)
 .text.next_timeout
                0x0000000008009364       0x40 zephyr/kernel/libkernel.a(timeout.c.obj)
 .text.remove_timeout
                0x00000000080093a4       0x38 zephyr/kernel/libkernel.a(timeout.c.obj)
 .text.z_add_timeout
                0x00000000080093dc       0xec zephyr/kernel/libkernel.a(timeout.c.obj)
                0x00000000080093dc                z_add_timeout
 .text.sys_clock_announce
                0x00000000080094c8       0xd4 zephyr/kernel/libkernel.a(timeout.c.obj)
                0x00000000080094c8                sys_clock_announce
 .text.sys_clock_tick_get
                0x000000000800959c       0x34 zephyr/kernel/libkernel.a(timeout.c.obj)
                0x000000000800959c                sys_clock_tick_get
 .text.z_timer_expiration_handler
                0x00000000080095d0       0xe4 zephyr/kernel/libkernel.a(timer.c.obj)
                0x00000000080095d0                z_timer_expiration_handler
 .text.z_impl_k_timer_start
                0x00000000080096b4       0x74 zephyr/kernel/libkernel.a(timer.c.obj)
                0x00000000080096b4                z_impl_k_timer_start
 .text.z_impl_k_poll
                0x0000000008009728       0xb8 zephyr/kernel/libkernel.a(poll.c.obj)
                0x0000000008009728                z_impl_k_poll
 .text.z_impl_k_poll_signal_raise
                0x00000000080097e0       0x50 zephyr/kernel/libkernel.a(poll.c.obj)
                0x00000000080097e0                z_impl_k_poll_signal_raise
 .text.boot_banner
                0x0000000008009830        0xc zephyr/kernel/libkernel.a(banner.c.obj)
                0x0000000008009830                boot_banner
 .text.k_sys_work_q_init
                0x000000000800983c       0x34 zephyr/kernel/libkernel.a(system_work_q.c.obj)
 .text.snprintf
                0x0000000008009870       0x58 /home/cezary/zephyr-sdk-0.16.4/arm-zephyr-eabi/bin/../lib/gcc/../../picolibc/arm-zephyr-eabi/lib/thumb/v7e-m/nofp/libc.a(libc_tinystdio_snprintf.c.o)
                0x0000000008009870                snprintf
 .text.strtol   0x00000000080098c8       0xe0 /home/cezary/zephyr-sdk-0.16.4/arm-zephyr-eabi/bin/../lib/gcc/../../picolibc/arm-zephyr-eabi/lib/thumb/v7e-m/nofp/libc.a(libc_tinystdio_strtol.c.o)
                0x00000000080098c8                strtol
 .text.strtoul  0x00000000080099a8       0xc8 /home/cezary/zephyr-sdk-0.16.4/arm-zephyr-eabi/bin/../lib/gcc/../../picolibc/arm-zephyr-eabi/lib/thumb/v7e-m/nofp/libc.a(libc_tinystdio_strtoul.c.o)
                0x00000000080099a8                strtoul
 .text.__l_vfprintf
                0x0000000008009a70      0x4ac /home/cezary/zephyr-sdk-0.16.4/arm-zephyr-eabi/bin/../lib/gcc/../../picolibc/arm-zephyr-eabi/lib/thumb/v7e-m/nofp/libc.a(libc_tinystdio_vflprintf.c.o)
                0x0000000008009a70                __l_vfprintf
 .text._OffsetAbsSyms
                0x0000000008009f1c        0x2 zephyr/CMakeFiles/offsets.dir/./arch/arm/core/offsets/offsets.c.obj
                0x0000000008009f1c                _OffsetAbsSyms
 .text.gpio_pin_configure
                0x0000000008009f1e       0x1c app/libapp.a(main.c.obj)
 .text.gpios_config
                0x0000000008009f3a       0x34 app/libapp.a(main.c.obj)
                0x0000000008009f3a                gpios_config
 .text.set_led  0x0000000008009f6e       0x50 app/libapp.a(main.c.obj)
                0x0000000008009f6e                set_led
 .text.cbpprintf_external
                0x0000000008009fbe       0x62 zephyr/libzephyr.a(cbprintf_packaged.c.obj)
                0x0000000008009fbe                cbpprintf_external
 .text.is_ptr   0x000000000800a020       0x4a zephyr/libzephyr.a(cbprintf_packaged.c.obj)
                0x000000000800a020                is_ptr
 .text.arch_printk_char_out
                0x000000000800a06a        0x4 zephyr/libzephyr.a(printk.c.obj)
                0x000000000800a06a                arch_printk_char_out
 .text.printk   0x000000000800a06e       0x1a zephyr/libzephyr.a(printk.c.obj)
                0x000000000800a06e                printk
 .text.chunk_size
                0x000000000800a088        0xa zephyr/libzephyr.a(heap.c.obj)
 .text.free_list_add
                0x000000000800a092       0x4e zephyr/libzephyr.a(heap.c.obj)
 .text.sys_heap_init
                0x000000000800a0e0       0x7a zephyr/libzephyr.a(heap.c.obj)
                0x000000000800a0e0                sys_heap_init
 .text.ring_buf_put_claim
                0x000000000800a15a       0x3e zephyr/libzephyr.a(ring_buffer.c.obj)
                0x000000000800a15a                ring_buf_put_claim
 .text.ring_buf_put_finish
                0x000000000800a198       0x2a zephyr/libzephyr.a(ring_buffer.c.obj)
                0x000000000800a198                ring_buf_put_finish
 .text.ring_buf_put
                0x000000000800a1c2       0x3e zephyr/libzephyr.a(ring_buffer.c.obj)
                0x000000000800a1c2                ring_buf_put
 .text.ring_buf_get_claim
                0x000000000800a200       0x40 zephyr/libzephyr.a(ring_buffer.c.obj)
                0x000000000800a200                ring_buf_get_claim
 .text.ring_buf_get_finish
                0x000000000800a240       0x2a zephyr/libzephyr.a(ring_buffer.c.obj)
                0x000000000800a240                ring_buf_get_finish
 .text.ring_buf_get
                0x000000000800a26a       0x40 zephyr/libzephyr.a(ring_buffer.c.obj)
                0x000000000800a26a                ring_buf_get
 .text.free_space
                0x000000000800a2aa       0x26 zephyr/libzephyr.a(mpsc_pbuf.c.obj)
 .text.get_usage
                0x000000000800a2d0       0x22 zephyr/libzephyr.a(mpsc_pbuf.c.obj)
 .text.idx_inc  0x000000000800a2f2       0x1c zephyr/libzephyr.a(mpsc_pbuf.c.obj)
 .text.rd_idx_inc
                0x000000000800a30e       0x18 zephyr/libzephyr.a(mpsc_pbuf.c.obj)
 .text.add_skip_item
                0x000000000800a326       0x3a zephyr/libzephyr.a(mpsc_pbuf.c.obj)
 .text.drop_item_locked
                0x000000000800a360       0xee zephyr/libzephyr.a(mpsc_pbuf.c.obj)
 .text.post_drop_action
                0x000000000800a44e       0x36 zephyr/libzephyr.a(mpsc_pbuf.c.obj)
 .text.max_utilization_update
                0x000000000800a484       0x1a zephyr/libzephyr.a(mpsc_pbuf.c.obj)
 .text.mpsc_pbuf_init
                0x000000000800a49e       0x42 zephyr/libzephyr.a(mpsc_pbuf.c.obj)
                0x000000000800a49e                mpsc_pbuf_init
 .text.mpsc_pbuf_alloc
                0x000000000800a4e0       0xfc zephyr/libzephyr.a(mpsc_pbuf.c.obj)
                0x000000000800a4e0                mpsc_pbuf_alloc
 .text.mpsc_pbuf_commit
                0x000000000800a5dc       0x40 zephyr/libzephyr.a(mpsc_pbuf.c.obj)
                0x000000000800a5dc                mpsc_pbuf_commit
 .text.mpsc_pbuf_claim
                0x000000000800a61c       0xa4 zephyr/libzephyr.a(mpsc_pbuf.c.obj)
                0x000000000800a61c                mpsc_pbuf_claim
 .text.mpsc_pbuf_free
                0x000000000800a6c0       0x78 zephyr/libzephyr.a(mpsc_pbuf.c.obj)
                0x000000000800a6c0                mpsc_pbuf_free
 .text.mpsc_pbuf_is_pending
                0x000000000800a738       0x1a zephyr/libzephyr.a(mpsc_pbuf.c.obj)
                0x000000000800a738                mpsc_pbuf_is_pending
 .text._ConfigAbsSyms
                0x000000000800a752        0x2 zephyr/libzephyr.a(configs.c.obj)
                0x000000000800a752                _ConfigAbsSyms
 .text.log_msg_generic_get_wlen
                0x000000000800a754       0x20 zephyr/libzephyr.a(log_core.c.obj)
 .text.dummy_timestamp
                0x000000000800a774        0x4 zephyr/libzephyr.a(log_core.c.obj)
 .text.atomic_inc
                0x000000000800a778       0x1a zephyr/libzephyr.a(log_core.c.obj)
 .text.default_lf_get_timestamp
                0x000000000800a792       0x10 zephyr/libzephyr.a(log_core.c.obj)
 .text.z_log_vprintk
                0x000000000800a7a2       0x1c zephyr/libzephyr.a(log_core.c.obj)
                0x000000000800a7a2                z_log_vprintk
 .text.z_log_notify_drop
                0x000000000800a7be        0x6 zephyr/libzephyr.a(log_core.c.obj)
 .text.z_log_get_tag
                0x000000000800a7c4        0x4 zephyr/libzephyr.a(log_core.c.obj)
                0x000000000800a7c4                z_log_get_tag
 .text.log_backend_disable
                0x000000000800a7c8       0x18 zephyr/libzephyr.a(log_mgmt.c.obj)
                0x000000000800a7c8                log_backend_disable
 .text.z_cbprintf_cpy
                0x000000000800a7e0       0x2c zephyr/libzephyr.a(log_msg.c.obj)
 .text.z_log_msg_finalize
                0x000000000800a80c       0x32 zephyr/libzephyr.a(log_msg.c.obj)
                0x000000000800a80c                z_log_msg_finalize
 .text.z_log_msg_simple_create
                0x000000000800a83e       0x6e zephyr/libzephyr.a(log_msg.c.obj)
 .text.z_impl_z_log_msg_simple_create_0
                0x000000000800a8ac       0x12 zephyr/libzephyr.a(log_msg.c.obj)
                0x000000000800a8ac                z_impl_z_log_msg_simple_create_0
 .text.z_impl_z_log_msg_simple_create_1
                0x000000000800a8be       0x14 zephyr/libzephyr.a(log_msg.c.obj)
                0x000000000800a8be                z_impl_z_log_msg_simple_create_1
 .text.z_impl_z_log_msg_simple_create_2
                0x000000000800a8d2       0x18 zephyr/libzephyr.a(log_msg.c.obj)
                0x000000000800a8d2                z_impl_z_log_msg_simple_create_2
 .text.buffer_write
                0x000000000800a8ea       0x1a zephyr/libzephyr.a(log_output.c.obj)
 .text.log_output_flush
                0x000000000800a904       0x1a zephyr/libzephyr.a(log_output.c.obj)
                0x000000000800a904                log_output_flush
 .text.out_func
                0x000000000800a91e       0x36 zephyr/libzephyr.a(log_output.c.obj)
 .text.cr_out_func
                0x000000000800a954       0x1c zephyr/libzephyr.a(log_output.c.obj)
 .text.log_msg_generic_get_wlen
                0x000000000800a970       0x20 zephyr/libzephyr.a(shell_uart.c.obj)
 .text.uart_irq_tx_disable
                0x000000000800a990        0xa zephyr/libzephyr.a(shell_uart.c.obj)
 .text.enable   0x000000000800a99a       0x12 zephyr/libzephyr.a(shell_uart.c.obj)
 .text.read     0x000000000800a9ac       0x12 zephyr/libzephyr.a(shell_uart.c.obj)
 .text.uninit   0x000000000800a9be       0x20 zephyr/libzephyr.a(shell_uart.c.obj)
 .text.write    0x000000000800a9de       0x6c zephyr/libzephyr.a(shell_uart.c.obj)
 .text.cmd_buffer_clear
                0x000000000800aa4a       0x12 zephyr/libzephyr.a(shell.c.obj)
 .text.atomic_or
                0x000000000800aa5c       0x1e zephyr/libzephyr.a(shell.c.obj)
 .text.atomic_and
                0x000000000800aa7a       0x1e zephyr/libzephyr.a(shell.c.obj)
 .text.shell_signal_handle
                0x000000000800aa98       0x2c zephyr/libzephyr.a(shell.c.obj)
 .text.z_shell_strlen
                0x000000000800aac4        0xc zephyr/libzephyr.a(shell.c.obj)
 .text.z_shell_raw_fprintf
                0x000000000800aad0       0x1a zephyr/libzephyr.a(shell.c.obj)
 .text.k_mutex_lock.constprop.0.isra.0
                0x000000000800aaea        0x4 zephyr/libzephyr.a(shell.c.obj)
 .text.transport_evt_handler
                0x000000000800aaee       0x14 zephyr/libzephyr.a(shell.c.obj)
 .text.z_flag_cmd_ctx_set.isra.0
                0x000000000800ab02       0x16 zephyr/libzephyr.a(shell.c.obj)
 .text.z_flag_history_exit_set.isra.0
                0x000000000800ab18       0x14 zephyr/libzephyr.a(shell.c.obj)
 .text.z_flag_insert_mode_set.isra.0
                0x000000000800ab2c       0x1e zephyr/libzephyr.a(shell.c.obj)
 .text.k_mutex_unlock.isra.0
                0x000000000800ab4a        0x4 zephyr/libzephyr.a(shell.c.obj)
 .text.shell_log_process
                0x000000000800ab4e       0x46 zephyr/libzephyr.a(shell.c.obj)
 .text.shell_vfprintf
                0x000000000800ab94       0x8a zephyr/libzephyr.a(shell.c.obj)
                0x000000000800ab94                shell_vfprintf
 .text.shell_fprintf
                0x000000000800ac1e       0x1a zephyr/libzephyr.a(shell.c.obj)
                0x000000000800ac1e                shell_fprintf
 .text.shell_prompt_change
                0x000000000800ac38       0x20 zephyr/libzephyr.a(shell.c.obj)
                0x000000000800ac38                shell_prompt_change
 .text.shell_help
                0x000000000800ac58       0x2a zephyr/libzephyr.a(shell.c.obj)
                0x000000000800ac58                shell_help
 .text.shell_get_return_value
                0x000000000800ac82       0x10 zephyr/libzephyr.a(shell.c.obj)
                0x000000000800ac82                shell_get_return_value
 .text.shell_set_bypass
                0x000000000800ac92        0xc zephyr/libzephyr.a(shell.c.obj)
                0x000000000800ac92                shell_set_bypass
 .text.z_shell_fprintf_buffer_flush
                0x000000000800ac9e       0x18 zephyr/libzephyr.a(shell_fprintf.c.obj)
                0x000000000800ac9e                z_shell_fprintf_buffer_flush
 .text.out_func
                0x000000000800acb6       0x3c zephyr/libzephyr.a(shell_fprintf.c.obj)
 .text.z_shell_strlen
                0x000000000800acf2        0xc zephyr/libzephyr.a(shell_utils.c.obj)
 .text.z_column_span_with_buffer_offsets_get
                0x000000000800acfe       0x1e zephyr/libzephyr.a(shell_utils.c.obj)
                0x000000000800acfe                z_column_span_with_buffer_offsets_get
 .text.z_row_span_with_buffer_offsets_get
                0x000000000800ad1c       0x16 zephyr/libzephyr.a(shell_utils.c.obj)
                0x000000000800ad1c                z_row_span_with_buffer_offsets_get
 .text.z_shell_multiline_data_calc
                0x000000000800ad32       0x2c zephyr/libzephyr.a(shell_utils.c.obj)
                0x000000000800ad32                z_shell_multiline_data_calc
 .text.z_shell_pattern_remove
                0x000000000800ad5e       0x4e zephyr/libzephyr.a(shell_utils.c.obj)
                0x000000000800ad5e                z_shell_pattern_remove
 .text.z_shell_find_cmd
                0x000000000800adac       0x56 zephyr/libzephyr.a(shell_utils.c.obj)
                0x000000000800adac                z_shell_find_cmd
 .text.z_shell_get_last_command
                0x000000000800ae02       0x5c zephyr/libzephyr.a(shell_utils.c.obj)
                0x000000000800ae02                z_shell_get_last_command
 .text.z_shell_raw_fprintf
                0x000000000800ae5e       0x1a zephyr/libzephyr.a(shell_ops.c.obj)
 .text.full_line_cmd.isra.0
                0x000000000800ae78       0x24 zephyr/libzephyr.a(shell_ops.c.obj)
 .text.z_shell_cursor_in_empty_line
                0x000000000800ae9c       0x2e zephyr/libzephyr.a(shell_ops.c.obj)
                0x000000000800ae9c                z_shell_cursor_in_empty_line
 .text.z_shell_op_cond_next_line
                0x000000000800aeca       0x1e zephyr/libzephyr.a(shell_ops.c.obj)
                0x000000000800aeca                z_shell_op_cond_next_line
 .text.z_shell_op_cursor_position_synchronize
                0x000000000800aee8       0x46 zephyr/libzephyr.a(shell_ops.c.obj)
                0x000000000800aee8                z_shell_op_cursor_position_synchronize
 .text.z_shell_op_cursor_move
                0x000000000800af2e       0x48 zephyr/libzephyr.a(shell_ops.c.obj)
                0x000000000800af2e                z_shell_op_cursor_move
 .text.z_shell_op_cursor_home_move
                0x000000000800af76        0xc zephyr/libzephyr.a(shell_ops.c.obj)
                0x000000000800af76                z_shell_op_cursor_home_move
 .text.z_shell_op_cursor_end_move
                0x000000000800af82        0xe zephyr/libzephyr.a(shell_ops.c.obj)
                0x000000000800af82                z_shell_op_cursor_end_move
 .text.z_shell_op_left_arrow
                0x000000000800af90       0x10 zephyr/libzephyr.a(shell_ops.c.obj)
                0x000000000800af90                z_shell_op_left_arrow
 .text.z_shell_op_right_arrow
                0x000000000800afa0       0x12 zephyr/libzephyr.a(shell_ops.c.obj)
                0x000000000800afa0                z_shell_op_right_arrow
 .text.z_shell_op_delete_from_cursor
                0x000000000800afb2       0x16 zephyr/libzephyr.a(shell_ops.c.obj)
                0x000000000800afb2                z_shell_op_delete_from_cursor
 .text.z_shell_cmd_line_erase
                0x000000000800afc8       0x34 zephyr/libzephyr.a(shell_ops.c.obj)
                0x000000000800afc8                z_shell_cmd_line_erase
 .text.z_shell_write
                0x000000000800affc       0x88 zephyr/libzephyr.a(shell_ops.c.obj)
                0x000000000800affc                z_shell_write
 .text.z_shell_print_stream
                0x000000000800b084        0x4 zephyr/libzephyr.a(shell_ops.c.obj)
                0x000000000800b084                z_shell_print_stream
 .text.z_shell_vfprintf
                0x000000000800b088       0x4a zephyr/libzephyr.a(shell_ops.c.obj)
                0x000000000800b088                z_shell_vfprintf
 .text.z_shell_fprintf
                0x000000000800b0d2       0x1a zephyr/libzephyr.a(shell_ops.c.obj)
                0x000000000800b0d2                z_shell_fprintf
 .text.data_insert
                0x000000000800b0ec       0x66 zephyr/libzephyr.a(shell_ops.c.obj)
 .text.z_shell_op_completion_insert
                0x000000000800b152        0x4 zephyr/libzephyr.a(shell_ops.c.obj)
                0x000000000800b152                z_shell_op_completion_insert
 .text.z_shell_op_char_delete
                0x000000000800b156       0x36 zephyr/libzephyr.a(shell_ops.c.obj)
                0x000000000800b156                z_shell_op_char_delete
 .text.z_shell_op_char_backspace
                0x000000000800b18c       0x22 zephyr/libzephyr.a(shell_ops.c.obj)
                0x000000000800b18c                z_shell_op_char_backspace
 .text.process_msg_from_buffer
                0x000000000800b1ae       0x34 zephyr/libzephyr.a(shell_log_backend.c.obj)
 .text.dropped  0x000000000800b1e2       0x38 zephyr/libzephyr.a(shell_log_backend.c.obj)
 .text.process  0x000000000800b21a      0x126 zephyr/libzephyr.a(shell_log_backend.c.obj)
 .text.z_shell_log_backend_output_func
                0x000000000800b340       0x14 zephyr/libzephyr.a(shell_log_backend.c.obj)
                0x000000000800b340                z_shell_log_backend_output_func
 .text.z_shell_log_backend_enable
                0x000000000800b354       0x2e zephyr/libzephyr.a(shell_log_backend.c.obj)
                0x000000000800b354                z_shell_log_backend_enable
 .text.z_shell_log_backend_disable
                0x000000000800b382       0x12 zephyr/libzephyr.a(shell_log_backend.c.obj)
                0x000000000800b382                z_shell_log_backend_disable
 .text.panic    0x000000000800b394       0x70 zephyr/libzephyr.a(shell_log_backend.c.obj)
 .text.z_shell_log_backend_process
                0x000000000800b404       0x66 zephyr/libzephyr.a(shell_log_backend.c.obj)
                0x000000000800b404                z_shell_log_backend_process
 .text.z_shell_raw_fprintf
                0x000000000800b46a       0x1a zephyr/libzephyr.a(shell_help.c.obj)
 .text.cmd_comment
                0x000000000800b484        0x4 zephyr/libzephyr.a(shell_cmds.c.obj)
 .text.cmd_shell_stats_reset
                0x000000000800b488        0x8 zephyr/libzephyr.a(shell_cmds.c.obj)
 .text.z_shell_raw_fprintf
                0x000000000800b490       0x1a zephyr/libzephyr.a(shell_cmds.c.obj)
 .text.cmd_prompt_on
                0x000000000800b4aa        0xc zephyr/libzephyr.a(shell_cmds.c.obj)
 .text.cmd_vt100_off
                0x000000000800b4b6       0x22 zephyr/libzephyr.a(shell_cmds.c.obj)
 .text.cmd_bacskpace_mode_delete
                0x000000000800b4d8       0x22 zephyr/libzephyr.a(shell_cmds.c.obj)
 .text.cmd_colors_off
                0x000000000800b4fa       0x22 zephyr/libzephyr.a(shell_cmds.c.obj)
 .text.cmd_bacskpace_mode_backspace
                0x000000000800b51c       0x22 zephyr/libzephyr.a(shell_cmds.c.obj)
 .text.cmd_echo_off
                0x000000000800b53e       0x22 zephyr/libzephyr.a(shell_cmds.c.obj)
 .text.cmd_colors_on
                0x000000000800b560       0x22 zephyr/libzephyr.a(shell_cmds.c.obj)
 .text.cmd_vt100_on
                0x000000000800b582       0x22 zephyr/libzephyr.a(shell_cmds.c.obj)
 .text.cmd_echo_on
                0x000000000800b5a4       0x22 zephyr/libzephyr.a(shell_cmds.c.obj)
 .text.remove_from_tail.part.0
                0x000000000800b5c6       0x24 zephyr/libzephyr.a(shell_history.c.obj)
 .text.z_shell_history_mode_exit
                0x000000000800b5ea        0x6 zephyr/libzephyr.a(shell_history.c.obj)
                0x000000000800b5ea                z_shell_history_mode_exit
 .text.z_shell_history_get
                0x000000000800b5f0       0x56 zephyr/libzephyr.a(shell_history.c.obj)
                0x000000000800b5f0                z_shell_history_get
 .text.z_shell_history_purge
                0x000000000800b646       0x18 zephyr/libzephyr.a(shell_history.c.obj)
                0x000000000800b646                z_shell_history_purge
 .text.z_shell_history_put
                0x000000000800b65e       0xd0 zephyr/libzephyr.a(shell_history.c.obj)
                0x000000000800b65e                z_shell_history_put
 .text.z_shell_history_init
                0x000000000800b72e        0xc zephyr/libzephyr.a(shell_history.c.obj)
                0x000000000800b72e                z_shell_history_init
 .text.z_shell_has_wildcard
                0x000000000800b73a       0x28 zephyr/libzephyr.a(shell_wildcard.c.obj)
                0x000000000800b73a                z_shell_has_wildcard
 .text.z_shell_wildcard_prepare
                0x000000000800b762       0x40 zephyr/libzephyr.a(shell_wildcard.c.obj)
                0x000000000800b762                z_shell_wildcard_prepare
 .text.z_shell_wildcard_finalize
                0x000000000800b7a2       0x1e zephyr/libzephyr.a(shell_wildcard.c.obj)
                0x000000000800b7a2                z_shell_wildcard_finalize
 .text.z_do_kernel_oops
                0x000000000800b7c0        0x8 zephyr/arch/arch/arm/core/libarch__arm__core.a(fatal.c.obj)
                0x000000000800b7c0                z_do_kernel_oops
 .text.z_arm_nmi
                0x000000000800b7c8        0xe zephyr/arch/arch/arm/core/libarch__arm__core.a(nmi.c.obj)
                0x000000000800b7c8                z_arm_nmi
 .text.z_log_msg_simple_create_0.constprop.0
                0x000000000800b7d6        0x8 zephyr/arch/arch/arm/core/cortex_m/libarch__arm__core__cortex_m.a(fault.c.obj)
 .text.z_irq_spurious
                0x000000000800b7de        0x8 zephyr/arch/arch/arm/core/cortex_m/libarch__arm__core__cortex_m.a(irq_manage.c.obj)
                0x000000000800b7de                z_irq_spurious
 .text.size_to_mpu_rasr_size
                0x000000000800b7e6       0x20 zephyr/arch/arch/arm/core/mpu/libarch__arm__core__mpu.a(arm_mpu.c.obj)
 .text.cbputc   0x000000000800b806        0xc zephyr/lib/libc/picolibc/liblib__libc__picolibc.a(libc-hooks.c.obj)
 .text.picolibc_put
                0x000000000800b812        0xa zephyr/lib/libc/picolibc/liblib__libc__picolibc.a(libc-hooks.c.obj)
 .text.fnmatchx
                0x000000000800b81c      0x23c zephyr/lib/posix/liblib__posix.a(fnmatch.c.obj)
 .text.fnmatch  0x000000000800ba58        0x6 zephyr/lib/posix/liblib__posix.a(fnmatch.c.obj)
                0x000000000800ba58                fnmatch
 .text.stm32_exti_init
                0x000000000800ba5e       0x92 zephyr/drivers/interrupt_controller/libdrivers__interrupt_controller.a(intc_exti_stm32.c.obj)
 .text.adc_stm32_cfg_func_0
                0x000000000800baf0       0x16 zephyr/drivers/adc/libdrivers__adc.a(adc_stm32.c.obj)
 .text.z_log_msg_simple_create_0.constprop.0
                0x000000000800bb06        0x8 zephyr/drivers/adc/libdrivers__adc.a(adc_stm32.c.obj)
 .text.adc_context_start_sampling
                0x000000000800bb0e       0x22 zephyr/drivers/adc/libdrivers__adc.a(adc_stm32.c.obj)
 .text.adc_context_on_timer_expired
                0x000000000800bb30       0x2e zephyr/drivers/adc/libdrivers__adc.a(adc_stm32.c.obj)
 .text.adc_stm32_enable.isra.0
                0x000000000800bb5e       0x32 zephyr/drivers/adc/libdrivers__adc.a(adc_stm32.c.obj)
 .text.adc_stm32_disable
                0x000000000800bb90       0x3a zephyr/drivers/adc/libdrivers__adc.a(adc_stm32.c.obj)
 .text.stm32_clock_control_on
                0x000000000800bbca       0x20 zephyr/drivers/clock_control/libdrivers__clock_control.a(clock_stm32_ll_common.c.obj)
 .text.stm32_clock_control_off
                0x000000000800bbea       0x20 zephyr/drivers/clock_control/libdrivers__clock_control.a(clock_stm32_ll_common.c.obj)
 .text.stm32_clock_control_get_status
                0x000000000800bc0a       0x30 zephyr/drivers/clock_control/libdrivers__clock_control.a(clock_stm32_ll_common.c.obj)
 .text.stm32_clock_control_configure
                0x000000000800bc3a       0x50 zephyr/drivers/clock_control/libdrivers__clock_control.a(clock_stm32_ll_common.c.obj)
 .text.config_enable_default_clocks
                0x000000000800bc8a        0x2 zephyr/drivers/clock_control/libdrivers__clock_control.a(clock_stm32l4_l5_wb_wl.c.obj)
                0x000000000800bc8a                config_enable_default_clocks
 .text.gpio_stm32_port_get_raw
                0x000000000800bc8c        0xc zephyr/drivers/gpio/libdrivers__gpio.a(gpio_stm32.c.obj)
 .text.gpio_stm32_port_set_masked_raw
                0x000000000800bc98       0x12 zephyr/drivers/gpio/libdrivers__gpio.a(gpio_stm32.c.obj)
 .text.gpio_stm32_port_set_bits_raw
                0x000000000800bcaa        0xa zephyr/drivers/gpio/libdrivers__gpio.a(gpio_stm32.c.obj)
 .text.gpio_stm32_port_clear_bits_raw
                0x000000000800bcb4        0xa zephyr/drivers/gpio/libdrivers__gpio.a(gpio_stm32.c.obj)
 .text.gpio_stm32_port_toggle_bits
                0x000000000800bcbe        0xe zephyr/drivers/gpio/libdrivers__gpio.a(gpio_stm32.c.obj)
 .text.gpio_stm32_manage_callback
                0x000000000800bccc       0x52 zephyr/drivers/gpio/libdrivers__gpio.a(gpio_stm32.c.obj)
 .text.gpio_stm32_configure_raw.isra.0
                0x000000000800bd1e      0x106 zephyr/drivers/gpio/libdrivers__gpio.a(gpio_stm32.c.obj)
 .text.gpio_stm32_config
                0x000000000800be24       0x72 zephyr/drivers/gpio/libdrivers__gpio.a(gpio_stm32.c.obj)
 .text.gpio_stm32_isr
                0x000000000800be96       0x2e zephyr/drivers/gpio/libdrivers__gpio.a(gpio_stm32.c.obj)
 .text.gpio_stm32_configure
                0x000000000800bec4       0x2a zephyr/drivers/gpio/libdrivers__gpio.a(gpio_stm32.c.obj)
                0x000000000800bec4                gpio_stm32_configure
 .text.timer_work_handler
                0x000000000800beee        0x4 zephyr/drivers/lora/libloramac-node.a(hal_common.c.obj)
 .text.k_uptime_get_32
                0x000000000800bef2       0x10 zephyr/drivers/lora/libloramac-node.a(hal_common.c.obj)
 .text.RtcGetTimerValue
                0x000000000800bf02        0x4 zephyr/drivers/lora/libloramac-node.a(hal_common.c.obj)
                0x000000000800bf02                RtcGetTimerValue
 .text.RtcGetMinimumTimeout
                0x000000000800bf06        0x4 zephyr/drivers/lora/libloramac-node.a(hal_common.c.obj)
                0x000000000800bf06                RtcGetMinimumTimeout
 .text.DelayMsMcu
                0x000000000800bf0a        0xa zephyr/drivers/lora/libloramac-node.a(hal_common.c.obj)
                0x000000000800bf0a                DelayMsMcu
 .text.RtcMs2Tick
                0x000000000800bf14        0x2 zephyr/drivers/lora/libloramac-node.a(hal_common.c.obj)
                0x000000000800bf14                RtcMs2Tick
 .text.RtcTick2Ms
                0x000000000800bf16        0x2 zephyr/drivers/lora/libloramac-node.a(hal_common.c.obj)
                0x000000000800bf16                RtcTick2Ms
 .text.BoardCriticalSectionBegin
                0x000000000800bf18       0x14 zephyr/drivers/lora/libloramac-node.a(hal_common.c.obj)
                0x000000000800bf18                BoardCriticalSectionBegin
 .text.BoardCriticalSectionEnd
                0x000000000800bf2c        0xc zephyr/drivers/lora/libloramac-node.a(hal_common.c.obj)
                0x000000000800bf2c                BoardCriticalSectionEnd
 .text.sx12xx_ev_tx_timed_out
                0x000000000800bf38        0x4 zephyr/drivers/lora/libloramac-node.a(sx12xx_common.c.obj)
 .text.gpio_pin_set.isra.0
                0x000000000800bf3c       0x20 zephyr/drivers/lora/libloramac-node.a(sx126x.c.obj)
 .text.SX126xAntSwOn
                0x000000000800bf5c        0x2 zephyr/drivers/lora/libloramac-node.a(sx126x.c.obj)
                0x000000000800bf5c                SX126xAntSwOn
 .text.SX126xAntSwOff
                0x000000000800bf5e        0x2 zephyr/drivers/lora/libloramac-node.a(sx126x.c.obj)
                0x000000000800bf5e                SX126xAntSwOff
 .text.SX126xGetBoardTcxoWakeupTime
                0x000000000800bf60        0x4 zephyr/drivers/lora/libloramac-node.a(sx126x.c.obj)
                0x000000000800bf60                SX126xGetBoardTcxoWakeupTime
 .text.SX126xGetDeviceId
                0x000000000800bf64        0x4 zephyr/drivers/lora/libloramac-node.a(sx126x.c.obj)
                0x000000000800bf64                SX126xGetDeviceId
 .text.SX126xIoTcxoInit
                0x000000000800bf68       0x18 zephyr/drivers/lora/libloramac-node.a(sx126x.c.obj)
                0x000000000800bf68                SX126xIoTcxoInit
 .text.SX126xIoRfSwitchInit
                0x000000000800bf80        0x6 zephyr/drivers/lora/libloramac-node.a(sx126x.c.obj)
                0x000000000800bf80                SX126xIoRfSwitchInit
 .text.SX126xSetRfTxPower
                0x000000000800bf86        0x6 zephyr/drivers/lora/libloramac-node.a(sx126x.c.obj)
                0x000000000800bf86                SX126xSetRfTxPower
 .text.SX126xWriteBuffer
                0x000000000800bf8c       0x22 zephyr/drivers/lora/libloramac-node.a(sx126x.c.obj)
                0x000000000800bf8c                SX126xWriteBuffer
 .text.SX126xReadBuffer
                0x000000000800bfae       0x26 zephyr/drivers/lora/libloramac-node.a(sx126x.c.obj)
                0x000000000800bfae                SX126xReadBuffer
 .text.SX126xWriteCommand
                0x000000000800bfd4       0x1c zephyr/drivers/lora/libloramac-node.a(sx126x.c.obj)
                0x000000000800bfd4                SX126xWriteCommand
 .text.SX126xReadCommand
                0x000000000800bff0       0x24 zephyr/drivers/lora/libloramac-node.a(sx126x.c.obj)
                0x000000000800bff0                SX126xReadCommand
 .text.SX126xWriteRegisters
                0x000000000800c014       0x28 zephyr/drivers/lora/libloramac-node.a(sx126x.c.obj)
                0x000000000800c014                SX126xWriteRegisters
 .text.SX126xWriteRegister
                0x000000000800c03c       0x16 zephyr/drivers/lora/libloramac-node.a(sx126x.c.obj)
                0x000000000800c03c                SX126xWriteRegister
 .text.SX126xReadRegisters
                0x000000000800c052       0x2c zephyr/drivers/lora/libloramac-node.a(sx126x.c.obj)
                0x000000000800c052                SX126xReadRegisters
 .text.SX126xReadRegister
                0x000000000800c07e       0x16 zephyr/drivers/lora/libloramac-node.a(sx126x.c.obj)
                0x000000000800c07e                SX126xReadRegister
 .text.radio_isr
                0x000000000800c094       0x16 zephyr/drivers/lora/libloramac-node.a(sx126x_stm32wl.c.obj)
 .text.sx126x_reset
                0x000000000800c0aa       0x32 zephyr/drivers/lora/libloramac-node.a(sx126x_stm32wl.c.obj)
                0x000000000800c0aa                sx126x_reset
 .text.sx126x_get_dio1_pin_state
                0x000000000800c0dc        0x4 zephyr/drivers/lora/libloramac-node.a(sx126x_stm32wl.c.obj)
                0x000000000800c0dc                sx126x_get_dio1_pin_state
 .text.sx126x_dio1_irq_disable
                0x000000000800c0e0        0x6 zephyr/drivers/lora/libloramac-node.a(sx126x_stm32wl.c.obj)
                0x000000000800c0e0                sx126x_dio1_irq_disable
 .text.sx126x_set_tx_params
                0x000000000800c0e6       0x58 zephyr/drivers/lora/libloramac-node.a(sx126x_stm32wl.c.obj)
                0x000000000800c0e6                sx126x_set_tx_params
 .text.TimerSetTimeout
                0x000000000800c13e       0x2c zephyr/drivers/lora/libloramac-node.a(timer.c.obj)
 .text.TimerInit
                0x000000000800c16a       0x10 zephyr/drivers/lora/libloramac-node.a(timer.c.obj)
                0x000000000800c16a                TimerInit
 .text.TimerSetValue
                0x000000000800c17a       0x22 zephyr/drivers/lora/libloramac-node.a(timer.c.obj)
                0x000000000800c17a                TimerSetValue
 .text.TimerGetCurrentTime
                0x000000000800c19c        0xe zephyr/drivers/lora/libloramac-node.a(timer.c.obj)
                0x000000000800c19c                TimerGetCurrentTime
 .text.TimerGetElapsedTime
                0x000000000800c1aa       0x1e zephyr/drivers/lora/libloramac-node.a(timer.c.obj)
                0x000000000800c1aa                TimerGetElapsedTime
 .text.DelayMs  0x000000000800c1c8        0x4 zephyr/drivers/lora/libloramac-node.a(delay.c.obj)
                0x000000000800c1c8                DelayMs
 .text.SX126xCheckDeviceReady
                0x000000000800c1cc       0x22 zephyr/drivers/lora/libloramac-node.a(sx126x.c.obj)
                0x000000000800c1cc                SX126xCheckDeviceReady
 .text.SX126xSetPayload
                0x000000000800c1ee        0xa zephyr/drivers/lora/libloramac-node.a(sx126x.c.obj)
                0x000000000800c1ee                SX126xSetPayload
 .text.SX126xSetSyncWord
                0x000000000800c1f8       0x12 zephyr/drivers/lora/libloramac-node.a(sx126x.c.obj)
                0x000000000800c1f8                SX126xSetSyncWord
 .text.SX126xSetStandby
                0x000000000800c20a       0x28 zephyr/drivers/lora/libloramac-node.a(sx126x.c.obj)
                0x000000000800c20a                SX126xSetStandby
 .text.SX126xSetTx
                0x000000000800c232       0x28 zephyr/drivers/lora/libloramac-node.a(sx126x.c.obj)
                0x000000000800c232                SX126xSetTx
 .text.SX126xSendPayload
                0x000000000800c25a       0x12 zephyr/drivers/lora/libloramac-node.a(sx126x.c.obj)
                0x000000000800c25a                SX126xSendPayload
 .text.SX126xSetRx
                0x000000000800c26c       0x32 zephyr/drivers/lora/libloramac-node.a(sx126x.c.obj)
                0x000000000800c26c                SX126xSetRx
 .text.SX126xGetRandom
                0x000000000800c29e       0x68 zephyr/drivers/lora/libloramac-node.a(sx126x.c.obj)
                0x000000000800c29e                SX126xGetRandom
 .text.SX126xSetRxBoosted
                0x000000000800c306       0x32 zephyr/drivers/lora/libloramac-node.a(sx126x.c.obj)
                0x000000000800c306                SX126xSetRxBoosted
 .text.SX126xSetRxDutyCycle
                0x000000000800c338       0x34 zephyr/drivers/lora/libloramac-node.a(sx126x.c.obj)
                0x000000000800c338                SX126xSetRxDutyCycle
 .text.SX126xSetCad
                0x000000000800c36c       0x16 zephyr/drivers/lora/libloramac-node.a(sx126x.c.obj)
                0x000000000800c36c                SX126xSetCad
 .text.SX126xSetTxContinuousWave
                0x000000000800c382       0x16 zephyr/drivers/lora/libloramac-node.a(sx126x.c.obj)
                0x000000000800c382                SX126xSetTxContinuousWave
 .text.SX126xSetStopRxTimerOnPreambleDetect
                0x000000000800c398       0x18 zephyr/drivers/lora/libloramac-node.a(sx126x.c.obj)
                0x000000000800c398                SX126xSetStopRxTimerOnPreambleDetect
 .text.SX126xSetLoRaSymbNumTimeout
                0x000000000800c3b0       0x56 zephyr/drivers/lora/libloramac-node.a(sx126x.c.obj)
                0x000000000800c3b0                SX126xSetLoRaSymbNumTimeout
 .text.SX126xSetRegulatorMode
                0x000000000800c406       0x18 zephyr/drivers/lora/libloramac-node.a(sx126x.c.obj)