Archive member included to satisfy reference by file (symbol)

app/libapp.a(main.c.obj)      (--whole-archive)
zephyr/libzephyr.a(cbprintf_packaged.c.obj)
                              (--whole-archive)
zephyr/libzephyr.a(dec.c.obj)
                              (--whole-archive)
zephyr/libzephyr.a(hex.c.obj)
                              (--whole-archive)
zephyr/libzephyr.a(printk.c.obj)
                              (--whole-archive)
zephyr/libzephyr.a(rb.c.obj)  (--whole-archive)
zephyr/libzephyr.a(sem.c.obj)
                              (--whole-archive)
zephyr/libzephyr.a(thread_entry.c.obj)
                              (--whole-archive)
zephyr/libzephyr.a(timeutil.c.obj)
                              (--whole-archive)
zephyr/libzephyr.a(heap.c.obj)
                              (--whole-archive)
zephyr/libzephyr.a(heap-validate.c.obj)
                              (--whole-archive)
zephyr/libzephyr.a(bitarray.c.obj)
                              (--whole-archive)
zephyr/libzephyr.a(multi_heap.c.obj)
                              (--whole-archive)
zephyr/libzephyr.a(cbprintf_complete.c.obj)
                              (--whole-archive)
zephyr/libzephyr.a(assert.c.obj)
                              (--whole-archive)
zephyr/libzephyr.a(mpsc_pbuf.c.obj)
                              (--whole-archive)
zephyr/libzephyr.a(configs.c.obj)
                              (--whole-archive)
zephyr/libzephyr.a(soc.c.obj)
                              (--whole-archive)
zephyr/libzephyr.a(stm32cube_hal.c.obj)
                              (--whole-archive)
zephyr/libzephyr.a(soc_config.c.obj)
                              (--whole-archive)
zephyr/libzephyr.a(log_core.c.obj)
                              (--whole-archive)
zephyr/libzephyr.a(log_mgmt.c.obj)
                              (--whole-archive)
zephyr/libzephyr.a(log_cache.c.obj)
                              (--whole-archive)
zephyr/libzephyr.a(log_msg.c.obj)
                              (--whole-archive)
zephyr/libzephyr.a(log_output.c.obj)
                              (--whole-archive)
zephyr/libzephyr.a(log_backend_uart.c.obj)
                              (--whole-archive)
zephyr/libzephyr.a(mem_attr.c.obj)
                              (--whole-archive)
zephyr/libzephyr.a(tracing_none.c.obj)
                              (--whole-archive)
zephyr/arch/common/libarch__common.a(sw_isr_common.c.obj)
                              (--whole-archive)
zephyr/arch/arch/arm/core/libarch__arm__core.a(fatal.c.obj)
                              (--whole-archive)
zephyr/arch/arch/arm/core/libarch__arm__core.a(nmi.c.obj)
                              (--whole-archive)
zephyr/arch/arch/arm/core/libarch__arm__core.a(nmi_on_reset.S.obj)
                              (--whole-archive)
zephyr/arch/arch/arm/core/libarch__arm__core.a(tls.c.obj)
                              (--whole-archive)
zephyr/arch/arch/arm/core/cortex_m/libarch__arm__core__cortex_m.a(exc_exit.S.obj)
                              (--whole-archive)
zephyr/arch/arch/arm/core/cortex_m/libarch__arm__core__cortex_m.a(fault.c.obj)
                              (--whole-archive)
zephyr/arch/arch/arm/core/cortex_m/libarch__arm__core__cortex_m.a(fault_s.S.obj)
                              (--whole-archive)
zephyr/arch/arch/arm/core/cortex_m/libarch__arm__core__cortex_m.a(fpu.c.obj)
                              (--whole-archive)
zephyr/arch/arch/arm/core/cortex_m/libarch__arm__core__cortex_m.a(reset.S.obj)
                              (--whole-archive)
zephyr/arch/arch/arm/core/cortex_m/libarch__arm__core__cortex_m.a(scb.c.obj)
                              (--whole-archive)
zephyr/arch/arch/arm/core/cortex_m/libarch__arm__core__cortex_m.a(thread_abort.c.obj)
                              (--whole-archive)
zephyr/arch/arch/arm/core/cortex_m/libarch__arm__core__cortex_m.a(vector_table.S.obj)
                              (--whole-archive)
zephyr/arch/arch/arm/core/cortex_m/libarch__arm__core__cortex_m.a(swap.c.obj)
                              (--whole-archive)
zephyr/arch/arch/arm/core/cortex_m/libarch__arm__core__cortex_m.a(swap_helper.S.obj)
                              (--whole-archive)
zephyr/arch/arch/arm/core/cortex_m/libarch__arm__core__cortex_m.a(irq_manage.c.obj)
                              (--whole-archive)
zephyr/arch/arch/arm/core/cortex_m/libarch__arm__core__cortex_m.a(prep_c.c.obj)
                              (--whole-archive)
zephyr/arch/arch/arm/core/cortex_m/libarch__arm__core__cortex_m.a(thread.c.obj)
                              (--whole-archive)
zephyr/arch/arch/arm/core/cortex_m/libarch__arm__core__cortex_m.a(cpu_idle.S.obj)
                              (--whole-archive)
zephyr/arch/arch/arm/core/cortex_m/libarch__arm__core__cortex_m.a(irq_init.c.obj)
                              (--whole-archive)
zephyr/arch/arch/arm/core/cortex_m/libarch__arm__core__cortex_m.a(isr_wrapper.S.obj)
                              (--whole-archive)
[...]
Memory Configuration

Name             Origin             Length             Attributes
FLASH            0x0000000008000000 0x0000000000040000 xr
RAM              0x0000000020000000 0x0000000000010000 xw
IDT_LIST         0x00000000fffff7ff 0x0000000000000800 xw
*default*        0x0000000000000000 0xffffffffffffffff

Linker script and memory map

                0x00000000080062ec                vfprintf = __d_vfprintf
                0x0000000000000000                vfscanf = __d_vfscanf
LOAD zephyr/CMakeFiles/zephyr_pre0.dir/misc/empty_file.c.obj
LOAD zephyr/CMakeFiles/offsets.dir/./arch/arm/core/offsets/offsets.c.obj
LOAD app/libapp.a
LOAD zephyr/libzephyr.a
LOAD zephyr/arch/common/libarch__common.a
LOAD zephyr/arch/arch/arm/core/libarch__arm__core.a
LOAD zephyr/arch/arch/arm/core/cortex_m/libarch__arm__core__cortex_m.a
LOAD zephyr/arch/arch/arm/core/mpu/libarch__arm__core__mpu.a
LOAD zephyr/lib/libc/picolibc/liblib__libc__picolibc.a
LOAD zephyr/lib/libc/common/liblib__libc__common.a
LOAD zephyr/drivers/interrupt_controller/libdrivers__interrupt_controller.a
LOAD zephyr/drivers/clock_control/libdrivers__clock_control.a
LOAD zephyr/drivers/console/libdrivers__console.a
LOAD zephyr/drivers/gpio/libdrivers__gpio.a
LOAD zephyr/drivers/lora/libloramac-node.a
LOAD zephyr/drivers/pinctrl/libdrivers__pinctrl.a
LOAD zephyr/drivers/regulator/libdrivers__regulator.a
LOAD zephyr/drivers/reset/libdrivers__reset.a
LOAD zephyr/drivers/serial/libdrivers__serial.a
LOAD zephyr/drivers/spi/libdrivers__spi.a
LOAD zephyr/drivers/timer/libdrivers__timer.a
LOAD modules/stm32/stm32cube/lib..__modules__hal__stm32__stm32cube.a
LOAD zephyr/kernel/libkernel.a
LOAD /home/cezary/zephyr-sdk-0.16.4/arm-zephyr-eabi/bin/../lib/gcc/arm-zephyr-eabi/12.2.0/thumb/v7e-m/nofp/libgcc.a
LOAD zephyr/arch/common/libisr_tables.a
LOAD /home/cezary/zephyr-sdk-0.16.4/arm-zephyr-eabi/bin/../lib/gcc/../../picolibc/arm-zephyr-eabi/lib/thumb/v7e-m/nofp/libc.a
LOAD /home/cezary/zephyr-sdk-0.16.4/arm-zephyr-eabi/bin/../lib/gcc/arm-zephyr-eabi/12.2.0/thumb/v7e-m/nofp/libgcc.a
                0x0000000000000020                _region_min_align = 0x20

.rel.plt        0x0000000008000000        0x0
 *(SORT_BY_ALIGNMENT(.rel.plt))
                [!provide]                        PROVIDE (__rel_iplt_start = .)
 *(SORT_BY_ALIGNMENT(.rel.iplt))
 .rel.iplt      0x0000000008000000        0x0 app/libapp.a(main.c.obj)
                [!provide]                        PROVIDE (__rel_iplt_end = .)

.rela.plt       0x0000000000000000        0x0
 *(SORT_BY_ALIGNMENT(.rela.plt))
                [!provide]                        PROVIDE (__rela_iplt_start = .)
 *(SORT_BY_ALIGNMENT(.rela.iplt))
                [!provide]                        PROVIDE (__rela_iplt_end = .)

.rel.dyn
 *(SORT_BY_ALIGNMENT(.rel.*))

.rela.dyn
 *(SORT_BY_ALIGNMENT(.rela.*))

/DISCARD/
 *(SORT_BY_ALIGNMENT(.plt))

/DISCARD/
 *(SORT_BY_ALIGNMENT(.iplt))
                0x0000000008000000                __rom_region_start = 0x8000000

rom_start       0x0000000008000000      0x138
                0x0000000008000000                __rom_start_address = .
 FILL mask 0x00
                0x0000000008000000                . = (. + (0x0 - (. - __rom_start_address)))
                0x0000000008000000                . = ALIGN (0x4)
                0x0000000008000000                . = ALIGN (0x80)
                0x0000000008000000                . = ALIGN (0x200)
                0x0000000008000000                _vector_start = .
 *(SORT_BY_ALIGNMENT(.exc_vector_table))
 *(SORT_BY_ALIGNMENT(.exc_vector_table.*))
 .exc_vector_table._vector_table_section
                0x0000000008000000       0x40 zephyr/arch/arch/arm/core/cortex_m/libarch__arm__core__cortex_m.a(vector_table.S.obj)
                0x0000000008000000                _vector_table
 *(SORT_BY_ALIGNMENT(.vectors))
                0x0000000008000138                _vector_end = .
                0x0000000008000040                . = ALIGN (0x4)
 *(SORT_BY_ALIGNMENT(.gnu.linkonce.irq_vector_table*))
 .gnu.linkonce.irq_vector_table
                0x0000000008000040       0xf8 zephyr/arch/common/libisr_tables.a(isr_tables.c.obj)
                0x0000000008000040                _irq_vector_table
                0x0000000008000138                _vector_end = .

text            0x0000000008000138     0x98d4
                0x0000000008000138                __text_region_start = .
 *(SORT_BY_ALIGNMENT(.text))
 .text          0x0000000008000138       0x30 /home/cezary/zephyr-sdk-0.16.4/arm-zephyr-eabi/bin/../lib/gcc/arm-zephyr-eabi/12.2.0/thumb/v7e-m/nofp/libgcc.a(_aeabi_uldivmod.o)
                0x0000000008000138                __aeabi_uldivmod
 .text          0x0000000008000168        0x4 /home/cezary/zephyr-sdk-0.16.4/arm-zephyr-eabi/bin/../lib/gcc/arm-zephyr-eabi/12.2.0/thumb/v7e-m/nofp/libgcc.a(_dvmd_tls.o)
                0x0000000008000168                __aeabi_ldiv0
                0x0000000008000168                __aeabi_idiv0
 .text          0x000000000800016c      0x2a0 /home/cezary/zephyr-sdk-0.16.4/arm-zephyr-eabi/bin/../lib/gcc/arm-zephyr-eabi/12.2.0/thumb/v7e-m/nofp/libgcc.a(_udivmoddi4.o)
                0x000000000800016c                __udivmoddi4
 .text          0x000000000800040c       0x10 /home/cezary/zephyr-sdk-0.16.4/arm-zephyr-eabi/bin/../lib/gcc/../../picolibc/arm-zephyr-eabi/lib/thumb/v7e-m/nofp/libc.a(strlen.S.o)
                0x000000000800040c                strlen
 *(SORT_BY_ALIGNMENT(.text.*))
 .text.configureRx.part.0
                0x000000000800041c       0x14 app/libapp.a(main.c.obj)
 .text.configureRx
                0x0000000008000430       0x3c app/libapp.a(main.c.obj)
                0x0000000008000430                configureRx
 .text.configureTx
                0x000000000800046c       0x3c app/libapp.a(main.c.obj)
                0x000000000800046c                configureTx
 .text.recev_msg
                0x00000000080004a8       0x98 app/libapp.a(main.c.obj)
                0x00000000080004a8                recev_msg
 .text.send_msg
                0x0000000008000540       0x9c app/libapp.a(main.c.obj)
                0x0000000008000540                send_msg
 .text.main     0x00000000080005dc       0x80 app/libapp.a(main.c.obj)
                0x00000000080005dc                main
 .text.cbvprintf_package
                0x000000000800065c      0x3a4 zephyr/libzephyr.a(cbprintf_packaged.c.obj)
                0x000000000800065c                cbvprintf_package
 .text.cbprintf_package_convert
                0x0000000008000a00      0x3b0 zephyr/libzephyr.a(cbprintf_packaged.c.obj)
                0x0000000008000a00                cbprintf_package_convert
 .text.__printk_hook_install
                0x0000000008000db0        0xc zephyr/libzephyr.a(printk.c.obj)
                0x0000000008000db0                __printk_hook_install
 .text.z_thread_entry
                0x0000000008000dbc       0x34 zephyr/libzephyr.a(thread_entry.c.obj)
                0x0000000008000dbc                z_thread_entry
 .text.stm32wl_init
                0x0000000008000df0       0x28 zephyr/libzephyr.a(soc.c.obj)
 .text.st_stm32_common_config
                0x0000000008000e18       0x14 zephyr/libzephyr.a(soc_config.c.obj)
 .text.activate_foreach_backend
                0x0000000008000e2c       0x64 zephyr/libzephyr.a(log_core.c.obj)
 .text.enable_logger
                0x0000000008000e90       0x5c zephyr/libzephyr.a(log_core.c.obj)
 .text.log_process_thread_timer_expiry_fn
                0x0000000008000eec        0xc zephyr/libzephyr.a(log_core.c.obj)
 .text.z_log_init
                0x0000000008000ef8       0x8c zephyr/libzephyr.a(log_core.c.obj)
 .text.log_format_func_t_get
                0x0000000008000f84        0xc zephyr/libzephyr.a(log_core.c.obj)
                0x0000000008000f84                log_format_func_t_get
 .text.log_set_timestamp_func
                0x0000000008000f90       0x20 zephyr/libzephyr.a(log_core.c.obj)
                0x0000000008000f90                log_set_timestamp_func
 .text.z_log_notify_backend_enabled
                0x0000000008000fb0       0x1c zephyr/libzephyr.a(log_core.c.obj)
                0x0000000008000fb0                z_log_notify_backend_enabled
 .text.z_log_dropped
                0x0000000008000fcc       0x30 zephyr/libzephyr.a(log_core.c.obj)
                0x0000000008000fcc                z_log_dropped
 .text.z_log_dropped_read_and_clear
                0x0000000008000ffc       0x20 zephyr/libzephyr.a(log_core.c.obj)
                0x0000000008000ffc                z_log_dropped_read_and_clear
 .text.dropped_notify
                0x000000000800101c       0x30 zephyr/libzephyr.a(log_core.c.obj)
                0x000000000800101c                dropped_notify
 .text.z_log_msg_init
                0x000000000800104c       0x20 zephyr/libzephyr.a(log_core.c.obj)
                0x000000000800104c                z_log_msg_init
 .text.log_core_init
                0x000000000800106c       0x34 zephyr/libzephyr.a(log_core.c.obj)
                0x000000000800106c                log_core_init
 .text.z_log_msg_alloc
                0x00000000080010a0       0x10 zephyr/libzephyr.a(log_core.c.obj)
                0x00000000080010a0                z_log_msg_alloc
 .text.z_log_msg_local_claim
                0x00000000080010b0        0xc zephyr/libzephyr.a(log_core.c.obj)
                0x00000000080010b0                z_log_msg_local_claim
 .text.z_log_msg_free
                0x00000000080010bc       0x10 zephyr/libzephyr.a(log_core.c.obj)
                0x00000000080010bc                z_log_msg_free
 .text.z_log_msg_pending
                0x00000000080010cc        0xc zephyr/libzephyr.a(log_core.c.obj)
                0x00000000080010cc                z_log_msg_pending
 .text.z_impl_log_process
                0x00000000080010d8       0xb0 zephyr/libzephyr.a(log_core.c.obj)
                0x00000000080010d8                z_impl_log_process
 .text.z_impl_log_panic
                0x0000000008001188       0x44 zephyr/libzephyr.a(log_core.c.obj)
                0x0000000008001188                z_impl_log_panic
 .text.log_process_thread_func
                0x00000000080011cc       0xa4 zephyr/libzephyr.a(log_core.c.obj)
 .text.z_log_msg_post_finalize
                0x0000000008001270       0x78 zephyr/libzephyr.a(log_core.c.obj)
 .text.z_log_msg_commit
                0x00000000080012e8       0x24 zephyr/libzephyr.a(log_core.c.obj)
                0x00000000080012e8                z_log_msg_commit
 .text.log_source_name_get
                0x000000000800130c       0x1c zephyr/libzephyr.a(log_mgmt.c.obj)
                0x000000000800130c                log_source_name_get
 .text.log_backend_enable
                0x0000000008001328       0x28 zephyr/libzephyr.a(log_mgmt.c.obj)
                0x0000000008001328                log_backend_enable
 .text.z_impl_z_log_msg_static_create
                0x0000000008001350      0x108 zephyr/libzephyr.a(log_msg.c.obj)
                0x0000000008001350                z_impl_z_log_msg_static_create
 .text.z_log_msg_runtime_vcreate
                0x0000000008001458       0x8c zephyr/libzephyr.a(log_msg.c.obj)
                0x0000000008001458                z_log_msg_runtime_vcreate
 .text.print_formatted
                0x00000000080014e4       0x24 zephyr/libzephyr.a(log_output.c.obj)
 .text.newline_print
                0x0000000008001508       0x1c zephyr/libzephyr.a(log_output.c.obj)
 .text.log_output_process
                0x0000000008001524      0x2a8 zephyr/libzephyr.a(log_output.c.obj)
                0x0000000008001524                log_output_process
 .text.log_output_msg_process
                0x00000000080017cc       0x70 zephyr/libzephyr.a(log_output.c.obj)
                0x00000000080017cc                log_output_msg_process
 .text.log_output_dropped_process
                0x000000000800183c       0x58 zephyr/libzephyr.a(log_output.c.obj)
                0x000000000800183c                log_output_dropped_process
 .text.log_output_timestamp_freq_set
                0x0000000008001894       0x2c zephyr/libzephyr.a(log_output.c.obj)
                0x0000000008001894                log_output_timestamp_freq_set
 .text.char_out
                0x00000000080018c0       0x24 zephyr/libzephyr.a(log_backend_uart.c.obj)
 .text.mem_attr_get_regions
                0x00000000080018e4        0xc zephyr/libzephyr.a(mem_attr.c.obj)
                0x00000000080018e4                mem_attr_get_regions
 .text.z_arm_fatal_error
                0x00000000080018f0       0xa0 zephyr/arch/arch/arm/core/libarch__arm__core.a(fatal.c.obj)
                0x00000000080018f0                z_arm_fatal_error
 .text.z_SysNmiOnReset
                0x0000000008001990        0x8 zephyr/arch/arch/arm/core/libarch__arm__core.a(nmi_on_reset.S.obj)
                0x0000000008001990                z_SysNmiOnReset
 .text.arch_tls_stack_setup
                0x0000000008001998       0x5c zephyr/arch/arch/arm/core/libarch__arm__core.a(tls.c.obj)
                0x0000000008001998                arch_tls_stack_setup
 .text._HandlerModeExit
                0x00000000080019f4       0x1c zephyr/arch/arch/arm/core/cortex_m/libarch__arm__core__cortex_m.a(exc_exit.S.obj)
                0x00000000080019f4                z_arm_exc_exit
                0x00000000080019f4                z_arm_int_exit
 .text.bus_fault.constprop.0
                0x0000000008001a10       0xb8 zephyr/arch/arch/arm/core/cortex_m/libarch__arm__core__cortex_m.a(fault.c.obj)
 .text.usage_fault.constprop.0
                0x0000000008001ac8       0xa8 zephyr/arch/arch/arm/core/cortex_m/libarch__arm__core__cortex_m.a(fault.c.obj)
 .text.mem_manage_fault
                0x0000000008001b70       0xe4 zephyr/arch/arch/arm/core/cortex_m/libarch__arm__core__cortex_m.a(fault.c.obj)
 .text.z_arm_fault
                0x0000000008001c54      0x1d4 zephyr/arch/arch/arm/core/cortex_m/libarch__arm__core__cortex_m.a(fault.c.obj)
                0x0000000008001c54                z_arm_fault
 .text.z_arm_fault_init
                0x0000000008001e28       0x10 zephyr/arch/arch/arm/core/cortex_m/libarch__arm__core__cortex_m.a(fault.c.obj)
                0x0000000008001e28                z_arm_fault_init
 .text.__fault  0x0000000008001e38       0x14 zephyr/arch/arch/arm/core/cortex_m/libarch__arm__core__cortex_m.a(fault_s.S.obj)
                0x0000000008001e38                z_arm_bus_fault
                0x0000000008001e38                z_arm_usage_fault
                0x0000000008001e38                z_arm_mpu_fault
                0x0000000008001e38                z_arm_exc_spurious
                0x0000000008001e38                z_arm_debug_monitor
                0x0000000008001e38                z_arm_hard_fault
 .text._reset_section
                0x0000000008001e4c       0x2c zephyr/arch/arch/arm/core/cortex_m/libarch__arm__core__cortex_m.a(reset.S.obj)
                0x0000000008001e4c                z_arm_reset
                0x0000000008001e4c                __start
 .text.z_impl_k_thread_abort
                0x0000000008001e78       0x2c zephyr/arch/arch/arm/core/cortex_m/libarch__arm__core__cortex_m.a(thread_abort.c.obj)
                0x0000000008001e78                z_impl_k_thread_abort
 .text.arch_swap
                0x0000000008001ea4       0x30 zephyr/arch/arch/arm/core/cortex_m/libarch__arm__core__cortex_m.a(swap.c.obj)
                0x0000000008001ea4                arch_swap
 .text.z_arm_pendsv
                0x0000000008001ed4       0x64 zephyr/arch/arch/arm/core/cortex_m/libarch__arm__core__cortex_m.a(swap_helper.S.obj)
                0x0000000008001ed4                z_arm_pendsv
 .text.z_arm_svc
                0x0000000008001f38       0x20 zephyr/arch/arch/arm/core/cortex_m/libarch__arm__core__cortex_m.a(swap_helper.S.obj)
                0x0000000008001f38                z_arm_svc
 .text.arch_irq_enable
                0x0000000008001f58       0x1c zephyr/arch/arch/arm/core/cortex_m/libarch__arm__core__cortex_m.a(irq_manage.c.obj)
                0x0000000008001f58                arch_irq_enable
 .text.arch_irq_disable
                0x0000000008001f74       0x28 zephyr/arch/arch/arm/core/cortex_m/libarch__arm__core__cortex_m.a(irq_manage.c.obj)
                0x0000000008001f74                arch_irq_disable
 .text.z_arm_irq_priority_set
                0x0000000008001f9c       0x30 zephyr/arch/arch/arm/core/cortex_m/libarch__arm__core__cortex_m.a(irq_manage.c.obj)
                0x0000000008001f9c                z_arm_irq_priority_set
 .text.z_arm_prep_c
                0x0000000008001fcc       0x2c zephyr/arch/arch/arm/core/cortex_m/libarch__arm__core__cortex_m.a(prep_c.c.obj)
                0x0000000008001fcc                z_arm_prep_c
 .text.arch_new_thread
                0x0000000008001ff8       0x38 zephyr/arch/arch/arm/core/cortex_m/libarch__arm__core__cortex_m.a(thread.c.obj)
                0x0000000008001ff8                arch_new_thread
 .text.z_check_thread_stack_fail
                0x0000000008002030       0x2c zephyr/arch/arch/arm/core/cortex_m/libarch__arm__core__cortex_m.a(thread.c.obj)
                0x0000000008002030                z_check_thread_stack_fail
 .text.arch_switch_to_main_thread
                0x000000000800205c       0x38 zephyr/arch/arch/arm/core/cortex_m/libarch__arm__core__cortex_m.a(thread.c.obj)
                0x000000000800205c                arch_switch_to_main_thread
 .text.z_arm_cpu_idle_init
                0x0000000008002094        0xc zephyr/arch/arch/arm/core/cortex_m/libarch__arm__core__cortex_m.a(cpu_idle.S.obj)
                0x0000000008002094                z_arm_cpu_idle_init
 .text.arch_cpu_idle
                0x00000000080020a0       0x1c zephyr/arch/arch/arm/core/cortex_m/libarch__arm__core__cortex_m.a(cpu_idle.S.obj)
                0x00000000080020a0                arch_cpu_idle
 .text.z_arm_interrupt_init
                0x00000000080020bc       0x18 zephyr/arch/arch/arm/core/cortex_m/libarch__arm__core__cortex_m.a(irq_init.c.obj)
                0x00000000080020bc                z_arm_interrupt_init
 .text._isr_wrapper
                0x00000000080020d4       0x28 zephyr/arch/arch/arm/core/cortex_m/libarch__arm__core__cortex_m.a(isr_wrapper.S.obj)
                0x00000000080020d4                _isr_wrapper
 .text.z_arm_configure_static_mpu_regions
                0x00000000080020fc       0x18 zephyr/arch/arch/arm/core/mpu/libarch__arm__core__mpu.a(arm_core_mpu.c.obj)
                0x00000000080020fc                z_arm_configure_static_mpu_regions
 .text.z_arm_configure_dynamic_mpu_regions
                0x0000000008002114       0x20 zephyr/arch/arch/arm/core/mpu/libarch__arm__core__mpu.a(arm_core_mpu.c.obj)
                0x0000000008002114                z_arm_configure_dynamic_mpu_regions
 .text.region_allocate_and_init
                0x0000000008002134       0x54 zephyr/arch/arch/arm/core/mpu/libarch__arm__core__mpu.a(arm_mpu.c.obj)
 .text.mpu_configure_regions
                0x0000000008002188       0x68 zephyr/arch/arch/arm/core/mpu/libarch__arm__core__mpu.a(arm_mpu.c.obj)
 .text.arm_core_mpu_enable
                0x00000000080021f0       0x18 zephyr/arch/arch/arm/core/mpu/libarch__arm__core__mpu.a(arm_mpu.c.obj)
                0x00000000080021f0                arm_core_mpu_enable
 .text.arm_core_mpu_disable
                0x0000000008002208       0x14 zephyr/arch/arch/arm/core/mpu/libarch__arm__core__mpu.a(arm_mpu.c.obj)
                0x0000000008002208                arm_core_mpu_disable
 .text.arm_core_mpu_configure_static_mpu_regions
                0x000000000800221c       0x14 zephyr/arch/arch/arm/core/mpu/libarch__arm__core__mpu.a(arm_mpu.c.obj)
                0x000000000800221c                arm_core_mpu_configure_static_mpu_regions
 .text.arm_core_mpu_configure_dynamic_mpu_regions
                0x0000000008002230       0x38 zephyr/arch/arch/arm/core/mpu/libarch__arm__core__mpu.a(arm_mpu.c.obj)
                0x0000000008002230                arm_core_mpu_configure_dynamic_mpu_regions
 .text.z_arm_mpu_init
                0x0000000008002268      0x160 zephyr/arch/arch/arm/core/mpu/libarch__arm__core__mpu.a(arm_mpu.c.obj)
                0x0000000008002268                z_arm_mpu_init
 .text.z_impl_zephyr_fputc
                0x00000000080023c8       0x10 zephyr/lib/libc/picolibc/liblib__libc__picolibc.a(libc-hooks.c.obj)
                0x00000000080023c8                z_impl_zephyr_fputc
 .text.__stdout_hook_install
                0x00000000080023d8       0x18 zephyr/lib/libc/picolibc/liblib__libc__picolibc.a(libc-hooks.c.obj)
                0x00000000080023d8                __stdout_hook_install
 .text.cbvprintf
                0x00000000080023f0       0x38 zephyr/lib/libc/picolibc/liblib__libc__picolibc.a(libc-hooks.c.obj)
                0x00000000080023f0                cbvprintf
 .text.malloc_prepare
                0x0000000008002428       0x24 zephyr/lib/libc/common/liblib__libc__common.a(malloc.c.obj)
 .text.stm32_exti_isr
                0x000000000800244c       0x4c zephyr/drivers/interrupt_controller/libdrivers__interrupt_controller.a(intc_exti_stm32.c.obj)
 .text.stm32_fill_irq_table
                0x0000000008002498       0x18 zephyr/drivers/interrupt_controller/libdrivers__interrupt_controller.a(intc_exti_stm32.c.obj)
 .text.stm32_exti_enable
                0x00000000080024b0       0x28 zephyr/drivers/interrupt_controller/libdrivers__interrupt_controller.a(intc_exti_stm32.c.obj)
                0x00000000080024b0                stm32_exti_enable
 .text.stm32_exti_disable
                0x00000000080024d8       0x1c zephyr/drivers/interrupt_controller/libdrivers__interrupt_controller.a(intc_exti_stm32.c.obj)
                0x00000000080024d8                stm32_exti_disable
 .text.stm32_exti_trigger
                0x00000000080024f4       0x60 zephyr/drivers/interrupt_controller/libdrivers__interrupt_controller.a(intc_exti_stm32.c.obj)
                0x00000000080024f4                stm32_exti_trigger
 .text.stm32_exti_set_callback
                0x0000000008002554       0x30 zephyr/drivers/interrupt_controller/libdrivers__interrupt_controller.a(intc_exti_stm32.c.obj)
                0x0000000008002554                stm32_exti_set_callback
 .text.stm32_exti_unset_callback
                0x0000000008002584       0x14 zephyr/drivers/interrupt_controller/libdrivers__interrupt_controller.a(intc_exti_stm32.c.obj)
                0x0000000008002584                stm32_exti_unset_callback
 .text.stm32_clock_control_get_subsys_rate
                0x0000000008002598       0x54 zephyr/drivers/clock_control/libdrivers__clock_control.a(clock_stm32_ll_common.c.obj)
 .text.stm32_clock_control_init
                0x00000000080025ec       0xdc zephyr/drivers/clock_control/libdrivers__clock_control.a(clock_stm32_ll_common.c.obj)
                0x00000000080025ec                stm32_clock_control_init
 .text.uart_console_init
                0x00000000080026c8       0x28 zephyr/drivers/console/libdrivers__console.a(uart_console.c.obj)
 .text.console_out
                0x00000000080026f0       0x28 zephyr/drivers/console/libdrivers__console.a(uart_console.c.obj)
 .text.gpio_stm32_init
                0x0000000008002718       0x30 zephyr/drivers/gpio/libdrivers__gpio.a(gpio_stm32.c.obj)
 .text.gpio_stm32_pin_interrupt_configure
                0x0000000008002748       0xe8 zephyr/drivers/gpio/libdrivers__gpio.a(gpio_stm32.c.obj)
 .text.timer_callback
                0x0000000008002830        0xc zephyr/drivers/lora/libloramac-node.a(hal_common.c.obj)
 .text.RtcGetTimerElapsedTime
                0x000000000800283c       0x14 zephyr/drivers/lora/libloramac-node.a(hal_common.c.obj)
                0x000000000800283c                RtcGetTimerElapsedTime
 .text.RtcStopAlarm
                0x0000000008002850        0xc zephyr/drivers/lora/libloramac-node.a(hal_common.c.obj)
                0x0000000008002850                RtcStopAlarm
 .text.RtcSetAlarm
                0x000000000800285c       0x20 zephyr/drivers/lora/libloramac-node.a(hal_common.c.obj)
                0x000000000800285c                RtcSetAlarm
 .text.RtcSetTimerContext
                0x000000000800287c       0x10 zephyr/drivers/lora/libloramac-node.a(hal_common.c.obj)
                0x000000000800287c                RtcSetTimerContext
 .text.RtcGetTimerContext
                0x000000000800288c        0xc zephyr/drivers/lora/libloramac-node.a(hal_common.c.obj)
                0x000000000800288c                RtcGetTimerContext
 .text.sx12xx_ev_rx_done
                0x0000000008002898       0xac zephyr/drivers/lora/libloramac-node.a(sx12xx_common.c.obj)
 .text.modem_release.constprop.0
                0x0000000008002944       0x54 zephyr/drivers/lora/libloramac-node.a(sx12xx_common.c.obj)
 .text.sx12xx_ev_tx_done
                0x0000000008002998       0x20 zephyr/drivers/lora/libloramac-node.a(sx12xx_common.c.obj)
 .text.__sx12xx_configure_pin
                0x00000000080029b8       0xd0 zephyr/drivers/lora/libloramac-node.a(sx12xx_common.c.obj)
                0x00000000080029b8                __sx12xx_configure_pin
 .text.sx12xx_lora_send_async
                0x0000000008002a88       0x4c zephyr/drivers/lora/libloramac-node.a(sx12xx_common.c.obj)
                0x0000000008002a88                sx12xx_lora_send_async
 .text.sx12xx_lora_send
                0x0000000008002ad4       0xb8 zephyr/drivers/lora/libloramac-node.a(sx12xx_common.c.obj)
                0x0000000008002ad4                sx12xx_lora_send
 .text.sx12xx_lora_recv
                0x0000000008002b8c       0xbc zephyr/drivers/lora/libloramac-node.a(sx12xx_common.c.obj)
                0x0000000008002b8c                sx12xx_lora_recv
 .text.sx12xx_lora_recv_async
                0x0000000008002c48       0x54 zephyr/drivers/lora/libloramac-node.a(sx12xx_common.c.obj)
                0x0000000008002c48                sx12xx_lora_recv_async
 .text.sx12xx_lora_config
                0x0000000008002c9c       0xbc zephyr/drivers/lora/libloramac-node.a(sx12xx_common.c.obj)
                0x0000000008002c9c                sx12xx_lora_config
 .text.sx12xx_lora_test_cw
                0x0000000008002d58       0x40 zephyr/drivers/lora/libloramac-node.a(sx12xx_common.c.obj)
                0x0000000008002d58                sx12xx_lora_test_cw
 .text.sx12xx_init
                0x0000000008002d98       0x58 zephyr/drivers/lora/libloramac-node.a(sx12xx_common.c.obj)
                0x0000000008002d98                sx12xx_init
 .text.sx126x_set_rx_enable
                0x0000000008002df0       0x10 zephyr/drivers/lora/libloramac-node.a(sx126x.c.obj)
 .text.sx126x_set_tx_enable
                0x0000000008002e00       0x10 zephyr/drivers/lora/libloramac-node.a(sx126x.c.obj)
 .text.sx126x_dio1_irq_work_handler.part.0
                0x0000000008002e10       0x14 zephyr/drivers/lora/libloramac-node.a(sx126x.c.obj)
 .text.sx126x_dio1_irq_work_handler
                0x0000000008002e24       0x38 zephyr/drivers/lora/libloramac-node.a(sx126x.c.obj)
 .text.sx126x_lora_init
                0x0000000008002e5c       0xa4 zephyr/drivers/lora/libloramac-node.a(sx126x.c.obj)
 .text.SX126xGetOperatingMode
                0x0000000008002f00        0xc zephyr/drivers/lora/libloramac-node.a(sx126x.c.obj)
                0x0000000008002f00                SX126xGetOperatingMode
 .text.SX126xSetOperatingMode
                0x0000000008002f0c       0x4c zephyr/drivers/lora/libloramac-node.a(sx126x.c.obj)
                0x0000000008002f0c                SX126xSetOperatingMode
 .text.SX126xIoIrqInit
                0x0000000008002f58        0xc zephyr/drivers/lora/libloramac-node.a(sx126x.c.obj)
                0x0000000008002f58                SX126xIoIrqInit
 .text.SX126xReset
                0x0000000008002f64       0x18 zephyr/drivers/lora/libloramac-node.a(sx126x.c.obj)
                0x0000000008002f64                SX126xReset
 .text.SX126xWaitOnBusy
                0x0000000008002f7c       0x1c zephyr/drivers/lora/libloramac-node.a(sx126x.c.obj)
                0x0000000008002f7c                SX126xWaitOnBusy
 .text.sx126x_spi_transceive.isra.0
                0x0000000008002f98       0x7c zephyr/drivers/lora/libloramac-node.a(sx126x.c.obj)
 .text.SX126xWakeup
                0x0000000008003014       0x60 zephyr/drivers/lora/libloramac-node.a(sx126x.c.obj)
                0x0000000008003014                SX126xWakeup
 .text.SX126xGetDio1PinState
                0x0000000008003074        0xc zephyr/drivers/lora/libloramac-node.a(sx126x.c.obj)
                0x0000000008003074                SX126xGetDio1PinState
 .text.sx126x_is_busy
                0x0000000008003080       0x10 zephyr/drivers/lora/libloramac-node.a(sx126x_stm32wl.c.obj)
                0x0000000008003080                sx126x_is_busy
 .text.sx126x_dio1_irq_enable
                0x0000000008003090       0x14 zephyr/drivers/lora/libloramac-node.a(sx126x_stm32wl.c.obj)
                0x0000000008003090                sx126x_dio1_irq_enable
 .text.sx126x_variant_init
                0x00000000080030a4       0x28 zephyr/drivers/lora/libloramac-node.a(sx126x_stm32wl.c.obj)
                0x00000000080030a4                sx126x_variant_init
 .text.TimerInsertNewHeadTimer
                0x00000000080030cc       0x18 zephyr/drivers/lora/libloramac-node.a(timer.c.obj)
 .text.TimerStart
                0x00000000080030e4       0x70 zephyr/drivers/lora/libloramac-node.a(timer.c.obj)
                0x00000000080030e4                TimerStart
 .text.TimerIrqHandler
                0x0000000008003154       0x7c zephyr/drivers/lora/libloramac-node.a(timer.c.obj)
                0x0000000008003154                TimerIrqHandler
 .text.TimerStop
                0x00000000080031d0       0x54 zephyr/drivers/lora/libloramac-node.a(timer.c.obj)
                0x00000000080031d0                TimerStop
 .text.SX126xSetCrcSeed
                0x0000000008003224       0x24 zephyr/drivers/lora/libloramac-node.a(sx126x.c.obj)
                0x0000000008003224                SX126xSetCrcSeed
 .text.SX126xSetCrcPolynomial
                0x0000000008003248       0x24 zephyr/drivers/lora/libloramac-node.a(sx126x.c.obj)
                0x0000000008003248                SX126xSetCrcPolynomial
 .text.SX126xSetWhiteningSeed
                0x000000000800326c       0x38 zephyr/drivers/lora/libloramac-node.a(sx126x.c.obj)
                0x000000000800326c                SX126xSetWhiteningSeed
 .text.SX126xSetSleep
                0x00000000080032a4       0x3c zephyr/drivers/lora/libloramac-node.a(sx126x.c.obj)
                0x00000000080032a4                SX126xSetSleep
 .text.SX126xInit
                0x00000000080032e0       0x34 zephyr/drivers/lora/libloramac-node.a(sx126x.c.obj)
                0x00000000080032e0                SX126xInit
 .text.SX126xCalibrateImage
                0x0000000008003314       0x64 zephyr/drivers/lora/libloramac-node.a(sx126x.c.obj)
                0x0000000008003314                SX126xCalibrateImage
 .text.SX126xSetRfFrequency
                0x0000000008003378       0x48 zephyr/drivers/lora/libloramac-node.a(sx126x.c.obj)
                0x0000000008003378                SX126xSetRfFrequency
 .text.SX126xSetPacketType
                0x00000000080033c0       0x20 zephyr/drivers/lora/libloramac-node.a(sx126x.c.obj)
                0x00000000080033c0                SX126xSetPacketType
 .text.SX126xGetPacketType
                0x00000000080033e0        0xc zephyr/drivers/lora/libloramac-node.a(sx126x.c.obj)
                0x00000000080033e0                SX126xGetPacketType
 .text.SX126xSetModulationParams
                0x00000000080033ec       0x98 zephyr/drivers/lora/libloramac-node.a(sx126x.c.obj)
                0x00000000080033ec                SX126xSetModulationParams
 .text.SX126xSetPacketParams
                0x0000000008003484       0xbc zephyr/drivers/lora/libloramac-node.a(sx126x.c.obj)
                0x0000000008003484                SX126xSetPacketParams
 .text.SX126xGetRxBufferStatus
                0x0000000008003540       0x44 zephyr/drivers/lora/libloramac-node.a(sx126x.c.obj)
                0x0000000008003540                SX126xGetRxBufferStatus
 .text.SX126xGetPacketStatus
                0x0000000008003584       0x78 zephyr/drivers/lora/libloramac-node.a(sx126x.c.obj)
                0x0000000008003584                SX126xGetPacketStatus
 .text.RadioOnTxTimeoutIrq
                0x00000000080035fc       0x14 zephyr/drivers/lora/libloramac-node.a(radio.c.obj)
                0x00000000080035fc                RadioOnTxTimeoutIrq
 .text.RadioOnRxTimeoutIrq
                0x0000000008003610       0x14 zephyr/drivers/lora/libloramac-node.a(radio.c.obj)
                0x0000000008003610                RadioOnRxTimeoutIrq
 .text.RadioOnDioIrq
                0x0000000008003624        0xc zephyr/drivers/lora/libloramac-node.a(radio.c.obj)
                0x0000000008003624                RadioOnDioIrq
 .text.RadioGetStatus
                0x0000000008003630       0x1c zephyr/drivers/lora/libloramac-node.a(radio.c.obj)
                0x0000000008003630                RadioGetStatus
 .text.RadioSend
                0x000000000800364c       0x5c zephyr/drivers/lora/libloramac-node.a(radio.c.obj)
                0x000000000800364c                RadioSend
 .text.RadioSetTxContinuousWave
                0x00000000080036a8       0x30 zephyr/drivers/lora/libloramac-node.a(radio.c.obj)
                0x00000000080036a8                RadioSetTxContinuousWave
 .text.RadioIrqProcess
                0x00000000080036d8      0x17c zephyr/drivers/lora/libloramac-node.a(radio.c.obj)
                0x00000000080036d8                RadioIrqProcess
 .text.RadioGetFskBandwidthRegValue
                0x0000000008003854       0x34 zephyr/drivers/lora/libloramac-node.a(radio.c.obj)
 .text.RadioSetMaxPayloadLength
                0x0000000008003888       0x30 zephyr/drivers/lora/libloramac-node.a(radio.c.obj)
                0x0000000008003888                RadioSetMaxPayloadLength
 .text.RadioRx  0x00000000080038b8       0x48 zephyr/drivers/lora/libloramac-node.a(radio.c.obj)
                0x00000000080038b8                RadioRx
 .text.RadioRxBoosted
                0x0000000008003900       0x48 zephyr/drivers/lora/libloramac-node.a(radio.c.obj)
                0x0000000008003900                RadioRxBoosted
 .text.RadioTimeOnAir
                0x0000000008003948       0xe4 zephyr/drivers/lora/libloramac-node.a(radio.c.obj)
                0x0000000008003948                RadioTimeOnAir
 .text.RadioSetPublicNetwork
                0x0000000008003a2c       0x3c zephyr/drivers/lora/libloramac-node.a(radio.c.obj)
                0x0000000008003a2c                RadioSetPublicNetwork
 .text.RadioSetModem.part.0
                0x0000000008003a68       0x24 zephyr/drivers/lora/libloramac-node.a(radio.c.obj)
 .text.RadioSetModem
                0x0000000008003a8c       0x20 zephyr/drivers/lora/libloramac-node.a(radio.c.obj)
                0x0000000008003a8c                RadioSetModem
 .text.RadioSetRxConfig
                0x0000000008003aac      0x1e0 zephyr/drivers/lora/libloramac-node.a(radio.c.obj)
                0x0000000008003aac                RadioSetRxConfig
 .text.RadioSetTxConfig
                0x0000000008003c8c      0x194 zephyr/drivers/lora/libloramac-node.a(radio.c.obj)
                0x0000000008003c8c                RadioSetTxConfig
 .text.RadioInit
                0x0000000008003e20       0x7c zephyr/drivers/lora/libloramac-node.a(radio.c.obj)
                0x0000000008003e20                RadioInit
 .text.pinctrl_configure_pins
                0x0000000008003e9c       0x84 zephyr/drivers/pinctrl/libdrivers__pinctrl.a(pinctrl_stm32.c.obj)
                0x0000000008003e9c                pinctrl_configure_pins
 .text.regulator_fixed_init
                0x0000000008003f20       0x94 zephyr/drivers/regulator/libdrivers__regulator.a(regulator_fixed.c.obj)
 .text.uart_stm32_cfg2ll_stopbits
                0x0000000008003fb4       0x38 zephyr/drivers/serial/libdrivers__serial.a(uart_stm32.c.obj)
 .text.lpuartdiv_calc
                0x0000000008003fec       0x30 zephyr/drivers/serial/libdrivers__serial.a(uart_stm32.c.obj)
                0x0000000008003fec                lpuartdiv_calc
 .text.uart_stm32_set_baudrate
                0x000000000800401c      0x114 zephyr/drivers/serial/libdrivers__serial.a(uart_stm32.c.obj)
 .text.uart_stm32_configure
                0x0000000008004130       0xf0 zephyr/drivers/serial/libdrivers__serial.a(uart_stm32.c.obj)
 .text.uart_stm32_init
                0x0000000008004220      0x1b4 zephyr/drivers/serial/libdrivers__serial.a(uart_stm32.c.obj)
 .text.spi_stm32_init
                0x00000000080043d4      0x138 zephyr/drivers/spi/libdrivers__spi.a(spi_ll_stm32.c.obj)
 .text.spi_stm32_transceive
                0x000000000800450c      0x564 zephyr/drivers/spi/libdrivers__spi.a(spi_ll_stm32.c.obj)
 .text.elapsed  0x0000000008004a70       0x4c zephyr/drivers/timer/libdrivers__timer.a(cortex_m_systick.c.obj)
 .text.sys_clock_driver_init
                0x0000000008004abc       0x38 zephyr/drivers/timer/libdrivers__timer.a(cortex_m_systick.c.obj)
 .text.sys_clock_isr
                0x0000000008004af4       0x44 zephyr/drivers/timer/libdrivers__timer.a(cortex_m_systick.c.obj)
                0x0000000008004af4                sys_clock_isr
 .text.sys_clock_set_timeout
                0x0000000008004b38       0xe8 zephyr/drivers/timer/libdrivers__timer.a(cortex_m_systick.c.obj)
                0x0000000008004b38                sys_clock_set_timeout
 .text.sys_clock_elapsed
                0x0000000008004c20       0x3c zephyr/drivers/timer/libdrivers__timer.a(cortex_m_systick.c.obj)
                0x0000000008004c20                sys_clock_elapsed
 .text.sys_clock_cycle_get_32
                0x0000000008004c5c       0x2c zephyr/drivers/timer/libdrivers__timer.a(cortex_m_systick.c.obj)
                0x0000000008004c5c                sys_clock_cycle_get_32
 .text.HAL_RCC_GetSysClockFreq
                0x0000000008004c88       0xe4 modules/stm32/stm32cube/lib..__modules__hal__stm32__stm32cube.a(stm32wlxx_hal_rcc.c.obj)
                0x0000000008004c88                HAL_RCC_GetSysClockFreq
 .text.LL_SetFlashLatency
                0x0000000008004d6c       0xa4 modules/stm32/stm32cube/lib..__modules__hal__stm32__stm32cube.a(stm32wlxx_ll_utils.c.obj)
                0x0000000008004d6c                LL_SetFlashLatency
 .text.k_sys_fatal_error_handler
                0x0000000008004e10       0x20 zephyr/kernel/libkernel.a(fatal.c.obj)
                0x0000000008004e10                k_sys_fatal_error_handler
 .text.z_fatal_error
                0x0000000008004e30       0xe8 zephyr/kernel/libkernel.a(fatal.c.obj)
                0x0000000008004e30                z_fatal_error
 .text.z_sys_init_run_level
                0x0000000008004f18       0x48 zephyr/kernel/libkernel.a(init.c.obj)
 .text.bg_thread_main
                0x0000000008004f60       0x34 zephyr/kernel/libkernel.a(init.c.obj)
 .text.z_bss_zero
                0x0000000008004f94       0x18 zephyr/kernel/libkernel.a(init.c.obj)
                0x0000000008004f94                z_bss_zero
 .text.z_init_cpu
                0x0000000008004fac       0x8c zephyr/kernel/libkernel.a(init.c.obj)
                0x0000000008004fac                z_init_cpu
 .text.z_cstart
                0x0000000008005038       0xdc zephyr/kernel/libkernel.a(init.c.obj)
                0x0000000008005038                z_cstart
 .text.z_setup_new_thread
                0x0000000008005114       0x80 zephyr/kernel/libkernel.a(thread.c.obj)
                0x0000000008005114                z_setup_new_thread
 .text.z_impl_k_thread_create
                0x0000000008005194       0x58 zephyr/kernel/libkernel.a(thread.c.obj)
                0x0000000008005194                z_impl_k_thread_create
 .text.z_init_static_threads
                0x00000000080051ec       0x98 zephyr/kernel/libkernel.a(thread.c.obj)
                0x00000000080051ec                z_init_static_threads
 .text.z_impl_k_sem_give
                0x0000000008005284       0x4c zephyr/kernel/libkernel.a(sem.c.obj)
                0x0000000008005284                z_impl_k_sem_give
 .text.z_impl_k_sem_take
                0x00000000080052d0       0x50 zephyr/kernel/libkernel.a(sem.c.obj)
                0x00000000080052d0                z_impl_k_sem_take
 .text.work_queue_main
                0x0000000008005320      0x138 zephyr/kernel/libkernel.a(work.c.obj)
 .text.submit_to_queue_locked
                0x0000000008005458       0xb4 zephyr/kernel/libkernel.a(work.c.obj)
 .text.k_work_submit
                0x000000000800550c        0xc zephyr/kernel/libkernel.a(work.c.obj)
                0x000000000800550c                k_work_submit
 .text.k_work_queue_start
                0x0000000008005518       0x70 zephyr/kernel/libkernel.a(work.c.obj)
                0x0000000008005518                k_work_queue_start
 .text.sliceable
                0x0000000008005588       0x3c zephyr/kernel/libkernel.a(sched.c.obj)
 .text.slice_timeout
                0x00000000080055c4       0x20 zephyr/kernel/libkernel.a(sched.c.obj)
 .text.z_reset_time_slice
                0x00000000080055e4       0x50 zephyr/kernel/libkernel.a(sched.c.obj)
                0x00000000080055e4                z_reset_time_slice
 .text.update_cache
                0x0000000008005634       0x3c zephyr/kernel/libkernel.a(sched.c.obj)
 .text.move_thread_to_end_of_prio_q
                0x0000000008005670       0x74 zephyr/kernel/libkernel.a(sched.c.obj)
 .text.ready_thread
                0x00000000080056e4       0x68 zephyr/kernel/libkernel.a(sched.c.obj)
 .text.unready_thread
                0x000000000800574c       0x30 zephyr/kernel/libkernel.a(sched.c.obj)
 .text.pend_locked
                0x000000000800577c       0x30 zephyr/kernel/libkernel.a(sched.c.obj)
 .text.z_thread_halt
                0x00000000080057ac       0xa0 zephyr/kernel/libkernel.a(sched.c.obj)
 .text.z_time_slice
                0x000000000800584c       0x60 zephyr/kernel/libkernel.a(sched.c.obj)
                0x000000000800584c                z_time_slice
 .text.z_pend_curr
                0x00000000080058ac       0x3c zephyr/kernel/libkernel.a(sched.c.obj)
                0x00000000080058ac                z_pend_curr
 .text.z_reschedule
                0x00000000080058e8       0x24 zephyr/kernel/libkernel.a(sched.c.obj)
                0x00000000080058e8                z_reschedule
 .text.z_sched_start
                0x000000000800590c       0x3c zephyr/kernel/libkernel.a(sched.c.obj)
                0x000000000800590c                z_sched_start
 .text.k_sched_lock
                0x0000000008005948       0x28 zephyr/kernel/libkernel.a(sched.c.obj)
                0x0000000008005948                k_sched_lock
 .text.k_sched_unlock
                0x0000000008005970       0x38 zephyr/kernel/libkernel.a(sched.c.obj)
                0x0000000008005970                k_sched_unlock
 .text.z_sched_init
                0x00000000080059a8       0x10 zephyr/kernel/libkernel.a(sched.c.obj)
                0x00000000080059a8                z_sched_init
 .text.z_impl_k_yield
                0x00000000080059b8       0x7c zephyr/kernel/libkernel.a(sched.c.obj)
                0x00000000080059b8                z_impl_k_yield
 .text.z_tick_sleep
                0x0000000008005a34       0x88 zephyr/kernel/libkernel.a(sched.c.obj)
 .text.z_impl_k_sleep
                0x0000000008005abc       0x3c zephyr/kernel/libkernel.a(sched.c.obj)
                0x0000000008005abc                z_impl_k_sleep
 .text.z_impl_k_sched_current_thread_query
                0x0000000008005af8        0xc zephyr/kernel/libkernel.a(sched.c.obj)
                0x0000000008005af8                z_impl_k_sched_current_thread_query
 .text.z_sched_wait
                0x0000000008005b04       0x24 zephyr/kernel/libkernel.a(sched.c.obj)
                0x0000000008005b04                z_sched_wait
 .text.z_data_copy
                0x0000000008005b28       0x34 zephyr/kernel/libkernel.a(xip.c.obj)
                0x0000000008005b28                z_data_copy
 .text.elapsed  0x0000000008005b5c       0x14 zephyr/kernel/libkernel.a(timeout.c.obj)
 .text.next_timeout
                0x0000000008005b70       0x40 zephyr/kernel/libkernel.a(timeout.c.obj)
 .text.remove_timeout
                0x0000000008005bb0       0x38 zephyr/kernel/libkernel.a(timeout.c.obj)
 .text.z_add_timeout
                0x0000000008005be8       0xec zephyr/kernel/libkernel.a(timeout.c.obj)
                0x0000000008005be8                z_add_timeout
 .text.sys_clock_announce
                0x0000000008005cd4       0xd4 zephyr/kernel/libkernel.a(timeout.c.obj)
                0x0000000008005cd4                sys_clock_announce
 .text.sys_clock_tick_get
                0x0000000008005da8       0x34 zephyr/kernel/libkernel.a(timeout.c.obj)
                0x0000000008005da8                sys_clock_tick_get
 .text.z_timer_expiration_handler
                0x0000000008005ddc       0xe4 zephyr/kernel/libkernel.a(timer.c.obj)
                0x0000000008005ddc                z_timer_expiration_handler
 .text.z_impl_k_timer_start
                0x0000000008005ec0       0x74 zephyr/kernel/libkernel.a(timer.c.obj)
                0x0000000008005ec0                z_impl_k_timer_start
 .text.z_impl_k_poll
                0x0000000008005f34       0xb8 zephyr/kernel/libkernel.a(poll.c.obj)
                0x0000000008005f34                z_impl_k_poll
 .text.z_impl_k_poll_signal_raise
                0x0000000008005fec       0x50 zephyr/kernel/libkernel.a(poll.c.obj)
                0x0000000008005fec                z_impl_k_poll_signal_raise
 .text.boot_banner
                0x000000000800603c        0xc zephyr/kernel/libkernel.a(banner.c.obj)
                0x000000000800603c                boot_banner
 .text.k_sys_work_q_init
                0x0000000008006048       0x34 zephyr/kernel/libkernel.a(system_work_q.c.obj)
 .text.snprintf
                0x000000000800607c       0x58 /home/cezary/zephyr-sdk-0.16.4/arm-zephyr-eabi/bin/../lib/gcc/../../picolibc/arm-zephyr-eabi/lib/thumb/v7e-m/nofp/libc.a(libc_tinystdio_snprintf.c.o)
                0x000000000800607c                snprintf
 .text.strtol   0x00000000080060d4       0xe0 /home/cezary/zephyr-sdk-0.16.4/arm-zephyr-eabi/bin/../lib/gcc/../../picolibc/arm-zephyr-eabi/lib/thumb/v7e-m/nofp/libc.a(libc_tinystdio_strtol.c.o)
                0x00000000080060d4                strtol
 .text.skip_to_arg
                0x00000000080061b4      0x138 /home/cezary/zephyr-sdk-0.16.4/arm-zephyr-eabi/bin/../lib/gcc/../../picolibc/arm-zephyr-eabi/lib/thumb/v7e-m/nofp/libc.a(libc_tinystdio_vfprintf.c.o)
 .text.vfprintf
                0x00000000080062ec      0xbac /home/cezary/zephyr-sdk-0.16.4/arm-zephyr-eabi/bin/../lib/gcc/../../picolibc/arm-zephyr-eabi/lib/thumb/v7e-m/nofp/libc.a(libc_tinystdio_vfprintf.c.o)
                0x00000000080062ec                __d_vfprintf
 .text.div10    0x0000000008006e98       0x28 /home/cezary/zephyr-sdk-0.16.4/arm-zephyr-eabi/bin/../lib/gcc/../../picolibc/arm-zephyr-eabi/lib/thumb/v7e-m/nofp/libc.a(libc_tinystdio_dtoa_ryu.c.o)
 .text.__dtoa_engine
                0x0000000008006ec0      0x4a4 /home/cezary/zephyr-sdk-0.16.4/arm-zephyr-eabi/bin/../lib/gcc/../../picolibc/arm-zephyr-eabi/lib/thumb/v7e-m/nofp/libc.a(libc_tinystdio_dtoa_ryu.c.o)
                0x0000000008006ec0                __dtoa_engine
 .text.__pow5Factor
                0x0000000008007364       0x30 /home/cezary/zephyr-sdk-0.16.4/arm-zephyr-eabi/bin/../lib/gcc/../../picolibc/arm-zephyr-eabi/lib/thumb/v7e-m/nofp/libc.a(libc_tinystdio_ryu_table.c.o)
                0x0000000008007364                __pow5Factor
 .text.__double_computePow5
                0x0000000008007394       0xe8 /home/cezary/zephyr-sdk-0.16.4/arm-zephyr-eabi/bin/../lib/gcc/../../picolibc/arm-zephyr-eabi/lib/thumb/v7e-m/nofp/libc.a(libc_tinystdio_ryu_table.c.o)
                0x0000000008007394                __double_computePow5
 .text.__double_computeInvPow5
                0x000000000800747c       0xf8 /home/cezary/zephyr-sdk-0.16.4/arm-zephyr-eabi/bin/../lib/gcc/../../picolibc/arm-zephyr-eabi/lib/thumb/v7e-m/nofp/libc.a(libc_tinystdio_ryu_table.c.o)
                0x000000000800747c                __double_computeInvPow5
 .text.__log10Pow2
                0x0000000008007574        0xc /home/cezary/zephyr-sdk-0.16.4/arm-zephyr-eabi/bin/../lib/gcc/../../picolibc/arm-zephyr-eabi/lib/thumb/v7e-m/nofp/libc.a(libc_tinystdio_ryu_log10.c.o)
                0x0000000008007574                __log10Pow2
 .text.__log10Pow5
                0x0000000008007580        0xc /home/cezary/zephyr-sdk-0.16.4/arm-zephyr-eabi/bin/../lib/gcc/../../picolibc/arm-zephyr-eabi/lib/thumb/v7e-m/nofp/libc.a(libc_tinystdio_ryu_log10.c.o)
                0x0000000008007580                __log10Pow5
 .text.__pow5bits
                0x000000000800758c       0x10 /home/cezary/zephyr-sdk-0.16.4/arm-zephyr-eabi/bin/../lib/gcc/../../picolibc/arm-zephyr-eabi/lib/thumb/v7e-m/nofp/libc.a(libc_tinystdio_ryu_pow5bits.c.o)
                0x000000000800758c                __pow5bits
 .text._OffsetAbsSyms
                0x000000000800759c        0x2 zephyr/CMakeFiles/offsets.dir/./arch/arm/core/offsets/offsets.c.obj
                0x000000000800759c                _OffsetAbsSyms
 .text.cbpprintf_external
                0x000000000800759e       0x62 zephyr/libzephyr.a(cbprintf_packaged.c.obj)
                0x000000000800759e                cbpprintf_external
 .text.is_ptr   0x0000000008007600       0x4a zephyr/libzephyr.a(cbprintf_packaged.c.obj)
                0x0000000008007600                is_ptr
 .text.arch_printk_char_out
                0x000000000800764a        0x4 zephyr/libzephyr.a(printk.c.obj)
                0x000000000800764a                arch_printk_char_out
 .text.printk   0x000000000800764e       0x1a zephyr/libzephyr.a(printk.c.obj)
                0x000000000800764e                printk
 .text.chunk_size
                0x0000000008007668        0xa zephyr/libzephyr.a(heap.c.obj)
 .text.free_list_add
                0x0000000008007672       0x4e zephyr/libzephyr.a(heap.c.obj)
 .text.sys_heap_init
                0x00000000080076c0       0x7a zephyr/libzephyr.a(heap.c.obj)
                0x00000000080076c0                sys_heap_init
 .text.free_space
                0x000000000800773a       0x26 zephyr/libzephyr.a(mpsc_pbuf.c.obj)
 .text.get_usage
                0x0000000008007760       0x22 zephyr/libzephyr.a(mpsc_pbuf.c.obj)
 .text.idx_inc  0x0000000008007782       0x1c zephyr/libzephyr.a(mpsc_pbuf.c.obj)
 .text.rd_idx_inc
                0x000000000800779e       0x18 zephyr/libzephyr.a(mpsc_pbuf.c.obj)
 .text.add_skip_item
                0x00000000080077b6       0x3a zephyr/libzephyr.a(mpsc_pbuf.c.obj)
 .text.drop_item_locked
                0x00000000080077f0       0xee zephyr/libzephyr.a(mpsc_pbuf.c.obj)
 .text.post_drop_action
                0x00000000080078de       0x36 zephyr/libzephyr.a(mpsc_pbuf.c.obj)
 .text.max_utilization_update
                0x0000000008007914       0x1a zephyr/libzephyr.a(mpsc_pbuf.c.obj)
 .text.mpsc_pbuf_init
                0x000000000800792e       0x42 zephyr/libzephyr.a(mpsc_pbuf.c.obj)
                0x000000000800792e                mpsc_pbuf_init
 .text.mpsc_pbuf_alloc
                0x0000000008007970       0xfc zephyr/libzephyr.a(mpsc_pbuf.c.obj)
                0x0000000008007970                mpsc_pbuf_alloc
 .text.mpsc_pbuf_commit
                0x0000000008007a6c       0x40 zephyr/libzephyr.a(mpsc_pbuf.c.obj)
                0x0000000008007a6c                mpsc_pbuf_commit
 .text.mpsc_pbuf_claim
                0x0000000008007aac       0xa4 zephyr/libzephyr.a(mpsc_pbuf.c.obj)
                0x0000000008007aac                mpsc_pbuf_claim
 .text.mpsc_pbuf_free
                0x0000000008007b50       0x78 zephyr/libzephyr.a(mpsc_pbuf.c.obj)
                0x0000000008007b50                mpsc_pbuf_free
 .text.mpsc_pbuf_is_pending
                0x0000000008007bc8       0x1a zephyr/libzephyr.a(mpsc_pbuf.c.obj)
                0x0000000008007bc8                mpsc_pbuf_is_pending
 .text._ConfigAbsSyms
                0x0000000008007be2        0x2 zephyr/libzephyr.a(configs.c.obj)
                0x0000000008007be2                _ConfigAbsSyms
 .text.log_msg_generic_get_wlen
                0x0000000008007be4       0x20 zephyr/libzephyr.a(log_core.c.obj)
 .text.dummy_timestamp
                0x0000000008007c04        0x4 zephyr/libzephyr.a(log_core.c.obj)
 .text.atomic_inc
                0x0000000008007c08       0x1a zephyr/libzephyr.a(log_core.c.obj)
 .text.default_lf_get_timestamp
                0x0000000008007c22       0x10 zephyr/libzephyr.a(log_core.c.obj)
 .text.z_log_vprintk
                0x0000000008007c32       0x1c zephyr/libzephyr.a(log_core.c.obj)
                0x0000000008007c32                z_log_vprintk
 .text.z_log_notify_drop
                0x0000000008007c4e        0x6 zephyr/libzephyr.a(log_core.c.obj)
 .text.z_log_get_tag
                0x0000000008007c54        0x4 zephyr/libzephyr.a(log_core.c.obj)
                0x0000000008007c54                z_log_get_tag
 .text.z_cbprintf_cpy
                0x0000000008007c58       0x2c zephyr/libzephyr.a(log_msg.c.obj)
 .text.z_log_msg_finalize
                0x0000000008007c84       0x32 zephyr/libzephyr.a(log_msg.c.obj)
                0x0000000008007c84                z_log_msg_finalize
 .text.z_log_msg_simple_create
                0x0000000008007cb6       0x6e zephyr/libzephyr.a(log_msg.c.obj)
 .text.z_impl_z_log_msg_simple_create_0
                0x0000000008007d24       0x12 zephyr/libzephyr.a(log_msg.c.obj)
                0x0000000008007d24                z_impl_z_log_msg_simple_create_0
 .text.z_impl_z_log_msg_simple_create_1
                0x0000000008007d36       0x14 zephyr/libzephyr.a(log_msg.c.obj)
                0x0000000008007d36                z_impl_z_log_msg_simple_create_1
 .text.buffer_write
                0x0000000008007d4a       0x1a zephyr/libzephyr.a(log_output.c.obj)
 .text.log_output_flush
                0x0000000008007d64       0x1a zephyr/libzephyr.a(log_output.c.obj)
                0x0000000008007d64                log_output_flush
 .text.out_func
                0x0000000008007d7e       0x36 zephyr/libzephyr.a(log_output.c.obj)
 .text.cr_out_func
                0x0000000008007db4       0x1c zephyr/libzephyr.a(log_output.c.obj)
 .text.format_set
                0x0000000008007dd0        0xc zephyr/libzephyr.a(log_backend_uart.c.obj)
 .text.log_backend_uart_init
                0x0000000008007ddc        0xc zephyr/libzephyr.a(log_backend_uart.c.obj)
 .text.panic    0x0000000008007de8       0x10 zephyr/libzephyr.a(log_backend_uart.c.obj)
 .text.dropped  0x0000000008007df8        0xa zephyr/libzephyr.a(log_backend_uart.c.obj)
 .text.process  0x0000000008007e02       0x1e zephyr/libzephyr.a(log_backend_uart.c.obj)
 .text.z_do_kernel_oops
                0x0000000008007e20        0x8 zephyr/arch/arch/arm/core/libarch__arm__core.a(fatal.c.obj)
                0x0000000008007e20                z_do_kernel_oops
 .text.z_arm_nmi
                0x0000000008007e28        0xe zephyr/arch/arch/arm/core/libarch__arm__core.a(nmi.c.obj)
                0x0000000008007e28                z_arm_nmi
 .text.z_log_msg_simple_create_0.constprop.0
                0x0000000008007e36        0x8 zephyr/arch/arch/arm/core/cortex_m/libarch__arm__core__cortex_m.a(fault.c.obj)
 .text.z_irq_spurious
                0x0000000008007e3e        0x8 zephyr/arch/arch/arm/core/cortex_m/libarch__arm__core__cortex_m.a(irq_manage.c.obj)
                0x0000000008007e3e                z_irq_spurious
 .text.size_to_mpu_rasr_size
                0x0000000008007e46       0x20 zephyr/arch/arch/arm/core/mpu/libarch__arm__core__mpu.a(arm_mpu.c.obj)
 .text.cbputc   0x0000000008007e66        0xc zephyr/lib/libc/picolibc/liblib__libc__picolibc.a(libc-hooks.c.obj)
 .text.picolibc_put
                0x0000000008007e72        0xa zephyr/lib/libc/picolibc/liblib__libc__picolibc.a(libc-hooks.c.obj)
 .text.stm32_exti_init
                0x0000000008007e7c       0x92 zephyr/drivers/interrupt_controller/libdrivers__interrupt_controller.a(intc_exti_stm32.c.obj)
 .text.stm32_clock_control_on
                0x0000000008007f0e       0x20 zephyr/drivers/clock_control/libdrivers__clock_control.a(clock_stm32_ll_common.c.obj)
 .text.stm32_clock_control_off
                0x0000000008007f2e       0x20 zephyr/drivers/clock_control/libdrivers__clock_control.a(clock_stm32_ll_common.c.obj)
 .text.stm32_clock_control_get_status
                0x0000000008007f4e       0x30 zephyr/drivers/clock_control/libdrivers__clock_control.a(clock_stm32_ll_common.c.obj)
 .text.stm32_clock_control_configure
                0x0000000008007f7e       0x50 zephyr/drivers/clock_control/libdrivers__clock_control.a(clock_stm32_ll_common.c.obj)
 .text.config_enable_default_clocks
                0x0000000008007fce        0x2 zephyr/drivers/clock_control/libdrivers__clock_control.a(clock_stm32l4_l5_wb_wl.c.obj)
                0x0000000008007fce                config_enable_default_clocks
 .text.gpio_stm32_port_get_raw
                0x0000000008007fd0        0xc zephyr/drivers/gpio/libdrivers__gpio.a(gpio_stm32.c.obj)
 .text.gpio_stm32_port_set_masked_raw
                0x0000000008007fdc       0x12 zephyr/drivers/gpio/libdrivers__gpio.a(gpio_stm32.c.obj)
 .text.gpio_stm32_port_set_bits_raw
                0x0000000008007fee        0xa zephyr/drivers/gpio/libdrivers__gpio.a(gpio_stm32.c.obj)
 .text.gpio_stm32_port_clear_bits_raw
                0x0000000008007ff8        0xa zephyr/drivers/gpio/libdrivers__gpio.a(gpio_stm32.c.obj)
 .text.gpio_stm32_port_toggle_bits
                0x0000000008008002        0xe zephyr/drivers/gpio/libdrivers__gpio.a(gpio_stm32.c.obj)
 .text.gpio_stm32_manage_callback
                0x0000000008008010       0x52 zephyr/drivers/gpio/libdrivers__gpio.a(gpio_stm32.c.obj)
 .text.gpio_stm32_configure_raw.isra.0
                0x0000000008008062      0x106 zephyr/drivers/gpio/libdrivers__gpio.a(gpio_stm32.c.obj)
 .text.gpio_stm32_config
                0x0000000008008168       0x72 zephyr/drivers/gpio/libdrivers__gpio.a(gpio_stm32.c.obj)
 .text.gpio_stm32_isr
                0x00000000080081da       0x2e zephyr/drivers/gpio/libdrivers__gpio.a(gpio_stm32.c.obj)
 .text.gpio_stm32_configure
                0x0000000008008208       0x2a zephyr/drivers/gpio/libdrivers__gpio.a(gpio_stm32.c.obj)
                0x0000000008008208                gpio_stm32_configure
 .text.timer_work_handler
                0x0000000008008232        0x4 zephyr/drivers/lora/libloramac-node.a(hal_common.c.obj)
 .text.k_uptime_get_32
                0x0000000008008236       0x10 zephyr/drivers/lora/libloramac-node.a(hal_common.c.obj)
 .text.RtcGetTimerValue
                0x0000000008008246        0x4 zephyr/drivers/lora/libloramac-node.a(hal_common.c.obj)
                0x0000000008008246                RtcGetTimerValue
 .text.RtcGetMinimumTimeout
                0x000000000800824a        0x4 zephyr/drivers/lora/libloramac-node.a(hal_common.c.obj)
                0x000000000800824a                RtcGetMinimumTimeout
 .text.DelayMsMcu
                0x000000000800824e        0xa zephyr/drivers/lora/libloramac-node.a(hal_common.c.obj)
                0x000000000800824e                DelayMsMcu
 .text.RtcMs2Tick
                0x0000000008008258        0x2 zephyr/drivers/lora/libloramac-node.a(hal_common.c.obj)
                0x0000000008008258                RtcMs2Tick
 .text.RtcTick2Ms
                0x000000000800825a        0x2 zephyr/drivers/lora/libloramac-node.a(hal_common.c.obj)
                0x000000000800825a                RtcTick2Ms
 .text.BoardCriticalSectionBegin
                0x000000000800825c       0x14 zephyr/drivers/lora/libloramac-node.a(hal_common.c.obj)
                0x000000000800825c                BoardCriticalSectionBegin
 .text.BoardCriticalSectionEnd
                0x0000000008008270        0xc zephyr/drivers/lora/libloramac-node.a(hal_common.c.obj)
                0x0000000008008270                BoardCriticalSectionEnd
 .text.sx12xx_ev_tx_timed_out
                0x000000000800827c        0x4 zephyr/drivers/lora/libloramac-node.a(sx12xx_common.c.obj)
 .text.gpio_pin_set.isra.0
                0x0000000008008280       0x20 zephyr/drivers/lora/libloramac-node.a(sx126x.c.obj)
 .text.SX126xAntSwOn
                0x00000000080082a0        0x2 zephyr/drivers/lora/libloramac-node.a(sx126x.c.obj)
                0x00000000080082a0                SX126xAntSwOn
 .text.SX126xAntSwOff
                0x00000000080082a2        0x2 zephyr/drivers/lora/libloramac-node.a(sx126x.c.obj)
                0x00000000080082a2                SX126xAntSwOff
 .text.SX126xGetBoardTcxoWakeupTime
                0x00000000080082a4        0x4 zephyr/drivers/lora/libloramac-node.a(sx126x.c.obj)
                0x00000000080082a4                SX126xGetBoardTcxoWakeupTime
 .text.SX126xGetDeviceId
                0x00000000080082a8        0x4 zephyr/drivers/lora/libloramac-node.a(sx126x.c.obj)
                0x00000000080082a8                SX126xGetDeviceId
 .text.SX126xIoTcxoInit
                0x00000000080082ac       0x18 zephyr/drivers/lora/libloramac-node.a(sx126x.c.obj)
                0x00000000080082ac                SX126xIoTcxoInit
 .text.SX126xIoRfSwitchInit
                0x00000000080082c4        0x6 zephyr/drivers/lora/libloramac-node.a(sx126x.c.obj)
                0x00000000080082c4                SX126xIoRfSwitchInit
 .text.SX126xSetRfTxPower
                0x00000000080082ca        0x6 zephyr/drivers/lora/libloramac-node.a(sx126x.c.obj)
                0x00000000080082ca                SX126xSetRfTxPower
 .text.SX126xWriteBuffer
                0x00000000080082d0       0x22 zephyr/drivers/lora/libloramac-node.a(sx126x.c.obj)
                0x00000000080082d0                SX126xWriteBuffer
 .text.SX126xReadBuffer
                0x00000000080082f2       0x26 zephyr/drivers/lora/libloramac-node.a(sx126x.c.obj)
                0x00000000080082f2                SX126xReadBuffer
 .text.SX126xWriteCommand
                0x0000000008008318       0x1c zephyr/drivers/lora/libloramac-node.a(sx126x.c.obj)
                0x0000000008008318                SX126xWriteCommand
 .text.SX126xReadCommand
                0x0000000008008334       0x24 zephyr/drivers/lora/libloramac-node.a(sx126x.c.obj)
                0x0000000008008334                SX126xReadCommand
 .text.SX126xWriteRegisters
                0x0000000008008358       0x28 zephyr/drivers/lora/libloramac-node.a(sx126x.c.obj)
                0x0000000008008358                SX126xWriteRegisters
 .text.SX126xWriteRegister
                0x0000000008008380       0x16 zephyr/drivers/lora/libloramac-node.a(sx126x.c.obj)
                0x0000000008008380                SX126xWriteRegister
 .text.SX126xReadRegisters
                0x0000000008008396       0x2c zephyr/drivers/lora/libloramac-node.a(sx126x.c.obj)
                0x0000000008008396                SX126xReadRegisters
 .text.SX126xReadRegister
                0x00000000080083c2       0x16 zephyr/drivers/lora/libloramac-node.a(sx126x.c.obj)
                0x00000000080083c2                SX126xReadRegister
 .text.radio_isr
                0x00000000080083d8       0x16 zephyr/drivers/lora/libloramac-node.a(sx126x_stm32wl.c.obj)
 .text.sx126x_reset
                0x00000000080083ee       0x32 zephyr/drivers/lora/libloramac-node.a(sx126x_stm32wl.c.obj)
                0x00000000080083ee                sx126x_reset
 .text.sx126x_get_dio1_pin_state
                0x0000000008008420        0x4 zephyr/drivers/lora/libloramac-node.a(sx126x_stm32wl.c.obj)
                0x0000000008008420                sx126x_get_dio1_pin_state
 .text.sx126x_dio1_irq_disable
                0x0000000008008424        0x6 zephyr/drivers/lora/libloramac-node.a(sx126x_stm32wl.c.obj)
                0x0000000008008424                sx126x_dio1_irq_disable
 .text.sx126x_set_tx_params
                0x000000000800842a       0x58 zephyr/drivers/lora/libloramac-node.a(sx126x_stm32wl.c.obj)
                0x000000000800842a                sx126x_set_tx_params
 .text.TimerSetTimeout
                0x0000000008008482       0x2c zephyr/drivers/lora/libloramac-node.a(timer.c.obj)
 .text.TimerInit
                0x00000000080084ae       0x10 zephyr/drivers/lora/libloramac-node.a(timer.c.obj)
                0x00000000080084ae                TimerInit
 .text.TimerSetValue
                0x00000000080084be       0x22 zephyr/drivers/lora/libloramac-node.a(timer.c.obj)
                0x00000000080084be                TimerSetValue
 .text.TimerGetCurrentTime
                0x00000000080084e0        0xe zephyr/drivers/lora/libloramac-node.a(timer.c.obj)
                0x00000000080084e0                TimerGetCurrentTime
 .text.TimerGetElapsedTime
                0x00000000080084ee       0x1e zephyr/drivers/lora/libloramac-node.a(timer.c.obj)
                0x00000000080084ee                TimerGetElapsedTime
 .text.DelayMs  0x000000000800850c        0x4 zephyr/drivers/lora/libloramac-node.a(delay.c.obj)
                0x000000000800850c                DelayMs
 .text.SX126xCheckDeviceReady
                0x0000000008008510       0x22 zephyr/drivers/lora/libloramac-node.a(sx126x.c.obj)
                0x0000000008008510                SX126xCheckDeviceReady
 .text.SX126xSetPayload
                0x0000000008008532        0xa zephyr/drivers/lora/libloramac-node.a(sx126x.c.obj)
                0x0000000008008532                SX126xSetPayload
 .text.SX126xSetSyncWord
                0x000000000800853c       0x12 zephyr/drivers/lora/libloramac-node.a(sx126x.c.obj)
                0x000000000800853c                SX126xSetSyncWord
 .text.SX126xSetStandby
                0x000000000800854e       0x28 zephyr/drivers/lora/libloramac-node.a(sx126x.c.obj)
                0x000000000800854e                SX126xSetStandby
 .text.SX126xSetTx
                0x0000000008008576       0x28 zephyr/drivers/lora/libloramac-node.a(sx126x.c.obj)
                0x0000000008008576                SX126xSetTx
 .text.SX126xSendPayload
                0x000000000800859e       0x12 zephyr/drivers/lora/libloramac-node.a(sx126x.c.obj)
                0x000000000800859e                SX126xSendPayload
 .text.SX126xSetRx
                0x00000000080085b0       0x32 zephyr/drivers/lora/libloramac-node.a(sx126x.c.obj)
                0x00000000080085b0                SX126xSetRx
 .text.SX126xGetRandom
                0x00000000080085e2       0x68 zephyr/drivers/lora/libloramac-node.a(sx126x.c.obj)
                0x00000000080085e2                SX126xGetRandom
 .text.SX126xSetRxBoosted
                0x000000000800864a       0x32 zephyr/drivers/lora/libloramac-node.a(sx126x.c.obj)
                0x000000000800864a                SX126xSetRxBoosted
 .text.SX126xSetRxDutyCycle
                0x000000000800867c       0x34 zephyr/drivers/lora/libloramac-node.a(sx126x.c.obj)
                0x000000000800867c                SX126xSetRxDutyCycle
 .text.SX126xSetCad
                0x00000000080086b0       0x16 zephyr/drivers/lora/libloramac-node.a(sx126x.c.obj)
                0x00000000080086b0                SX126xSetCad
 .text.SX126xSetTxContinuousWave
                0x00000000080086c6       0x16 zephyr/drivers/lora/libloramac-node.a(sx126x.c.obj)
                0x00000000080086c6                SX126xSetTxContinuousWave
 .text.SX126xSetStopRxTimerOnPreambleDetect
                0x00000000080086dc       0x18 zephyr/drivers/lora/libloramac-node.a(sx126x.c.obj)
                0x00000000080086dc                SX126xSetStopRxTimerOnPreambleDetect
 .text.SX126xSetLoRaSymbNumTimeout
                0x00000000080086f4       0x56 zephyr/drivers/lora/libloramac-node.a(sx126x.c.obj)
                0x00000000080086f4                SX126xSetLoRaSymbNumTimeout
 .text.SX126xSetRegulatorMode
                0x000000000800874a       0x18 zephyr/drivers/lora/libloramac-node.a(sx126x.c.obj)
                0x000000000800874a                SX126xSetRegulatorMode
 .text.SX126xCalibrate
                0x0000000008008762       0x1c zephyr/drivers/lora/libloramac-node.a(sx126x.c.obj)
                0x0000000008008762                SX126xCalibrate
 .text.SX126xSetPaConfig
                0x000000000800877e       0x24 zephyr/drivers/lora/libloramac-node.a(sx126x.c.obj)
                0x000000000800877e                SX126xSetPaConfig
 .text.SX126xSetDioIrqParams
                0x00000000080087a2       0x2a zephyr/drivers/lora/libloramac-node.a(sx126x.c.obj)
                0x00000000080087a2                SX126xSetDioIrqParams
 .text.SX126xGetIrqStatus
                0x00000000080087cc       0x1a zephyr/drivers/lora/libloramac-node.a(sx126x.c.obj)
                0x00000000080087cc                SX126xGetIrqStatus
 .text.SX126xSetDio2AsRfSwitchCtrl
                0x00000000080087e6       0x18 zephyr/drivers/lora/libloramac-node.a(sx126x.c.obj)
                0x00000000080087e6                SX126xSetDio2AsRfSwitchCtrl
 .text.SX126xSetDio3AsTcxoCtrl
                0x00000000080087fe       0x28 zephyr/drivers/lora/libloramac-node.a(sx126x.c.obj)
                0x00000000080087fe                SX126xSetDio3AsTcxoCtrl
 .text.SX126xSetTxParams
                0x0000000008008826       0x86 zephyr/drivers/lora/libloramac-node.a(sx126x.c.obj)
                0x0000000008008826                SX126xSetTxParams
 .text.SX126xSetBufferBaseAddress
                0x00000000080088ac       0x1a zephyr/drivers/lora/libloramac-node.a(sx126x.c.obj)
                0x00000000080088ac                SX126xSetBufferBaseAddress
 .text.SX126xGetRssiInst
                0x00000000080088c6       0x1a zephyr/drivers/lora/libloramac-node.a(sx126x.c.obj)
                0x00000000080088c6                SX126xGetRssiInst
 .text.SX126xGetPayload
                0x00000000080088e0       0x32 zephyr/drivers/lora/libloramac-node.a(sx126x.c.obj)
                0x00000000080088e0                SX126xGetPayload
 .text.SX126xClearIrqStatus
                0x0000000008008912       0x18 zephyr/drivers/lora/libloramac-node.a(sx126x.c.obj)
                0x0000000008008912                SX126xClearIrqStatus
 .text.RadioCheckRfFrequency
                0x000000000800892a        0x4 zephyr/drivers/lora/libloramac-node.a(radio.c.obj)
                0x000000000800892a                RadioCheckRfFrequency
 .text.RadioStandby
                0x000000000800892e        0x6 zephyr/drivers/lora/libloramac-node.a(radio.c.obj)
                0x000000000800892e                RadioStandby
 .text.RadioSetChannel
                0x0000000008008934        0x4 zephyr/drivers/lora/libloramac-node.a(radio.c.obj)
                0x0000000008008934                RadioSetChannel
 .text.RadioRead
                0x0000000008008938        0x6 zephyr/drivers/lora/libloramac-node.a(radio.c.obj)
                0x0000000008008938                RadioRead
 .text.RadioWrite
                0x000000000800893e        0x6 zephyr/drivers/lora/libloramac-node.a(radio.c.obj)
                0x000000000800893e                RadioWrite
 .text.RadioSleep
                0x0000000008008944       0x14 zephyr/drivers/lora/libloramac-node.a(radio.c.obj)
                0x0000000008008944                RadioSleep
 .text.RadioSetRxDutyCycle
                0x0000000008008958        0x4 zephyr/drivers/lora/libloramac-node.a(radio.c.obj)
                0x0000000008008958                RadioSetRxDutyCycle
 .text.RadioReadBuffer
                0x000000000800895c        0x6 zephyr/drivers/lora/libloramac-node.a(radio.c.obj)
                0x000000000800895c                RadioReadBuffer
 .text.RadioWriteBuffer
                0x0000000008008962        0x6 zephyr/drivers/lora/libloramac-node.a(radio.c.obj)
                0x0000000008008962                RadioWriteBuffer
 .text.RadioStartCad
                0x0000000008008968       0x18 zephyr/drivers/lora/libloramac-node.a(radio.c.obj)
                0x0000000008008968                RadioStartCad
 .text.RadioRssi
                0x0000000008008980        0x8 zephyr/drivers/lora/libloramac-node.a(radio.c.obj)
                0x0000000008008980                RadioRssi
 .text.RadioGetWakeupTime
                0x0000000008008988        0xa zephyr/drivers/lora/libloramac-node.a(radio.c.obj)
                0x0000000008008988                RadioGetWakeupTime
 .text.RadioIsChannelFree
                0x0000000008008992       0x7a zephyr/drivers/lora/libloramac-node.a(radio.c.obj)
                0x0000000008008992                RadioIsChannelFree
 .text.RadioRandom
                0x0000000008008a0c       0x1a zephyr/drivers/lora/libloramac-node.a(radio.c.obj)
                0x0000000008008a0c                RadioRandom
 .text.RadioAddRegisterToRetentionList
                0x0000000008008a26       0x6a zephyr/drivers/lora/libloramac-node.a(radio.c.obj)
                0x0000000008008a26                RadioAddRegisterToRetentionList
 .text.pinctrl_lookup_state
                0x0000000008008a90       0x26 zephyr/drivers/pinctrl/libdrivers__pinctrl.a(common.c.obj)
                0x0000000008008a90                pinctrl_lookup_state
 .text.regulator_delay
                0x0000000008008ab6       0x1e zephyr/drivers/regulator/libdrivers__regulator.a(regulator_common.c.obj)
 .text.regulator_common_data_init
                0x0000000008008ad4       0x10 zephyr/drivers/regulator/libdrivers__regulator.a(regulator_common.c.obj)
                0x0000000008008ad4                regulator_common_data_init
 .text.regulator_set_voltage
                0x0000000008008ae4       0x28 zephyr/drivers/regulator/libdrivers__regulator.a(regulator_common.c.obj)
                0x0000000008008ae4                regulator_set_voltage
 .text.regulator_set_mode
                0x0000000008008b0c       0x3e zephyr/drivers/regulator/libdrivers__regulator.a(regulator_common.c.obj)
                0x0000000008008b0c                regulator_set_mode
 .text.regulator_common_init
                0x0000000008008b4a       0xa4 zephyr/drivers/regulator/libdrivers__regulator.a(regulator_common.c.obj)
                0x0000000008008b4a                regulator_common_init
 .text.gpio_pin_configure_dt
                0x0000000008008bee       0x34 zephyr/drivers/regulator/libdrivers__regulator.a(regulator_fixed.c.obj)
 .text.gpio_pin_set
                0x0000000008008c22       0x20 zephyr/drivers/regulator/libdrivers__regulator.a(regulator_fixed.c.obj)
 .text.regulator_fixed_enable
                0x0000000008008c42       0x1e zephyr/drivers/regulator/libdrivers__regulator.a(regulator_fixed.c.obj)
 .text.regulator_fixed_count_voltages
                0x0000000008008c60        0xe zephyr/drivers/regulator/libdrivers__regulator.a(regulator_fixed.c.obj)
 .text.regulator_fixed_list_voltage
                0x0000000008008c6e       0x1a zephyr/drivers/regulator/libdrivers__regulator.a(regulator_fixed.c.obj)
 .text.regulator_fixed_disable
                0x0000000008008c88       0x16 zephyr/drivers/regulator/libdrivers__regulator.a(regulator_fixed.c.obj)
 .text.reset_stm32_status
                0x0000000008008c9e       0x20 zephyr/drivers/reset/libdrivers__reset.a(reset_stm32.c.obj)
 .text.reset_stm32_line_assert
                0x0000000008008cbe       0x1c zephyr/drivers/reset/libdrivers__reset.a(reset_stm32.c.obj)
 .text.reset_stm32_line_deassert
                0x0000000008008cda       0x1e zephyr/drivers/reset/libdrivers__reset.a(reset_stm32.c.obj)
 .text.reset_stm32_line_toggle
                0x0000000008008cf8       0x16 zephyr/drivers/reset/libdrivers__reset.a(reset_stm32.c.obj)
 .text.uart_stm32_ll2cfg_databits
                0x0000000008008d0e       0x2a zephyr/drivers/serial/libdrivers__serial.a(uart_stm32.c.obj)
 .text.uart_stm32_err_check
                0x0000000008008d38       0x62 zephyr/drivers/serial/libdrivers__serial.a(uart_stm32.c.obj)
 .text.uart_stm32_poll_out
                0x0000000008008d9a       0x3a zephyr/drivers/serial/libdrivers__serial.a(uart_stm32.c.obj)
 .text.uart_stm32_poll_in
                0x0000000008008dd4       0x22 zephyr/drivers/serial/libdrivers__serial.a(uart_stm32.c.obj)
 .text.uart_stm32_config_get
                0x0000000008008df6       0x92 zephyr/drivers/serial/libdrivers__serial.a(uart_stm32.c.obj)
 .text.uart_stm32_parameters_set
                0x0000000008008e88      0x136 zephyr/drivers/serial/libdrivers__serial.a(uart_stm32.c.obj)
 .text.spi_context_get_next_buf
                0x0000000008008fbe       0x2c zephyr/drivers/spi/libdrivers__spi.a(spi_ll_stm32.c.obj)
 .text.spi_context_buffers_setup
                0x0000000008008fea       0x5e zephyr/drivers/spi/libdrivers__spi.a(spi_ll_stm32.c.obj)
 .text.gpio_pin_set_dt.isra.0
                0x0000000008009048       0x28 zephyr/drivers/spi/libdrivers__spi.a(spi_ll_stm32.c.obj)
 .text.spi_context_unlock_unconditionally
                0x0000000008009070       0x30 zephyr/drivers/spi/libdrivers__spi.a(spi_ll_stm32.c.obj)
 .text.spi_stm32_release
                0x00000000080090a0        0xc zephyr/drivers/spi/libdrivers__spi.a(spi_ll_stm32.c.obj)
 .text.z_impl_k_busy_wait
                0x00000000080090ac       0x1c zephyr/kernel/libkernel.a(busy_wait.c.obj)
                0x00000000080090ac                z_impl_k_busy_wait
 .text.z_device_state_init
                0x00000000080090c8        0x2 zephyr/kernel/libkernel.a(device.c.obj)
                0x00000000080090c8                z_device_state_init
 .text.z_device_is_ready
                0x00000000080090ca       0x16 zephyr/kernel/libkernel.a(device.c.obj)
                0x00000000080090ca                z_device_is_ready
 .text.arch_system_halt
                0x00000000080090e0       0x12 zephyr/kernel/libkernel.a(fatal.c.obj)
                0x00000000080090e0                arch_system_halt
 .text.z_early_memset
                0x00000000080090f2        0x4 zephyr/kernel/libkernel.a(init.c.obj)
                0x00000000080090f2                z_early_memset
 .text.z_early_memcpy
                0x00000000080090f6        0x4 zephyr/kernel/libkernel.a(init.c.obj)
                0x00000000080090f6                z_early_memcpy
 .text.k_is_in_isr
                0x00000000080090fa        0xc zephyr/kernel/libkernel.a(thread.c.obj)
                0x00000000080090fa                k_is_in_isr
 .text.z_impl_k_thread_name_set
                0x0000000008009106        0x6 zephyr/kernel/libkernel.a(thread.c.obj)
                0x0000000008009106                z_impl_k_thread_name_set
 .text.k_thread_name_get
                0x000000000800910c        0x4 zephyr/kernel/libkernel.a(thread.c.obj)
                0x000000000800910c                k_thread_name_get
 .text.z_impl_k_thread_start
                0x0000000008009110        0x4 zephyr/kernel/libkernel.a(thread.c.obj)
                0x0000000008009110                z_impl_k_thread_start
 .text.idle     0x0000000008009114       0x18 zephyr/kernel/libkernel.a(idle.c.obj)
                0x0000000008009114                idle
 .text.z_impl_k_mutex_init
                0x000000000800912c        0xe zephyr/kernel/libkernel.a(mutex.c.obj)
                0x000000000800912c                z_impl_k_mutex_init
 .text.z_impl_k_sem_init
                0x000000000800913a       0x20 zephyr/kernel/libkernel.a(sem.c.obj)
                0x000000000800913a                z_impl_k_sem_init
 .text.flag_test_and_clear
                0x000000000800915a       0x16 zephyr/kernel/libkernel.a(work.c.obj)
 .text.notify_queue_locked.isra.0
                0x0000000008009170        0xe zephyr/kernel/libkernel.a(work.c.obj)
 .text.k_work_init
                0x000000000800917e       0x12 zephyr/kernel/libkernel.a(work.c.obj)
                0x000000000800917e                k_work_init
 .text.z_work_submit_to_queue
                0x0000000008009190       0x28 zephyr/kernel/libkernel.a(work.c.obj)
                0x0000000008009190                z_work_submit_to_queue
 .text.k_work_submit_to_queue
                0x00000000080091b8       0x22 zephyr/kernel/libkernel.a(work.c.obj)
                0x00000000080091b8                k_work_submit_to_queue
 .text.sys_dlist_remove
                0x00000000080091da       0x10 zephyr/kernel/libkernel.a(sched.c.obj)
 .text.unpend_thread_no_timeout
                0x00000000080091ea       0x14 zephyr/kernel/libkernel.a(sched.c.obj)
 .text.z_sched_prio_cmp
                0x00000000080091fe       0x12 zephyr/kernel/libkernel.a(sched.c.obj)
                0x00000000080091fe                z_sched_prio_cmp
 .text.add_to_waitq_locked
                0x0000000008009210       0x50 zephyr/kernel/libkernel.a(sched.c.obj)
 .text.z_ready_thread
                0x0000000008009260       0x20 zephyr/kernel/libkernel.a(sched.c.obj)
                0x0000000008009260                z_ready_thread
 .text.z_impl_k_thread_suspend
                0x0000000008009280       0x36 zephyr/kernel/libkernel.a(sched.c.obj)
                0x0000000008009280                z_impl_k_thread_suspend
 .text.z_unpend_thread_no_timeout
                0x00000000080092b6       0x24 zephyr/kernel/libkernel.a(sched.c.obj)
                0x00000000080092b6                z_unpend_thread_no_timeout
 .text.z_sched_wake_thread
                0x00000000080092da       0x44 zephyr/kernel/libkernel.a(sched.c.obj)
                0x00000000080092da                z_sched_wake_thread
 .text.z_thread_timeout
                0x000000000800931e        0x8 zephyr/kernel/libkernel.a(sched.c.obj)
                0x000000000800931e                z_thread_timeout
 .text.z_unpend1_no_timeout
                0x0000000008009326       0x2e zephyr/kernel/libkernel.a(sched.c.obj)
                0x0000000008009326                z_unpend1_no_timeout
 .text.z_unpend_first_thread
                0x0000000008009354       0x38 zephyr/kernel/libkernel.a(sched.c.obj)
                0x0000000008009354                z_unpend_first_thread
 .text.z_unpend_thread
                0x000000000800938c       0x30 zephyr/kernel/libkernel.a(sched.c.obj)
                0x000000000800938c                z_unpend_thread
 .text.z_reschedule_irqlock
                0x00000000080093bc       0x18 zephyr/kernel/libkernel.a(sched.c.obj)
                0x00000000080093bc                z_reschedule_irqlock
 .text.z_reschedule_unlocked
                0x00000000080093d4       0x14 zephyr/kernel/libkernel.a(sched.c.obj)
 .text.z_thread_abort
                0x00000000080093e8       0x42 zephyr/kernel/libkernel.a(sched.c.obj)
                0x00000000080093e8                z_thread_abort
 .text.z_sched_wake
                0x000000000800942a       0x46 zephyr/kernel/libkernel.a(sched.c.obj)
                0x000000000800942a                z_sched_wake
 .text.z_abort_timeout
                0x0000000008009470       0x2c zephyr/kernel/libkernel.a(timeout.c.obj)
                0x0000000008009470                z_abort_timeout
 .text.sys_clock_tick_get_32
                0x000000000800949c        0x8 zephyr/kernel/libkernel.a(timeout.c.obj)
                0x000000000800949c                sys_clock_tick_get_32
 .text.z_impl_k_uptime_ticks
                0x00000000080094a4        0x4 zephyr/kernel/libkernel.a(timeout.c.obj)
                0x00000000080094a4                z_impl_k_uptime_ticks
 .text.k_timer_init
                0x00000000080094a8       0x18 zephyr/kernel/libkernel.a(timer.c.obj)
                0x00000000080094a8                k_timer_init
 .text.z_impl_k_timer_stop
                0x00000000080094c0       0x3a zephyr/kernel/libkernel.a(timer.c.obj)
                0x00000000080094c0                z_impl_k_timer_stop
 .text.clear_event_registrations
                0x00000000080094fa       0x5e zephyr/kernel/libkernel.a(poll.c.obj)
 .text.add_event
                0x0000000008009558       0x62 zephyr/kernel/libkernel.a(poll.c.obj)
 .text.register_events
                0x00000000080095ba       0xee zephyr/kernel/libkernel.a(poll.c.obj)
 .text.signal_poll_event
                0x00000000080096a8       0x8c zephyr/kernel/libkernel.a(poll.c.obj)
 .text.z_handle_obj_poll_events
                0x0000000008009734       0x36 zephyr/kernel/libkernel.a(poll.c.obj)
                0x0000000008009734                z_handle_obj_poll_events
 .text.atoi     0x000000000800976a        0x8 /home/cezary/zephyr-sdk-0.16.4/arm-zephyr-eabi/bin/../lib/gcc/../../picolibc/arm-zephyr-eabi/lib/thumb/v7e-m/nofp/libc.a(libc_stdlib_atoi.c.o)
                0x000000000800976a                atoi
 .text.strnlen  0x0000000008009772       0x18 /home/cezary/zephyr-sdk-0.16.4/arm-zephyr-eabi/bin/../lib/gcc/../../picolibc/arm-zephyr-eabi/lib/thumb/v7e-m/nofp/libc.a(libc_string_strnlen.c.o)
                0x0000000008009772                strnlen
 .text.__ultoa_invert
                0x000000000800978a       0x50 /home/cezary/zephyr-sdk-0.16.4/arm-zephyr-eabi/bin/../lib/gcc/../../picolibc/arm-zephyr-eabi/lib/thumb/v7e-m/nofp/libc.a(libc_tinystdio_vfprintf.c.o)
 .text.mulShiftAll64
                0x00000000080097da      0x176 /home/cezary/zephyr-sdk-0.16.4/arm-zephyr-eabi/bin/../lib/gcc/../../picolibc/arm-zephyr-eabi/lib/thumb/v7e-m/nofp/libc.a(libc_tinystdio_dtoa_ryu.c.o)
 .text.__umul128
                0x0000000008009950       0x36 /home/cezary/zephyr-sdk-0.16.4/arm-zephyr-eabi/bin/../lib/gcc/../../picolibc/arm-zephyr-eabi/lib/thumb/v7e-m/nofp/libc.a(libc_tinystdio_ryu_umul128.c.o)
                0x0000000008009950                __umul128
 .text.__shiftright128
                0x0000000008009986       0x3e /home/cezary/zephyr-sdk-0.16.4/arm-zephyr-eabi/bin/../lib/gcc/../../picolibc/arm-zephyr-eabi/lib/thumb/v7e-m/nofp/libc.a(libc_tinystdio_ryu_umul128.c.o)
                0x0000000008009986                __shiftright128
 .text.memcpy   0x00000000080099c4       0x1c /home/cezary/zephyr-sdk-0.16.4/arm-zephyr-eabi/bin/../lib/gcc/../../picolibc/arm-zephyr-eabi/lib/thumb/v7e-m/nofp/libc.a(memcpy.c.o)
                0x00000000080099c4                memcpy
                0x00000000080099c4                __aeabi_memcpy
                0x00000000080099c4                __aeabi_memcpy4
                0x00000000080099c4                __aeabi_memcpy8
 .text.memset   0x00000000080099e0       0x10 /home/cezary/zephyr-sdk-0.16.4/arm-zephyr-eabi/bin/../lib/gcc/../../picolibc/arm-zephyr-eabi/lib/thumb/v7e-m/nofp/libc.a(memset.c.o)
                0x00000000080099e0                memset
 .text.__file_str_put
                0x00000000080099f0       0x10 /home/cezary/zephyr-sdk-0.16.4/arm-zephyr-eabi/bin/../lib/gcc/../../picolibc/arm-zephyr-eabi/lib/thumb/v7e-m/nofp/libc.a(libc_tinystdio_filestrput.c.o)
                0x00000000080099f0                __file_str_put
 *(SORT_BY_ALIGNMENT(.TEXT.*))
 .TEXT.__aeabi_read_tp
                0x0000000008009a00        0xc zephyr/arch/arch/arm/core/cortex_m/libarch__arm__core__cortex_m.a(__aeabi_read_tp.S.obj)
                0x0000000008009a00                __aeabi_read_tp
 *(SORT_BY_ALIGNMENT(.gnu.linkonce.t.*))
 *(SORT_BY_ALIGNMENT(.glue_7t))
 .glue_7t       0x0000000008009a0c        0x0 linker stubs
 *(SORT_BY_ALIGNMENT(.glue_7))
 .glue_7        0x0000000008009a0c        0x0 linker stubs
 *(SORT_BY_ALIGNMENT(.vfp11_veneer))
 .vfp11_veneer  0x0000000008009a0c        0x0 linker stubs
 *(SORT_BY_ALIGNMENT(.v4_bx))
 .v4_bx         0x0000000008009a0c        0x0 linker stubs
                0x0000000008009a0c                . = ALIGN (0x4)
                0x0000000008009a0c                __text_region_end = .

.ARM.exidx      0x0000000008009a0c        0x8
                0x0000000008009a0c                __exidx_start = .
 *(SORT_BY_ALIGNMENT(.ARM.exidx*) SORT_BY_ALIGNMENT(gnu.linkonce.armexidx.*))
 .ARM.exidx     0x0000000008009a0c        0x8 /home/cezary/zephyr-sdk-0.16.4/arm-zephyr-eabi/bin/../lib/gcc/arm-zephyr-eabi/12.2.0/thumb/v7e-m/nofp/libgcc.a(_udivmoddi4.o)
 .ARM.exidx     0x0000000008009a14        0x0 /home/cezary/zephyr-sdk-0.16.4/arm-zephyr-eabi/bin/../lib/gcc/../../picolibc/arm-zephyr-eabi/lib/thumb/v7e-m/nofp/libc.a(strlen.S.o)
                                          0x8 (size before relaxing)
                0x0000000008009a14                __exidx_end = .
                0x0000000008009a14                __rodata_region_start = .

initlevel       0x0000000008009a14       0xb0
                0x0000000008009a14                __init_start = .
                0x0000000008009a14                __init_EARLY_start = .
 *(SORT_BY_NAME(SORT_BY_ALIGNMENT(.z_init_EARLY?_*)))
 *(SORT_BY_NAME(SORT_BY_ALIGNMENT(.z_init_EARLY??_*)))
                0x0000000008009a14                __init_PRE_KERNEL_1_start = .
 *(SORT_BY_NAME(SORT_BY_ALIGNMENT(.z_init_PRE_KERNEL_1?_*)))
 .z_init_PRE_KERNEL_10_0_
                0x0000000008009a14        0x8 zephyr/libzephyr.a(soc.c.obj)
 .z_init_PRE_KERNEL_11_00007_
                0x0000000008009a1c        0x8 zephyr/drivers/clock_control/libdrivers__clock_control.a(clock_stm32_ll_common.c.obj)
 .z_init_PRE_KERNEL_11_0_
                0x0000000008009a24        0x8 zephyr/libzephyr.a(soc_config.c.obj)
 *(SORT_BY_NAME(SORT_BY_ALIGNMENT(.z_init_PRE_KERNEL_1??_*)))
 .z_init_PRE_KERNEL_135_00049_
                0x0000000008009a2c        0x8 zephyr/drivers/reset/libdrivers__reset.a(reset_stm32.c.obj)
 .z_init_PRE_KERNEL_140_00013_
                0x0000000008009a34        0x8 zephyr/drivers/gpio/libdrivers__gpio.a(gpio_stm32.c.obj)
 .z_init_PRE_KERNEL_140_00015_
                0x0000000008009a3c        0x8 zephyr/drivers/gpio/libdrivers__gpio.a(gpio_stm32.c.obj)
 .z_init_PRE_KERNEL_140_00045_
                0x0000000008009a44        0x8 zephyr/drivers/interrupt_controller/libdrivers__interrupt_controller.a(intc_exti_stm32.c.obj)
 .z_init_PRE_KERNEL_140_00071_
                0x0000000008009a4c        0x8 zephyr/drivers/gpio/libdrivers__gpio.a(gpio_stm32.c.obj)
 .z_init_PRE_KERNEL_140_00072_
                0x0000000008009a54        0x8 zephyr/drivers/gpio/libdrivers__gpio.a(gpio_stm32.c.obj)
 .z_init_PRE_KERNEL_155_00050_
                0x0000000008009a5c        0x8 zephyr/drivers/serial/libdrivers__serial.a(uart_stm32.c.obj)
 .z_init_PRE_KERNEL_155_00053_
                0x0000000008009a64        0x8 zephyr/drivers/serial/libdrivers__serial.a(uart_stm32.c.obj)
 .z_init_PRE_KERNEL_155_00056_
                0x0000000008009a6c        0x8 zephyr/drivers/serial/libdrivers__serial.a(uart_stm32.c.obj)
 .z_init_PRE_KERNEL_160_0_
                0x0000000008009a74        0x8 zephyr/drivers/console/libdrivers__console.a(uart_console.c.obj)
                0x0000000008009a7c                __init_PRE_KERNEL_2_start = .
 *(SORT_BY_NAME(SORT_BY_ALIGNMENT(.z_init_PRE_KERNEL_2?_*)))
 .z_init_PRE_KERNEL_20_0_
                0x0000000008009a7c        0x8 zephyr/drivers/timer/libdrivers__timer.a(cortex_m_systick.c.obj)
 *(SORT_BY_NAME(SORT_BY_ALIGNMENT(.z_init_PRE_KERNEL_2??_*)))
                0x0000000008009a84                __init_POST_KERNEL_start = .
 *(SORT_BY_NAME(SORT_BY_ALIGNMENT(.z_init_POST_KERNEL?_*)))
 .z_init_POST_KERNEL0_0_
                0x0000000008009a84        0x8 zephyr/libzephyr.a(log_core.c.obj)
 *(SORT_BY_NAME(SORT_BY_ALIGNMENT(.z_init_POST_KERNEL??_*)))
 .z_init_POST_KERNEL40_0_
                0x0000000008009a8c        0x8 zephyr/lib/libc/common/liblib__libc__common.a(malloc.c.obj)
 .z_init_POST_KERNEL40_0_
                0x0000000008009a94        0x8 zephyr/kernel/libkernel.a(system_work_q.c.obj)
 .z_init_POST_KERNEL70_00061_
                0x0000000008009a9c        0x8 zephyr/drivers/spi/libdrivers__spi.a(spi_ll_stm32.c.obj)
 .z_init_POST_KERNEL70_00075_
                0x0000000008009aa4        0x8 zephyr/drivers/spi/libdrivers__spi.a(spi_ll_stm32.c.obj)
 .z_init_POST_KERNEL75_00014_
                0x0000000008009aac        0x8 zephyr/drivers/regulator/libdrivers__regulator.a(regulator_fixed.c.obj)
 .z_init_POST_KERNEL75_00016_
                0x0000000008009ab4        0x8 zephyr/drivers/regulator/libdrivers__regulator.a(regulator_fixed.c.obj)
 .z_init_POST_KERNEL90_00076_
                0x0000000008009abc        0x8 zephyr/drivers/lora/libloramac-node.a(sx126x.c.obj)
                0x0000000008009ac4                __init_APPLICATION_start = .
 *(SORT_BY_NAME(SORT_BY_ALIGNMENT(.z_init_APPLICATION?_*)))
 *(SORT_BY_NAME(SORT_BY_ALIGNMENT(.z_init_APPLICATION??_*)))
                0x0000000008009ac4                __init_SMP_start = .
 *(SORT_BY_NAME(SORT_BY_ALIGNMENT(.z_init_SMP?_*)))
 *(SORT_BY_NAME(SORT_BY_ALIGNMENT(.z_init_SMP??_*)))
                0x0000000008009ac4                __init_end = .

device_area     0x0000000008009ac4      0x12c
                0x0000000008009ac4                _device_list_start = .
 *(SORT_BY_NAME(SORT_BY_ALIGNMENT(._device.static.*_?_*)))
 ._device.static.1_1_
                0x0000000008009ac4       0x14 zephyr/drivers/clock_control/libdrivers__clock_control.a(clock_stm32_ll_common.c.obj)
                0x0000000008009ac4                __device_dts_ord_7
 *(SORT_BY_NAME(SORT_BY_ALIGNMENT(._device.static.*_??_*)))
 ._device.static.1_35_
                0x0000000008009ad8       0x14 zephyr/drivers/reset/libdrivers__reset.a(reset_stm32.c.obj)
                0x0000000008009ad8                __device_dts_ord_49
 ._device.static.1_40_
                0x0000000008009aec       0x14 zephyr/drivers/interrupt_controller/libdrivers__interrupt_controller.a(intc_exti_stm32.c.obj)
                0x0000000008009aec                __device_dts_ord_45
 ._device.static.1_40_
                0x0000000008009b00       0x50 zephyr/drivers/gpio/libdrivers__gpio.a(gpio_stm32.c.obj)
                0x0000000008009b00                __device_dts_ord_72
                0x0000000008009b14                __device_dts_ord_71
                0x0000000008009b28                __device_dts_ord_15
                0x0000000008009b3c                __device_dts_ord_13
 ._device.static.1_55_
                0x0000000008009b50       0x3c zephyr/drivers/serial/libdrivers__serial.a(uart_stm32.c.obj)
                0x0000000008009b50                __device_dts_ord_53
                0x0000000008009b64                __device_dts_ord_50
                0x0000000008009b78                __device_dts_ord_56