Archive member included to satisfy reference by file (symbol)

app/libapp.a(main.c.obj)      (--whole-archive)
zephyr/libzephyr.a(heap.c.obj)
                              (--whole-archive)
zephyr/libzephyr.a(cbprintf_packaged.c.obj)
                              (--whole-archive)
zephyr/libzephyr.a(printk.c.obj)
                              (--whole-archive)
zephyr/libzephyr.a(sem.c.obj)
                              (--whole-archive)
zephyr/libzephyr.a(thread_entry.c.obj)
                              (--whole-archive)
zephyr/libzephyr.a(cbprintf_complete.c.obj)
                              (--whole-archive)
zephyr/libzephyr.a(assert.c.obj)
                              (--whole-archive)
zephyr/libzephyr.a(mpsc_pbuf.c.obj)
                              (--whole-archive)
zephyr/libzephyr.a(dec.c.obj)
                              (--whole-archive)
zephyr/libzephyr.a(hex.c.obj)
                              (--whole-archive)
zephyr/libzephyr.a(rb.c.obj)  (--whole-archive)
zephyr/libzephyr.a(timeutil.c.obj)
                              (--whole-archive)
zephyr/libzephyr.a(bitarray.c.obj)
                              (--whole-archive)
zephyr/libzephyr.a(configs.c.obj)
                              (--whole-archive)
zephyr/libzephyr.a(soc.c.obj)
                              (--whole-archive)
zephyr/libzephyr.a(stm32cube_hal.c.obj)
                              (--whole-archive)
zephyr/libzephyr.a(soc_config.c.obj)
                              (--whole-archive)
zephyr/libzephyr.a(log_core.c.obj)
                              (--whole-archive)
zephyr/libzephyr.a(log_mgmt.c.obj)
                              (--whole-archive)
zephyr/libzephyr.a(log_cache.c.obj)
                              (--whole-archive)
zephyr/libzephyr.a(log_msg.c.obj)
                              (--whole-archive)
zephyr/libzephyr.a(log_output.c.obj)
                              (--whole-archive)
zephyr/libzephyr.a(log_backend_uart.c.obj)
                              (--whole-archive)
zephyr/libzephyr.a(mem_attr.c.obj)
                              (--whole-archive)
zephyr/libzephyr.a(tracing_none.c.obj)
                              (--whole-archive)
zephyr/arch/common/libarch__common.a(sw_isr_common.c.obj)
                              (--whole-archive)
zephyr/arch/arch/arm/core/libarch__arm__core.a(fatal.c.obj)
                              (--whole-archive)
zephyr/arch/arch/arm/core/libarch__arm__core.a(nmi.c.obj)
                              (--whole-archive)
zephyr/arch/arch/arm/core/libarch__arm__core.a(nmi_on_reset.S.obj)
                              (--whole-archive)
zephyr/arch/arch/arm/core/libarch__arm__core.a(tls.c.obj)
                              (--whole-archive)
zephyr/arch/arch/arm/core/cortex_m/libarch__arm__core__cortex_m.a(exc_exit.S.obj)
                              (--whole-archive)
zephyr/arch/arch/arm/core/cortex_m/libarch__arm__core__cortex_m.a(fault.c.obj)
                              (--whole-archive)
zephyr/arch/arch/arm/core/cortex_m/libarch__arm__core__cortex_m.a(fault_s.S.obj)
                              (--whole-archive)
zephyr/arch/arch/arm/core/cortex_m/libarch__arm__core__cortex_m.a(fpu.c.obj)
                              (--whole-archive)
zephyr/arch/arch/arm/core/cortex_m/libarch__arm__core__cortex_m.a(reset.S.obj)
                              (--whole-archive)
zephyr/arch/arch/arm/core/cortex_m/libarch__arm__core__cortex_m.a(scb.c.obj)
                              (--whole-archive)
zephyr/arch/arch/arm/core/cortex_m/libarch__arm__core__cortex_m.a(thread_abort.c.obj)
                              (--whole-archive)
zephyr/arch/arch/arm/core/cortex_m/libarch__arm__core__cortex_m.a(vector_table.S.obj)
                              (--whole-archive)
zephyr/arch/arch/arm/core/cortex_m/libarch__arm__core__cortex_m.a(swap.c.obj)
                              (--whole-archive)
zephyr/arch/arch/arm/core/cortex_m/libarch__arm__core__cortex_m.a(swap_helper.S.obj)
                              (--whole-archive)
zephyr/arch/arch/arm/core/cortex_m/libarch__arm__core__cortex_m.a(irq_manage.c.obj)
                              (--whole-archive)
zephyr/arch/arch/arm/core/cortex_m/libarch__arm__core__cortex_m.a(prep_c.c.obj)
                              (--whole-archive)
zephyr/arch/arch/arm/core/cortex_m/libarch__arm__core__cortex_m.a(thread.c.obj)
                              (--whole-archive)
zephyr/arch/arch/arm/core/cortex_m/libarch__arm__core__cortex_m.a(cpu_idle.S.obj)
                              (--whole-archive)
zephyr/arch/arch/arm/core/cortex_m/libarch__arm__core__cortex_m.a(irq_init.c.obj)
                              (--whole-archive)
zephyr/arch/arch/arm/core/cortex_m/libarch__arm__core__cortex_m.a(isr_wrapper.S.obj)
                              (--whole-archive)
zephyr/arch/arch/arm/core/cortex_m/libarch__arm__core__cortex_m.a(__aeabi_read_tp.S.obj)
                              (--whole-archive)
zephyr/arch/arch/arm/core/mpu/libarch__arm__core__mpu.a(arm_core_mpu.c.obj)
[...]
Memory Configuration

Name             Origin             Length             Attributes
FLASH            0x0000000008000000 0x0000000000040000 xr
RAM              0x0000000020000000 0x0000000000010000 xw
IDT_LIST         0x00000000fffff7ff 0x0000000000000800 xw
*default*        0x0000000000000000 0xffffffffffffffff

Linker script and memory map

                0x0000000008006334                vfprintf = __d_vfprintf
                0x0000000000000000                vfscanf = __d_vfscanf
LOAD zephyr/CMakeFiles/zephyr_pre0.dir/misc/empty_file.c.obj
LOAD zephyr/CMakeFiles/offsets.dir/./arch/arm/core/offsets/offsets.c.obj
LOAD app/libapp.a
LOAD zephyr/libzephyr.a
LOAD zephyr/arch/common/libarch__common.a
LOAD zephyr/arch/arch/arm/core/libarch__arm__core.a
LOAD zephyr/arch/arch/arm/core/cortex_m/libarch__arm__core__cortex_m.a
LOAD zephyr/arch/arch/arm/core/mpu/libarch__arm__core__mpu.a
LOAD zephyr/lib/libc/picolibc/liblib__libc__picolibc.a
LOAD zephyr/lib/libc/common/liblib__libc__common.a
LOAD zephyr/drivers/interrupt_controller/libdrivers__interrupt_controller.a
LOAD zephyr/drivers/clock_control/libdrivers__clock_control.a
LOAD zephyr/drivers/console/libdrivers__console.a
LOAD zephyr/drivers/gpio/libdrivers__gpio.a
LOAD zephyr/drivers/lora/libloramac-node.a
LOAD zephyr/drivers/pinctrl/libdrivers__pinctrl.a
LOAD zephyr/drivers/regulator/libdrivers__regulator.a
LOAD zephyr/drivers/reset/libdrivers__reset.a
LOAD zephyr/drivers/serial/libdrivers__serial.a
LOAD zephyr/drivers/spi/libdrivers__spi.a
LOAD zephyr/drivers/timer/libdrivers__timer.a
LOAD modules/stm32/stm32cube/lib..__modules__hal__stm32__stm32cube.a
LOAD zephyr/kernel/libkernel.a
LOAD /home/cezary/zephyr-sdk-0.16.4/arm-zephyr-eabi/bin/../lib/gcc/arm-zephyr-eabi/12.2.0/thumb/v7e-m/nofp/libgcc.a
LOAD zephyr/arch/common/libisr_tables.a
LOAD /home/cezary/zephyr-sdk-0.16.4/arm-zephyr-eabi/bin/../lib/gcc/../../picolibc/arm-zephyr-eabi/lib/thumb/v7e-m/nofp/libc.a
LOAD /home/cezary/zephyr-sdk-0.16.4/arm-zephyr-eabi/bin/../lib/gcc/arm-zephyr-eabi/12.2.0/thumb/v7e-m/nofp/libgcc.a
                0x0000000000000020                _region_min_align = 0x20

.rel.plt        0x0000000008000000        0x0
 *(SORT_BY_ALIGNMENT(.rel.plt))
                [!provide]                        PROVIDE (__rel_iplt_start = .)
 *(SORT_BY_ALIGNMENT(.rel.iplt))
 .rel.iplt      0x0000000008000000        0x0 app/libapp.a(main.c.obj)
                [!provide]                        PROVIDE (__rel_iplt_end = .)

.rela.plt       0x0000000000000000        0x0
 *(SORT_BY_ALIGNMENT(.rela.plt))
                [!provide]                        PROVIDE (__rela_iplt_start = .)
 *(SORT_BY_ALIGNMENT(.rela.iplt))
                [!provide]                        PROVIDE (__rela_iplt_end = .)

.rel.dyn
 *(SORT_BY_ALIGNMENT(.rel.*))

.rela.dyn
 *(SORT_BY_ALIGNMENT(.rela.*))

/DISCARD/
 *(SORT_BY_ALIGNMENT(.plt))

/DISCARD/
 *(SORT_BY_ALIGNMENT(.iplt))
                0x0000000008000000                __rom_region_start = 0x8000000

rom_start       0x0000000008000000      0x138
                0x0000000008000000                __rom_start_address = .
 FILL mask 0x00
                0x0000000008000000                . = (. + (0x0 - (. - __rom_start_address)))
                0x0000000008000000                . = ALIGN (0x4)
                0x0000000008000000                . = ALIGN (0x80)
                0x0000000008000000                . = ALIGN (0x200)
                0x0000000008000000                _vector_start = .
 *(SORT_BY_ALIGNMENT(.exc_vector_table))
 *(SORT_BY_ALIGNMENT(.exc_vector_table.*))
 .exc_vector_table._vector_table_section
                0x0000000008000000       0x40 zephyr/arch/arch/arm/core/cortex_m/libarch__arm__core__cortex_m.a(vector_table.S.obj)
                0x0000000008000000                _vector_table
 *(SORT_BY_ALIGNMENT(.vectors))
                0x0000000008000138                _vector_end = .
                0x0000000008000040                . = ALIGN (0x4)
 *(SORT_BY_ALIGNMENT(.gnu.linkonce.irq_vector_table*))
 .gnu.linkonce.irq_vector_table
                0x0000000008000040       0xf8 zephyr/arch/common/libisr_tables.a(isr_tables.c.obj)
                0x0000000008000040                _irq_vector_table
                0x0000000008000138                _vector_end = .

text            0x0000000008000138     0x990c
                0x0000000008000138                __text_region_start = .
 *(SORT_BY_ALIGNMENT(.text))
 .text          0x0000000008000138       0x30 /home/cezary/zephyr-sdk-0.16.4/arm-zephyr-eabi/bin/../lib/gcc/arm-zephyr-eabi/12.2.0/thumb/v7e-m/nofp/libgcc.a(_aeabi_uldivmod.o)
                0x0000000008000138                __aeabi_uldivmod
 .text          0x0000000008000168        0x4 /home/cezary/zephyr-sdk-0.16.4/arm-zephyr-eabi/bin/../lib/gcc/arm-zephyr-eabi/12.2.0/thumb/v7e-m/nofp/libgcc.a(_dvmd_tls.o)
                0x0000000008000168                __aeabi_ldiv0
                0x0000000008000168                __aeabi_idiv0
 .text          0x000000000800016c      0x2a0 /home/cezary/zephyr-sdk-0.16.4/arm-zephyr-eabi/bin/../lib/gcc/arm-zephyr-eabi/12.2.0/thumb/v7e-m/nofp/libgcc.a(_udivmoddi4.o)
                0x000000000800016c                __udivmoddi4
 .text          0x000000000800040c       0x10 /home/cezary/zephyr-sdk-0.16.4/arm-zephyr-eabi/bin/../lib/gcc/../../picolibc/arm-zephyr-eabi/lib/thumb/v7e-m/nofp/libc.a(strlen.S.o)
                0x000000000800040c                strlen
 *(SORT_BY_ALIGNMENT(.text.*))
 .text.configureRx.part.0
                0x000000000800041c       0x14 app/libapp.a(main.c.obj)
 .text.configureRx
                0x0000000008000430       0x3c app/libapp.a(main.c.obj)
                0x0000000008000430                configureRx
 .text.configureTx
                0x000000000800046c       0x3c app/libapp.a(main.c.obj)
                0x000000000800046c                configureTx
 .text.recevMsg
                0x00000000080004a8       0x98 app/libapp.a(main.c.obj)
                0x00000000080004a8                recevMsg
 .text.sendMsg  0x0000000008000540       0x98 app/libapp.a(main.c.obj)
                0x0000000008000540                sendMsg
 .text.main     0x00000000080005d8       0x80 app/libapp.a(main.c.obj)
                0x00000000080005d8                main
 .text.cbvprintf_package
                0x0000000008000658      0x3a4 zephyr/libzephyr.a(cbprintf_packaged.c.obj)
                0x0000000008000658                cbvprintf_package
 .text.cbprintf_package_convert
                0x00000000080009fc      0x3c0 zephyr/libzephyr.a(cbprintf_packaged.c.obj)
                0x00000000080009fc                cbprintf_package_convert
 .text.__printk_hook_install
                0x0000000008000dbc        0xc zephyr/libzephyr.a(printk.c.obj)
                0x0000000008000dbc                __printk_hook_install
 .text.z_thread_entry
                0x0000000008000dc8       0x34 zephyr/libzephyr.a(thread_entry.c.obj)
                0x0000000008000dc8                z_thread_entry
 .text.stm32wl_init
                0x0000000008000dfc       0x28 zephyr/libzephyr.a(soc.c.obj)
 .text.st_stm32_common_config
                0x0000000008000e24       0x14 zephyr/libzephyr.a(soc_config.c.obj)
 .text.activate_foreach_backend
                0x0000000008000e38       0x64 zephyr/libzephyr.a(log_core.c.obj)
 .text.enable_logger
                0x0000000008000e9c       0x5c zephyr/libzephyr.a(log_core.c.obj)
 .text.log_process_thread_timer_expiry_fn
                0x0000000008000ef8        0xc zephyr/libzephyr.a(log_core.c.obj)
 .text.z_log_init
                0x0000000008000f04       0x8c zephyr/libzephyr.a(log_core.c.obj)
 .text.log_format_func_t_get
                0x0000000008000f90        0xc zephyr/libzephyr.a(log_core.c.obj)
                0x0000000008000f90                log_format_func_t_get
 .text.log_set_timestamp_func
                0x0000000008000f9c       0x20 zephyr/libzephyr.a(log_core.c.obj)
                0x0000000008000f9c                log_set_timestamp_func
 .text.z_log_notify_backend_enabled
                0x0000000008000fbc       0x1c zephyr/libzephyr.a(log_core.c.obj)
                0x0000000008000fbc                z_log_notify_backend_enabled
 .text.z_log_dropped
                0x0000000008000fd8       0x30 zephyr/libzephyr.a(log_core.c.obj)
                0x0000000008000fd8                z_log_dropped
 .text.z_log_dropped_read_and_clear
                0x0000000008001008       0x20 zephyr/libzephyr.a(log_core.c.obj)
                0x0000000008001008                z_log_dropped_read_and_clear
 .text.dropped_notify
                0x0000000008001028       0x30 zephyr/libzephyr.a(log_core.c.obj)
                0x0000000008001028                dropped_notify
 .text.z_log_msg_init
                0x0000000008001058       0x20 zephyr/libzephyr.a(log_core.c.obj)
                0x0000000008001058                z_log_msg_init
 .text.log_core_init
                0x0000000008001078       0x34 zephyr/libzephyr.a(log_core.c.obj)
                0x0000000008001078                log_core_init
 .text.z_log_msg_alloc
                0x00000000080010ac       0x10 zephyr/libzephyr.a(log_core.c.obj)
                0x00000000080010ac                z_log_msg_alloc
 .text.z_log_msg_local_claim
                0x00000000080010bc        0xc zephyr/libzephyr.a(log_core.c.obj)
                0x00000000080010bc                z_log_msg_local_claim
 .text.z_log_msg_free
                0x00000000080010c8       0x10 zephyr/libzephyr.a(log_core.c.obj)
                0x00000000080010c8                z_log_msg_free
 .text.z_log_msg_pending
                0x00000000080010d8        0xc zephyr/libzephyr.a(log_core.c.obj)
                0x00000000080010d8                z_log_msg_pending
 .text.z_impl_log_process
                0x00000000080010e4       0xb0 zephyr/libzephyr.a(log_core.c.obj)
                0x00000000080010e4                z_impl_log_process
 .text.z_impl_log_panic
                0x0000000008001194       0x44 zephyr/libzephyr.a(log_core.c.obj)
                0x0000000008001194                z_impl_log_panic
 .text.log_process_thread_func
                0x00000000080011d8       0xa4 zephyr/libzephyr.a(log_core.c.obj)
 .text.z_log_msg_post_finalize
                0x000000000800127c       0x78 zephyr/libzephyr.a(log_core.c.obj)
 .text.z_log_msg_commit
                0x00000000080012f4       0x24 zephyr/libzephyr.a(log_core.c.obj)
                0x00000000080012f4                z_log_msg_commit
 .text.log_source_name_get
                0x0000000008001318       0x1c zephyr/libzephyr.a(log_mgmt.c.obj)
                0x0000000008001318                log_source_name_get
 .text.log_backend_enable
                0x0000000008001334       0x28 zephyr/libzephyr.a(log_mgmt.c.obj)
                0x0000000008001334                log_backend_enable
 .text.z_impl_z_log_msg_static_create
                0x000000000800135c      0x108 zephyr/libzephyr.a(log_msg.c.obj)
                0x000000000800135c                z_impl_z_log_msg_static_create
 .text.z_log_msg_runtime_vcreate
                0x0000000008001464       0x8c zephyr/libzephyr.a(log_msg.c.obj)
                0x0000000008001464                z_log_msg_runtime_vcreate
 .text.print_formatted
                0x00000000080014f0       0x24 zephyr/libzephyr.a(log_output.c.obj)
 .text.newline_print
                0x0000000008001514       0x1c zephyr/libzephyr.a(log_output.c.obj)
 .text.log_output_process
                0x0000000008001530      0x2a8 zephyr/libzephyr.a(log_output.c.obj)
                0x0000000008001530                log_output_process
 .text.log_output_msg_process
                0x00000000080017d8       0x70 zephyr/libzephyr.a(log_output.c.obj)
                0x00000000080017d8                log_output_msg_process
 .text.log_output_dropped_process
                0x0000000008001848       0x58 zephyr/libzephyr.a(log_output.c.obj)
                0x0000000008001848                log_output_dropped_process
 .text.log_output_timestamp_freq_set
                0x00000000080018a0       0x2c zephyr/libzephyr.a(log_output.c.obj)
                0x00000000080018a0                log_output_timestamp_freq_set
 .text.char_out
                0x00000000080018cc       0x24 zephyr/libzephyr.a(log_backend_uart.c.obj)
 .text.mem_attr_get_regions
                0x00000000080018f0        0xc zephyr/libzephyr.a(mem_attr.c.obj)
                0x00000000080018f0                mem_attr_get_regions
 .text.z_arm_fatal_error
                0x00000000080018fc       0xa0 zephyr/arch/arch/arm/core/libarch__arm__core.a(fatal.c.obj)
                0x00000000080018fc                z_arm_fatal_error
 .text.z_SysNmiOnReset
                0x000000000800199c        0x8 zephyr/arch/arch/arm/core/libarch__arm__core.a(nmi_on_reset.S.obj)
                0x000000000800199c                z_SysNmiOnReset
 .text.arch_tls_stack_setup
                0x00000000080019a4       0x5c zephyr/arch/arch/arm/core/libarch__arm__core.a(tls.c.obj)
                0x00000000080019a4                arch_tls_stack_setup
 .text._HandlerModeExit
                0x0000000008001a00       0x1c zephyr/arch/arch/arm/core/cortex_m/libarch__arm__core__cortex_m.a(exc_exit.S.obj)
                0x0000000008001a00                z_arm_exc_exit
                0x0000000008001a00                z_arm_int_exit
 .text.bus_fault.constprop.0
                0x0000000008001a1c       0xb8 zephyr/arch/arch/arm/core/cortex_m/libarch__arm__core__cortex_m.a(fault.c.obj)
 .text.usage_fault.constprop.0
                0x0000000008001ad4       0xa8 zephyr/arch/arch/arm/core/cortex_m/libarch__arm__core__cortex_m.a(fault.c.obj)
 .text.mem_manage_fault
                0x0000000008001b7c       0xe4 zephyr/arch/arch/arm/core/cortex_m/libarch__arm__core__cortex_m.a(fault.c.obj)
 .text.z_arm_fault
                0x0000000008001c60      0x1d4 zephyr/arch/arch/arm/core/cortex_m/libarch__arm__core__cortex_m.a(fault.c.obj)
                0x0000000008001c60                z_arm_fault
 .text.z_arm_fault_init
                0x0000000008001e34       0x10 zephyr/arch/arch/arm/core/cortex_m/libarch__arm__core__cortex_m.a(fault.c.obj)
                0x0000000008001e34                z_arm_fault_init
 .text.__fault  0x0000000008001e44       0x14 zephyr/arch/arch/arm/core/cortex_m/libarch__arm__core__cortex_m.a(fault_s.S.obj)
                0x0000000008001e44                z_arm_bus_fault
                0x0000000008001e44                z_arm_usage_fault
                0x0000000008001e44                z_arm_mpu_fault
                0x0000000008001e44                z_arm_exc_spurious
                0x0000000008001e44                z_arm_debug_monitor
                0x0000000008001e44                z_arm_hard_fault
 .text._reset_section
                0x0000000008001e58       0x2c zephyr/arch/arch/arm/core/cortex_m/libarch__arm__core__cortex_m.a(reset.S.obj)
                0x0000000008001e58                z_arm_reset
                0x0000000008001e58                __start
 .text.z_impl_k_thread_abort
                0x0000000008001e84       0x2c zephyr/arch/arch/arm/core/cortex_m/libarch__arm__core__cortex_m.a(thread_abort.c.obj)
                0x0000000008001e84                z_impl_k_thread_abort
 .text.arch_swap
                0x0000000008001eb0       0x30 zephyr/arch/arch/arm/core/cortex_m/libarch__arm__core__cortex_m.a(swap.c.obj)
                0x0000000008001eb0                arch_swap
 .text.z_arm_pendsv
                0x0000000008001ee0       0x64 zephyr/arch/arch/arm/core/cortex_m/libarch__arm__core__cortex_m.a(swap_helper.S.obj)
                0x0000000008001ee0                z_arm_pendsv
 .text.z_arm_svc
                0x0000000008001f44       0x20 zephyr/arch/arch/arm/core/cortex_m/libarch__arm__core__cortex_m.a(swap_helper.S.obj)
                0x0000000008001f44                z_arm_svc
 .text.arch_irq_enable
                0x0000000008001f64       0x1c zephyr/arch/arch/arm/core/cortex_m/libarch__arm__core__cortex_m.a(irq_manage.c.obj)
                0x0000000008001f64                arch_irq_enable
 .text.arch_irq_disable
                0x0000000008001f80       0x28 zephyr/arch/arch/arm/core/cortex_m/libarch__arm__core__cortex_m.a(irq_manage.c.obj)
                0x0000000008001f80                arch_irq_disable
 .text.z_arm_irq_priority_set
                0x0000000008001fa8       0x30 zephyr/arch/arch/arm/core/cortex_m/libarch__arm__core__cortex_m.a(irq_manage.c.obj)
                0x0000000008001fa8                z_arm_irq_priority_set
 .text.z_prep_c
                0x0000000008001fd8       0x2c zephyr/arch/arch/arm/core/cortex_m/libarch__arm__core__cortex_m.a(prep_c.c.obj)
                0x0000000008001fd8                z_prep_c
 .text.arch_new_thread
                0x0000000008002004       0x38 zephyr/arch/arch/arm/core/cortex_m/libarch__arm__core__cortex_m.a(thread.c.obj)
                0x0000000008002004                arch_new_thread
 .text.z_check_thread_stack_fail
                0x000000000800203c       0x2c zephyr/arch/arch/arm/core/cortex_m/libarch__arm__core__cortex_m.a(thread.c.obj)
                0x000000000800203c                z_check_thread_stack_fail
 .text.arch_switch_to_main_thread
                0x0000000008002068       0x38 zephyr/arch/arch/arm/core/cortex_m/libarch__arm__core__cortex_m.a(thread.c.obj)
                0x0000000008002068                arch_switch_to_main_thread
 .text.z_arm_cpu_idle_init
                0x00000000080020a0        0xc zephyr/arch/arch/arm/core/cortex_m/libarch__arm__core__cortex_m.a(cpu_idle.S.obj)
                0x00000000080020a0                z_arm_cpu_idle_init
 .text.arch_cpu_idle
                0x00000000080020ac       0x1c zephyr/arch/arch/arm/core/cortex_m/libarch__arm__core__cortex_m.a(cpu_idle.S.obj)
                0x00000000080020ac                arch_cpu_idle
 .text.z_arm_interrupt_init
                0x00000000080020c8       0x18 zephyr/arch/arch/arm/core/cortex_m/libarch__arm__core__cortex_m.a(irq_init.c.obj)
                0x00000000080020c8                z_arm_interrupt_init
 .text._isr_wrapper
                0x00000000080020e0       0x28 zephyr/arch/arch/arm/core/cortex_m/libarch__arm__core__cortex_m.a(isr_wrapper.S.obj)
                0x00000000080020e0                _isr_wrapper
 .text.z_arm_configure_static_mpu_regions
                0x0000000008002108       0x18 zephyr/arch/arch/arm/core/mpu/libarch__arm__core__mpu.a(arm_core_mpu.c.obj)
                0x0000000008002108                z_arm_configure_static_mpu_regions
 .text.z_arm_configure_dynamic_mpu_regions
                0x0000000008002120       0x20 zephyr/arch/arch/arm/core/mpu/libarch__arm__core__mpu.a(arm_core_mpu.c.obj)
                0x0000000008002120                z_arm_configure_dynamic_mpu_regions
 .text.region_allocate_and_init
                0x0000000008002140       0x54 zephyr/arch/arch/arm/core/mpu/libarch__arm__core__mpu.a(arm_mpu.c.obj)
 .text.mpu_configure_regions
                0x0000000008002194       0x68 zephyr/arch/arch/arm/core/mpu/libarch__arm__core__mpu.a(arm_mpu.c.obj)
 .text.arm_core_mpu_enable
                0x00000000080021fc       0x18 zephyr/arch/arch/arm/core/mpu/libarch__arm__core__mpu.a(arm_mpu.c.obj)
                0x00000000080021fc                arm_core_mpu_enable
 .text.arm_core_mpu_disable
                0x0000000008002214       0x14 zephyr/arch/arch/arm/core/mpu/libarch__arm__core__mpu.a(arm_mpu.c.obj)
                0x0000000008002214                arm_core_mpu_disable
 .text.arm_core_mpu_configure_static_mpu_regions
                0x0000000008002228       0x14 zephyr/arch/arch/arm/core/mpu/libarch__arm__core__mpu.a(arm_mpu.c.obj)
                0x0000000008002228                arm_core_mpu_configure_static_mpu_regions
 .text.arm_core_mpu_configure_dynamic_mpu_regions
                0x000000000800223c       0x38 zephyr/arch/arch/arm/core/mpu/libarch__arm__core__mpu.a(arm_mpu.c.obj)
                0x000000000800223c                arm_core_mpu_configure_dynamic_mpu_regions
 .text.z_arm_mpu_init
                0x0000000008002274      0x160 zephyr/arch/arch/arm/core/mpu/libarch__arm__core__mpu.a(arm_mpu.c.obj)
                0x0000000008002274                z_arm_mpu_init
 .text.z_impl_zephyr_fputc
                0x00000000080023d4       0x10 zephyr/lib/libc/picolibc/liblib__libc__picolibc.a(libc-hooks.c.obj)
                0x00000000080023d4                z_impl_zephyr_fputc
 .text.__stdout_hook_install
                0x00000000080023e4       0x18 zephyr/lib/libc/picolibc/liblib__libc__picolibc.a(libc-hooks.c.obj)
                0x00000000080023e4                __stdout_hook_install
 .text.cbvprintf
                0x00000000080023fc       0x38 zephyr/lib/libc/picolibc/liblib__libc__picolibc.a(libc-hooks.c.obj)
                0x00000000080023fc                cbvprintf
 .text.malloc_prepare
                0x0000000008002434       0x24 zephyr/lib/libc/common/liblib__libc__common.a(malloc.c.obj)
 .text.stm32_exti_isr
                0x0000000008002458       0x4c zephyr/drivers/interrupt_controller/libdrivers__interrupt_controller.a(intc_exti_stm32.c.obj)
 .text.stm32_fill_irq_table
                0x00000000080024a4       0x18 zephyr/drivers/interrupt_controller/libdrivers__interrupt_controller.a(intc_exti_stm32.c.obj)
 .text.stm32_exti_enable
                0x00000000080024bc       0x28 zephyr/drivers/interrupt_controller/libdrivers__interrupt_controller.a(intc_exti_stm32.c.obj)
                0x00000000080024bc                stm32_exti_enable
 .text.stm32_exti_disable
                0x00000000080024e4       0x1c zephyr/drivers/interrupt_controller/libdrivers__interrupt_controller.a(intc_exti_stm32.c.obj)
                0x00000000080024e4                stm32_exti_disable
 .text.stm32_exti_trigger
                0x0000000008002500       0x60 zephyr/drivers/interrupt_controller/libdrivers__interrupt_controller.a(intc_exti_stm32.c.obj)
                0x0000000008002500                stm32_exti_trigger
 .text.stm32_exti_set_callback
                0x0000000008002560       0x30 zephyr/drivers/interrupt_controller/libdrivers__interrupt_controller.a(intc_exti_stm32.c.obj)
                0x0000000008002560                stm32_exti_set_callback
 .text.stm32_exti_unset_callback
                0x0000000008002590       0x14 zephyr/drivers/interrupt_controller/libdrivers__interrupt_controller.a(intc_exti_stm32.c.obj)
                0x0000000008002590                stm32_exti_unset_callback
 .text.stm32_clock_control_get_subsys_rate
                0x00000000080025a4       0x54 zephyr/drivers/clock_control/libdrivers__clock_control.a(clock_stm32_ll_common.c.obj)
 .text.stm32_clock_control_init
                0x00000000080025f8       0xdc zephyr/drivers/clock_control/libdrivers__clock_control.a(clock_stm32_ll_common.c.obj)
                0x00000000080025f8                stm32_clock_control_init
 .text.uart_console_init
                0x00000000080026d4       0x28 zephyr/drivers/console/libdrivers__console.a(uart_console.c.obj)
 .text.console_out
                0x00000000080026fc       0x28 zephyr/drivers/console/libdrivers__console.a(uart_console.c.obj)
 .text.gpio_stm32_init
                0x0000000008002724       0x30 zephyr/drivers/gpio/libdrivers__gpio.a(gpio_stm32.c.obj)
 .text.gpio_stm32_pin_interrupt_configure
                0x0000000008002754       0xe8 zephyr/drivers/gpio/libdrivers__gpio.a(gpio_stm32.c.obj)
 .text.timer_callback
                0x000000000800283c        0xc zephyr/drivers/lora/libloramac-node.a(hal_common.c.obj)
 .text.RtcGetTimerElapsedTime
                0x0000000008002848       0x14 zephyr/drivers/lora/libloramac-node.a(hal_common.c.obj)
                0x0000000008002848                RtcGetTimerElapsedTime
 .text.RtcStopAlarm
                0x000000000800285c        0xc zephyr/drivers/lora/libloramac-node.a(hal_common.c.obj)
                0x000000000800285c                RtcStopAlarm
 .text.RtcSetAlarm
                0x0000000008002868       0x20 zephyr/drivers/lora/libloramac-node.a(hal_common.c.obj)
                0x0000000008002868                RtcSetAlarm
 .text.RtcSetTimerContext
                0x0000000008002888       0x10 zephyr/drivers/lora/libloramac-node.a(hal_common.c.obj)
                0x0000000008002888                RtcSetTimerContext
 .text.RtcGetTimerContext
                0x0000000008002898        0xc zephyr/drivers/lora/libloramac-node.a(hal_common.c.obj)
                0x0000000008002898                RtcGetTimerContext
 .text.sx12xx_ev_rx_done
                0x00000000080028a4       0xac zephyr/drivers/lora/libloramac-node.a(sx12xx_common.c.obj)
 .text.modem_release.constprop.0
                0x0000000008002950       0x54 zephyr/drivers/lora/libloramac-node.a(sx12xx_common.c.obj)
 .text.sx12xx_ev_tx_done
                0x00000000080029a4       0x20 zephyr/drivers/lora/libloramac-node.a(sx12xx_common.c.obj)
 .text.__sx12xx_configure_pin
                0x00000000080029c4       0xd0 zephyr/drivers/lora/libloramac-node.a(sx12xx_common.c.obj)
                0x00000000080029c4                __sx12xx_configure_pin
 .text.sx12xx_lora_send_async
                0x0000000008002a94       0x4c zephyr/drivers/lora/libloramac-node.a(sx12xx_common.c.obj)
                0x0000000008002a94                sx12xx_lora_send_async
 .text.sx12xx_lora_send
                0x0000000008002ae0       0xb8 zephyr/drivers/lora/libloramac-node.a(sx12xx_common.c.obj)
                0x0000000008002ae0                sx12xx_lora_send
 .text.sx12xx_lora_recv
                0x0000000008002b98       0xbc zephyr/drivers/lora/libloramac-node.a(sx12xx_common.c.obj)
                0x0000000008002b98                sx12xx_lora_recv
 .text.sx12xx_lora_recv_async
                0x0000000008002c54       0x54 zephyr/drivers/lora/libloramac-node.a(sx12xx_common.c.obj)
                0x0000000008002c54                sx12xx_lora_recv_async
 .text.sx12xx_lora_config
                0x0000000008002ca8       0xbc zephyr/drivers/lora/libloramac-node.a(sx12xx_common.c.obj)
                0x0000000008002ca8                sx12xx_lora_config
 .text.sx12xx_lora_test_cw
                0x0000000008002d64       0x40 zephyr/drivers/lora/libloramac-node.a(sx12xx_common.c.obj)
                0x0000000008002d64                sx12xx_lora_test_cw
 .text.sx12xx_init
                0x0000000008002da4       0x58 zephyr/drivers/lora/libloramac-node.a(sx12xx_common.c.obj)
                0x0000000008002da4                sx12xx_init
 .text.sx126x_set_rx_enable
                0x0000000008002dfc       0x10 zephyr/drivers/lora/libloramac-node.a(sx126x.c.obj)
 .text.sx126x_set_tx_enable
                0x0000000008002e0c       0x10 zephyr/drivers/lora/libloramac-node.a(sx126x.c.obj)
 .text.sx126x_dio1_irq_work_handler.part.0
                0x0000000008002e1c       0x14 zephyr/drivers/lora/libloramac-node.a(sx126x.c.obj)
 .text.sx126x_dio1_irq_work_handler
                0x0000000008002e30       0x38 zephyr/drivers/lora/libloramac-node.a(sx126x.c.obj)
 .text.sx126x_lora_init
                0x0000000008002e68       0xa4 zephyr/drivers/lora/libloramac-node.a(sx126x.c.obj)
 .text.SX126xGetOperatingMode
                0x0000000008002f0c        0xc zephyr/drivers/lora/libloramac-node.a(sx126x.c.obj)
                0x0000000008002f0c                SX126xGetOperatingMode
 .text.SX126xSetOperatingMode
                0x0000000008002f18       0x4c zephyr/drivers/lora/libloramac-node.a(sx126x.c.obj)
                0x0000000008002f18                SX126xSetOperatingMode
 .text.SX126xIoIrqInit
                0x0000000008002f64        0xc zephyr/drivers/lora/libloramac-node.a(sx126x.c.obj)
                0x0000000008002f64                SX126xIoIrqInit
 .text.SX126xReset
                0x0000000008002f70       0x18 zephyr/drivers/lora/libloramac-node.a(sx126x.c.obj)
                0x0000000008002f70                SX126xReset
 .text.SX126xWaitOnBusy
                0x0000000008002f88       0x1c zephyr/drivers/lora/libloramac-node.a(sx126x.c.obj)
                0x0000000008002f88                SX126xWaitOnBusy
 .text.sx126x_spi_transceive.isra.0
                0x0000000008002fa4       0x7c zephyr/drivers/lora/libloramac-node.a(sx126x.c.obj)
 .text.SX126xWakeup
                0x0000000008003020       0x60 zephyr/drivers/lora/libloramac-node.a(sx126x.c.obj)
                0x0000000008003020                SX126xWakeup
 .text.SX126xGetDio1PinState
                0x0000000008003080        0xc zephyr/drivers/lora/libloramac-node.a(sx126x.c.obj)
                0x0000000008003080                SX126xGetDio1PinState
 .text.sx126x_is_busy
                0x000000000800308c       0x10 zephyr/drivers/lora/libloramac-node.a(sx126x_stm32wl.c.obj)
                0x000000000800308c                sx126x_is_busy
 .text.sx126x_dio1_irq_enable
                0x000000000800309c       0x14 zephyr/drivers/lora/libloramac-node.a(sx126x_stm32wl.c.obj)
                0x000000000800309c                sx126x_dio1_irq_enable
 .text.sx126x_variant_init
                0x00000000080030b0       0x28 zephyr/drivers/lora/libloramac-node.a(sx126x_stm32wl.c.obj)
                0x00000000080030b0                sx126x_variant_init
 .text.TimerInsertNewHeadTimer
                0x00000000080030d8       0x18 zephyr/drivers/lora/libloramac-node.a(timer.c.obj)
 .text.TimerStart
                0x00000000080030f0       0x70 zephyr/drivers/lora/libloramac-node.a(timer.c.obj)
                0x00000000080030f0                TimerStart
 .text.TimerIrqHandler
                0x0000000008003160       0x7c zephyr/drivers/lora/libloramac-node.a(timer.c.obj)
                0x0000000008003160                TimerIrqHandler
 .text.TimerStop
                0x00000000080031dc       0x54 zephyr/drivers/lora/libloramac-node.a(timer.c.obj)
                0x00000000080031dc                TimerStop
 .text.SX126xSetCrcSeed
                0x0000000008003230       0x24 zephyr/drivers/lora/libloramac-node.a(sx126x.c.obj)
                0x0000000008003230                SX126xSetCrcSeed
 .text.SX126xSetCrcPolynomial
                0x0000000008003254       0x24 zephyr/drivers/lora/libloramac-node.a(sx126x.c.obj)
                0x0000000008003254                SX126xSetCrcPolynomial
 .text.SX126xSetWhiteningSeed
                0x0000000008003278       0x38 zephyr/drivers/lora/libloramac-node.a(sx126x.c.obj)
                0x0000000008003278                SX126xSetWhiteningSeed
 .text.SX126xSetSleep
                0x00000000080032b0       0x3c zephyr/drivers/lora/libloramac-node.a(sx126x.c.obj)
                0x00000000080032b0                SX126xSetSleep
 .text.SX126xInit
                0x00000000080032ec       0x34 zephyr/drivers/lora/libloramac-node.a(sx126x.c.obj)
                0x00000000080032ec                SX126xInit
 .text.SX126xCalibrateImage
                0x0000000008003320       0x64 zephyr/drivers/lora/libloramac-node.a(sx126x.c.obj)
                0x0000000008003320                SX126xCalibrateImage
 .text.SX126xSetRfFrequency
                0x0000000008003384       0x48 zephyr/drivers/lora/libloramac-node.a(sx126x.c.obj)
                0x0000000008003384                SX126xSetRfFrequency
 .text.SX126xSetPacketType
                0x00000000080033cc       0x20 zephyr/drivers/lora/libloramac-node.a(sx126x.c.obj)
                0x00000000080033cc                SX126xSetPacketType
 .text.SX126xGetPacketType
                0x00000000080033ec        0xc zephyr/drivers/lora/libloramac-node.a(sx126x.c.obj)
                0x00000000080033ec                SX126xGetPacketType
 .text.SX126xSetModulationParams
                0x00000000080033f8       0x98 zephyr/drivers/lora/libloramac-node.a(sx126x.c.obj)
                0x00000000080033f8                SX126xSetModulationParams
 .text.SX126xSetPacketParams
                0x0000000008003490       0xbc zephyr/drivers/lora/libloramac-node.a(sx126x.c.obj)
                0x0000000008003490                SX126xSetPacketParams
 .text.SX126xGetRxBufferStatus
                0x000000000800354c       0x44 zephyr/drivers/lora/libloramac-node.a(sx126x.c.obj)
                0x000000000800354c                SX126xGetRxBufferStatus
 .text.SX126xGetPacketStatus
                0x0000000008003590       0x78 zephyr/drivers/lora/libloramac-node.a(sx126x.c.obj)
                0x0000000008003590                SX126xGetPacketStatus
 .text.RadioOnTxTimeoutIrq
                0x0000000008003608       0x14 zephyr/drivers/lora/libloramac-node.a(radio.c.obj)
                0x0000000008003608                RadioOnTxTimeoutIrq
 .text.RadioOnRxTimeoutIrq
                0x000000000800361c       0x14 zephyr/drivers/lora/libloramac-node.a(radio.c.obj)
                0x000000000800361c                RadioOnRxTimeoutIrq
 .text.RadioOnDioIrq
                0x0000000008003630        0xc zephyr/drivers/lora/libloramac-node.a(radio.c.obj)
                0x0000000008003630                RadioOnDioIrq
 .text.RadioGetStatus
                0x000000000800363c       0x1c zephyr/drivers/lora/libloramac-node.a(radio.c.obj)
                0x000000000800363c                RadioGetStatus
 .text.RadioSend
                0x0000000008003658       0x5c zephyr/drivers/lora/libloramac-node.a(radio.c.obj)
                0x0000000008003658                RadioSend
 .text.RadioSetTxContinuousWave
                0x00000000080036b4       0x30 zephyr/drivers/lora/libloramac-node.a(radio.c.obj)
                0x00000000080036b4                RadioSetTxContinuousWave
 .text.RadioIrqProcess
                0x00000000080036e4      0x17c zephyr/drivers/lora/libloramac-node.a(radio.c.obj)
                0x00000000080036e4                RadioIrqProcess
 .text.RadioGetFskBandwidthRegValue
                0x0000000008003860       0x34 zephyr/drivers/lora/libloramac-node.a(radio.c.obj)
 .text.RadioSetMaxPayloadLength
                0x0000000008003894       0x30 zephyr/drivers/lora/libloramac-node.a(radio.c.obj)
                0x0000000008003894                RadioSetMaxPayloadLength
 .text.RadioRx  0x00000000080038c4       0x48 zephyr/drivers/lora/libloramac-node.a(radio.c.obj)
                0x00000000080038c4                RadioRx
 .text.RadioRxBoosted
                0x000000000800390c       0x48 zephyr/drivers/lora/libloramac-node.a(radio.c.obj)
                0x000000000800390c                RadioRxBoosted
 .text.RadioTimeOnAir
                0x0000000008003954       0xe4 zephyr/drivers/lora/libloramac-node.a(radio.c.obj)
                0x0000000008003954                RadioTimeOnAir
 .text.RadioSetPublicNetwork
                0x0000000008003a38       0x3c zephyr/drivers/lora/libloramac-node.a(radio.c.obj)
                0x0000000008003a38                RadioSetPublicNetwork
 .text.RadioSetModem.part.0
                0x0000000008003a74       0x24 zephyr/drivers/lora/libloramac-node.a(radio.c.obj)
 .text.RadioSetModem
                0x0000000008003a98       0x20 zephyr/drivers/lora/libloramac-node.a(radio.c.obj)
                0x0000000008003a98                RadioSetModem
 .text.RadioSetRxConfig
                0x0000000008003ab8      0x1e0 zephyr/drivers/lora/libloramac-node.a(radio.c.obj)
                0x0000000008003ab8                RadioSetRxConfig
 .text.RadioSetTxConfig
                0x0000000008003c98      0x194 zephyr/drivers/lora/libloramac-node.a(radio.c.obj)
                0x0000000008003c98                RadioSetTxConfig
 .text.RadioInit
                0x0000000008003e2c       0x7c zephyr/drivers/lora/libloramac-node.a(radio.c.obj)
                0x0000000008003e2c                RadioInit
 .text.pinctrl_configure_pins
                0x0000000008003ea8       0x84 zephyr/drivers/pinctrl/libdrivers__pinctrl.a(pinctrl_stm32.c.obj)
                0x0000000008003ea8                pinctrl_configure_pins
 .text.regulator_fixed_init
                0x0000000008003f2c       0x94 zephyr/drivers/regulator/libdrivers__regulator.a(regulator_fixed.c.obj)
 .text.uart_stm32_cfg2ll_stopbits
                0x0000000008003fc0       0x38 zephyr/drivers/serial/libdrivers__serial.a(uart_stm32.c.obj)
 .text.lpuartdiv_calc
                0x0000000008003ff8       0x30 zephyr/drivers/serial/libdrivers__serial.a(uart_stm32.c.obj)
                0x0000000008003ff8                lpuartdiv_calc
 .text.uart_stm32_set_baudrate
                0x0000000008004028      0x114 zephyr/drivers/serial/libdrivers__serial.a(uart_stm32.c.obj)
 .text.uart_stm32_configure
                0x000000000800413c       0xf0 zephyr/drivers/serial/libdrivers__serial.a(uart_stm32.c.obj)
 .text.uart_stm32_init
                0x000000000800422c      0x1b4 zephyr/drivers/serial/libdrivers__serial.a(uart_stm32.c.obj)
 .text.spi_stm32_init
                0x00000000080043e0      0x138 zephyr/drivers/spi/libdrivers__spi.a(spi_ll_stm32.c.obj)
 .text.spi_stm32_transceive
                0x0000000008004518      0x564 zephyr/drivers/spi/libdrivers__spi.a(spi_ll_stm32.c.obj)
 .text.elapsed  0x0000000008004a7c       0x4c zephyr/drivers/timer/libdrivers__timer.a(cortex_m_systick.c.obj)
 .text.sys_clock_driver_init
                0x0000000008004ac8       0x38 zephyr/drivers/timer/libdrivers__timer.a(cortex_m_systick.c.obj)
 .text.sys_clock_isr
                0x0000000008004b00       0x44 zephyr/drivers/timer/libdrivers__timer.a(cortex_m_systick.c.obj)
                0x0000000008004b00                sys_clock_isr
 .text.sys_clock_set_timeout
                0x0000000008004b44       0xe8 zephyr/drivers/timer/libdrivers__timer.a(cortex_m_systick.c.obj)
                0x0000000008004b44                sys_clock_set_timeout
 .text.sys_clock_elapsed
                0x0000000008004c2c       0x3c zephyr/drivers/timer/libdrivers__timer.a(cortex_m_systick.c.obj)
                0x0000000008004c2c                sys_clock_elapsed
 .text.sys_clock_cycle_get_32
                0x0000000008004c68       0x2c zephyr/drivers/timer/libdrivers__timer.a(cortex_m_systick.c.obj)
                0x0000000008004c68                sys_clock_cycle_get_32
 .text.HAL_RCC_GetSysClockFreq
                0x0000000008004c94       0xe4 modules/stm32/stm32cube/lib..__modules__hal__stm32__stm32cube.a(stm32wlxx_hal_rcc.c.obj)
                0x0000000008004c94                HAL_RCC_GetSysClockFreq
 .text.LL_SetFlashLatency
                0x0000000008004d78       0xa4 modules/stm32/stm32cube/lib..__modules__hal__stm32__stm32cube.a(stm32wlxx_ll_utils.c.obj)
                0x0000000008004d78                LL_SetFlashLatency
 .text.k_sys_fatal_error_handler
                0x0000000008004e1c       0x20 zephyr/kernel/libkernel.a(fatal.c.obj)
                0x0000000008004e1c                k_sys_fatal_error_handler
 .text.z_fatal_error
                0x0000000008004e3c       0xe8 zephyr/kernel/libkernel.a(fatal.c.obj)
                0x0000000008004e3c                z_fatal_error
 .text.z_sys_init_run_level
                0x0000000008004f24       0x48 zephyr/kernel/libkernel.a(init.c.obj)
 .text.bg_thread_main
                0x0000000008004f6c       0x34 zephyr/kernel/libkernel.a(init.c.obj)
 .text.z_bss_zero
                0x0000000008004fa0       0x18 zephyr/kernel/libkernel.a(init.c.obj)
                0x0000000008004fa0                z_bss_zero
 .text.z_init_cpu
                0x0000000008004fb8       0x8c zephyr/kernel/libkernel.a(init.c.obj)
                0x0000000008004fb8                z_init_cpu
 .text.z_cstart
                0x0000000008005044       0xdc zephyr/kernel/libkernel.a(init.c.obj)
                0x0000000008005044                z_cstart
 .text.z_setup_new_thread
                0x0000000008005120       0x80 zephyr/kernel/libkernel.a(thread.c.obj)
                0x0000000008005120                z_setup_new_thread
 .text.z_impl_k_thread_create
                0x00000000080051a0       0x58 zephyr/kernel/libkernel.a(thread.c.obj)
                0x00000000080051a0                z_impl_k_thread_create
 .text.z_init_static_threads
                0x00000000080051f8       0x98 zephyr/kernel/libkernel.a(thread.c.obj)
                0x00000000080051f8                z_init_static_threads
 .text.sliceable
                0x0000000008005290       0x3c zephyr/kernel/libkernel.a(sched.c.obj)
 .text.slice_timeout
                0x00000000080052cc       0x20 zephyr/kernel/libkernel.a(sched.c.obj)
 .text.z_reset_time_slice
                0x00000000080052ec       0x50 zephyr/kernel/libkernel.a(sched.c.obj)
                0x00000000080052ec                z_reset_time_slice
 .text.update_cache
                0x000000000800533c       0x3c zephyr/kernel/libkernel.a(sched.c.obj)
 .text.move_thread_to_end_of_prio_q
                0x0000000008005378       0x74 zephyr/kernel/libkernel.a(sched.c.obj)
 .text.ready_thread
                0x00000000080053ec       0x68 zephyr/kernel/libkernel.a(sched.c.obj)
 .text.unready_thread
                0x0000000008005454       0x30 zephyr/kernel/libkernel.a(sched.c.obj)
 .text.pend_locked
                0x0000000008005484       0x30 zephyr/kernel/libkernel.a(sched.c.obj)
 .text.z_thread_halt
                0x00000000080054b4       0xa0 zephyr/kernel/libkernel.a(sched.c.obj)
 .text.z_time_slice
                0x0000000008005554       0x60 zephyr/kernel/libkernel.a(sched.c.obj)
                0x0000000008005554                z_time_slice
 .text.z_pend_curr
                0x00000000080055b4       0x3c zephyr/kernel/libkernel.a(sched.c.obj)
                0x00000000080055b4                z_pend_curr
 .text.z_reschedule
                0x00000000080055f0       0x24 zephyr/kernel/libkernel.a(sched.c.obj)
                0x00000000080055f0                z_reschedule
 .text.z_sched_start
                0x0000000008005614       0x3c zephyr/kernel/libkernel.a(sched.c.obj)
                0x0000000008005614                z_sched_start
 .text.z_reschedule_irqlock
                0x0000000008005650       0x28 zephyr/kernel/libkernel.a(sched.c.obj)
                0x0000000008005650                z_reschedule_irqlock
 .text.k_sched_lock
                0x0000000008005678       0x28 zephyr/kernel/libkernel.a(sched.c.obj)
                0x0000000008005678                k_sched_lock
 .text.k_sched_unlock
                0x00000000080056a0       0x38 zephyr/kernel/libkernel.a(sched.c.obj)
                0x00000000080056a0                k_sched_unlock
 .text.z_sched_init
                0x00000000080056d8       0x10 zephyr/kernel/libkernel.a(sched.c.obj)
                0x00000000080056d8                z_sched_init
 .text.z_impl_k_yield
                0x00000000080056e8       0x7c zephyr/kernel/libkernel.a(sched.c.obj)
                0x00000000080056e8                z_impl_k_yield
 .text.z_tick_sleep
                0x0000000008005764       0x88 zephyr/kernel/libkernel.a(sched.c.obj)
 .text.z_impl_k_sleep
                0x00000000080057ec       0x3c zephyr/kernel/libkernel.a(sched.c.obj)
                0x00000000080057ec                z_impl_k_sleep
 .text.z_impl_k_sched_current_thread_query
                0x0000000008005828        0xc zephyr/kernel/libkernel.a(sched.c.obj)
                0x0000000008005828                z_impl_k_sched_current_thread_query
 .text.z_sched_wait
                0x0000000008005834       0x24 zephyr/kernel/libkernel.a(sched.c.obj)
                0x0000000008005834                z_sched_wait
 .text.z_impl_k_sem_give
                0x0000000008005858       0x4c zephyr/kernel/libkernel.a(sem.c.obj)
                0x0000000008005858                z_impl_k_sem_give
 .text.z_impl_k_sem_take
                0x00000000080058a4       0x50 zephyr/kernel/libkernel.a(sem.c.obj)
                0x00000000080058a4                z_impl_k_sem_take
 .text.work_queue_main
                0x00000000080058f4      0x14c zephyr/kernel/libkernel.a(work.c.obj)
 .text.submit_to_queue_locked
                0x0000000008005a40       0xb4 zephyr/kernel/libkernel.a(work.c.obj)
 .text.k_work_submit
                0x0000000008005af4        0xc zephyr/kernel/libkernel.a(work.c.obj)
                0x0000000008005af4                k_work_submit
 .text.k_work_queue_start
                0x0000000008005b00       0x70 zephyr/kernel/libkernel.a(work.c.obj)
                0x0000000008005b00                k_work_queue_start
 .text.z_data_copy
                0x0000000008005b70       0x34 zephyr/kernel/libkernel.a(xip.c.obj)
                0x0000000008005b70                z_data_copy
 .text.elapsed  0x0000000008005ba4       0x14 zephyr/kernel/libkernel.a(timeout.c.obj)
 .text.next_timeout
                0x0000000008005bb8       0x40 zephyr/kernel/libkernel.a(timeout.c.obj)
 .text.remove_timeout
                0x0000000008005bf8       0x38 zephyr/kernel/libkernel.a(timeout.c.obj)
 .text.z_add_timeout
                0x0000000008005c30       0xec zephyr/kernel/libkernel.a(timeout.c.obj)
                0x0000000008005c30                z_add_timeout
 .text.sys_clock_announce
                0x0000000008005d1c       0xd4 zephyr/kernel/libkernel.a(timeout.c.obj)
                0x0000000008005d1c                sys_clock_announce
 .text.sys_clock_tick_get
                0x0000000008005df0       0x34 zephyr/kernel/libkernel.a(timeout.c.obj)
                0x0000000008005df0                sys_clock_tick_get
 .text.z_timer_expiration_handler
                0x0000000008005e24       0xe4 zephyr/kernel/libkernel.a(timer.c.obj)
                0x0000000008005e24                z_timer_expiration_handler
 .text.z_impl_k_timer_start
                0x0000000008005f08       0x74 zephyr/kernel/libkernel.a(timer.c.obj)
                0x0000000008005f08                z_impl_k_timer_start
 .text.z_impl_k_poll
                0x0000000008005f7c       0xb8 zephyr/kernel/libkernel.a(poll.c.obj)
                0x0000000008005f7c                z_impl_k_poll
 .text.z_impl_k_poll_signal_raise
                0x0000000008006034       0x50 zephyr/kernel/libkernel.a(poll.c.obj)
                0x0000000008006034                z_impl_k_poll_signal_raise
 .text.boot_banner
                0x0000000008006084        0xc zephyr/kernel/libkernel.a(banner.c.obj)
                0x0000000008006084                boot_banner
 .text.k_sys_work_q_init
                0x0000000008006090       0x34 zephyr/kernel/libkernel.a(system_work_q.c.obj)
 .text.snprintf
                0x00000000080060c4       0x58 /home/cezary/zephyr-sdk-0.16.4/arm-zephyr-eabi/bin/../lib/gcc/../../picolibc/arm-zephyr-eabi/lib/thumb/v7e-m/nofp/libc.a(libc_tinystdio_snprintf.c.o)
                0x00000000080060c4                snprintf
 .text.strtol   0x000000000800611c       0xe0 /home/cezary/zephyr-sdk-0.16.4/arm-zephyr-eabi/bin/../lib/gcc/../../picolibc/arm-zephyr-eabi/lib/thumb/v7e-m/nofp/libc.a(libc_tinystdio_strtol.c.o)
                0x000000000800611c                strtol
 .text.skip_to_arg
                0x00000000080061fc      0x138 /home/cezary/zephyr-sdk-0.16.4/arm-zephyr-eabi/bin/../lib/gcc/../../picolibc/arm-zephyr-eabi/lib/thumb/v7e-m/nofp/libc.a(libc_tinystdio_vfprintf.c.o)
 .text.vfprintf
                0x0000000008006334      0xbac /home/cezary/zephyr-sdk-0.16.4/arm-zephyr-eabi/bin/../lib/gcc/../../picolibc/arm-zephyr-eabi/lib/thumb/v7e-m/nofp/libc.a(libc_tinystdio_vfprintf.c.o)
                0x0000000008006334                __d_vfprintf
 .text.div10    0x0000000008006ee0       0x28 /home/cezary/zephyr-sdk-0.16.4/arm-zephyr-eabi/bin/../lib/gcc/../../picolibc/arm-zephyr-eabi/lib/thumb/v7e-m/nofp/libc.a(libc_tinystdio_dtoa_ryu.c.o)
 .text.__dtoa_engine
                0x0000000008006f08      0x4a4 /home/cezary/zephyr-sdk-0.16.4/arm-zephyr-eabi/bin/../lib/gcc/../../picolibc/arm-zephyr-eabi/lib/thumb/v7e-m/nofp/libc.a(libc_tinystdio_dtoa_ryu.c.o)
                0x0000000008006f08                __dtoa_engine
 .text.__pow5Factor
                0x00000000080073ac       0x30 /home/cezary/zephyr-sdk-0.16.4/arm-zephyr-eabi/bin/../lib/gcc/../../picolibc/arm-zephyr-eabi/lib/thumb/v7e-m/nofp/libc.a(libc_tinystdio_ryu_table.c.o)
                0x00000000080073ac                __pow5Factor
 .text.__double_computePow5
                0x00000000080073dc       0xe8 /home/cezary/zephyr-sdk-0.16.4/arm-zephyr-eabi/bin/../lib/gcc/../../picolibc/arm-zephyr-eabi/lib/thumb/v7e-m/nofp/libc.a(libc_tinystdio_ryu_table.c.o)
                0x00000000080073dc                __double_computePow5
 .text.__double_computeInvPow5
                0x00000000080074c4       0xf8 /home/cezary/zephyr-sdk-0.16.4/arm-zephyr-eabi/bin/../lib/gcc/../../picolibc/arm-zephyr-eabi/lib/thumb/v7e-m/nofp/libc.a(libc_tinystdio_ryu_table.c.o)
                0x00000000080074c4                __double_computeInvPow5
 .text.__log10Pow2
                0x00000000080075bc        0xc /home/cezary/zephyr-sdk-0.16.4/arm-zephyr-eabi/bin/../lib/gcc/../../picolibc/arm-zephyr-eabi/lib/thumb/v7e-m/nofp/libc.a(libc_tinystdio_ryu_log10.c.o)
                0x00000000080075bc                __log10Pow2
 .text.__log10Pow5
                0x00000000080075c8        0xc /home/cezary/zephyr-sdk-0.16.4/arm-zephyr-eabi/bin/../lib/gcc/../../picolibc/arm-zephyr-eabi/lib/thumb/v7e-m/nofp/libc.a(libc_tinystdio_ryu_log10.c.o)
                0x00000000080075c8                __log10Pow5
 .text.__pow5bits
                0x00000000080075d4       0x10 /home/cezary/zephyr-sdk-0.16.4/arm-zephyr-eabi/bin/../lib/gcc/../../picolibc/arm-zephyr-eabi/lib/thumb/v7e-m/nofp/libc.a(libc_tinystdio_ryu_pow5bits.c.o)
                0x00000000080075d4                __pow5bits
 .text._OffsetAbsSyms
                0x00000000080075e4        0x2 zephyr/CMakeFiles/offsets.dir/./arch/arm/core/offsets/offsets.c.obj
                0x00000000080075e4                _OffsetAbsSyms
 .text.chunk_size
                0x00000000080075e6        0xa zephyr/libzephyr.a(heap.c.obj)
 .text.free_list_add
                0x00000000080075f0       0x4e zephyr/libzephyr.a(heap.c.obj)
 .text.sys_heap_init
                0x000000000800763e       0x7a zephyr/libzephyr.a(heap.c.obj)
                0x000000000800763e                sys_heap_init
 .text.cbpprintf_external
                0x00000000080076b8       0x62 zephyr/libzephyr.a(cbprintf_packaged.c.obj)
                0x00000000080076b8                cbpprintf_external
 .text.is_ptr   0x000000000800771a       0x4a zephyr/libzephyr.a(cbprintf_packaged.c.obj)
                0x000000000800771a                is_ptr
 .text.arch_printk_char_out
                0x0000000008007764        0x4 zephyr/libzephyr.a(printk.c.obj)
                0x0000000008007764                arch_printk_char_out
 .text.printk   0x0000000008007768       0x1a zephyr/libzephyr.a(printk.c.obj)
                0x0000000008007768                printk
 .text.free_space
                0x0000000008007782       0x26 zephyr/libzephyr.a(mpsc_pbuf.c.obj)
 .text.get_usage
                0x00000000080077a8       0x22 zephyr/libzephyr.a(mpsc_pbuf.c.obj)
 .text.idx_inc  0x00000000080077ca       0x1c zephyr/libzephyr.a(mpsc_pbuf.c.obj)
 .text.rd_idx_inc
                0x00000000080077e6       0x18 zephyr/libzephyr.a(mpsc_pbuf.c.obj)
 .text.add_skip_item
                0x00000000080077fe       0x3a zephyr/libzephyr.a(mpsc_pbuf.c.obj)
 .text.drop_item_locked
                0x0000000008007838       0xee zephyr/libzephyr.a(mpsc_pbuf.c.obj)
 .text.post_drop_action
                0x0000000008007926       0x36 zephyr/libzephyr.a(mpsc_pbuf.c.obj)
 .text.max_utilization_update
                0x000000000800795c       0x1a zephyr/libzephyr.a(mpsc_pbuf.c.obj)
 .text.mpsc_pbuf_init
                0x0000000008007976       0x42 zephyr/libzephyr.a(mpsc_pbuf.c.obj)
                0x0000000008007976                mpsc_pbuf_init
 .text.mpsc_pbuf_alloc
                0x00000000080079b8       0xfc zephyr/libzephyr.a(mpsc_pbuf.c.obj)
                0x00000000080079b8                mpsc_pbuf_alloc
 .text.mpsc_pbuf_commit
                0x0000000008007ab4       0x40 zephyr/libzephyr.a(mpsc_pbuf.c.obj)
                0x0000000008007ab4                mpsc_pbuf_commit
 .text.mpsc_pbuf_claim
                0x0000000008007af4       0xa4 zephyr/libzephyr.a(mpsc_pbuf.c.obj)
                0x0000000008007af4                mpsc_pbuf_claim
 .text.mpsc_pbuf_free
                0x0000000008007b98       0x78 zephyr/libzephyr.a(mpsc_pbuf.c.obj)
                0x0000000008007b98                mpsc_pbuf_free
 .text.mpsc_pbuf_is_pending
                0x0000000008007c10       0x1a zephyr/libzephyr.a(mpsc_pbuf.c.obj)
                0x0000000008007c10                mpsc_pbuf_is_pending
 .text._ConfigAbsSyms
                0x0000000008007c2a        0x2 zephyr/libzephyr.a(configs.c.obj)
                0x0000000008007c2a                _ConfigAbsSyms
 .text.log_msg_generic_get_wlen
                0x0000000008007c2c       0x20 zephyr/libzephyr.a(log_core.c.obj)
 .text.dummy_timestamp
                0x0000000008007c4c        0x4 zephyr/libzephyr.a(log_core.c.obj)
 .text.atomic_inc
                0x0000000008007c50       0x1a zephyr/libzephyr.a(log_core.c.obj)
 .text.default_lf_get_timestamp
                0x0000000008007c6a       0x10 zephyr/libzephyr.a(log_core.c.obj)
 .text.z_log_vprintk
                0x0000000008007c7a       0x1c zephyr/libzephyr.a(log_core.c.obj)
                0x0000000008007c7a                z_log_vprintk
 .text.z_log_notify_drop
                0x0000000008007c96        0x6 zephyr/libzephyr.a(log_core.c.obj)
 .text.z_log_get_tag
                0x0000000008007c9c        0x4 zephyr/libzephyr.a(log_core.c.obj)
                0x0000000008007c9c                z_log_get_tag
 .text.z_cbprintf_cpy
                0x0000000008007ca0       0x2c zephyr/libzephyr.a(log_msg.c.obj)
 .text.z_log_msg_finalize
                0x0000000008007ccc       0x32 zephyr/libzephyr.a(log_msg.c.obj)
                0x0000000008007ccc                z_log_msg_finalize
 .text.z_log_msg_simple_create
                0x0000000008007cfe       0x6e zephyr/libzephyr.a(log_msg.c.obj)
 .text.z_impl_z_log_msg_simple_create_0
                0x0000000008007d6c       0x12 zephyr/libzephyr.a(log_msg.c.obj)
                0x0000000008007d6c                z_impl_z_log_msg_simple_create_0
 .text.z_impl_z_log_msg_simple_create_1
                0x0000000008007d7e       0x14 zephyr/libzephyr.a(log_msg.c.obj)
                0x0000000008007d7e                z_impl_z_log_msg_simple_create_1
 .text.buffer_write
                0x0000000008007d92       0x1a zephyr/libzephyr.a(log_output.c.obj)
 .text.log_output_flush
                0x0000000008007dac       0x1a zephyr/libzephyr.a(log_output.c.obj)
                0x0000000008007dac                log_output_flush
 .text.out_func
                0x0000000008007dc6       0x36 zephyr/libzephyr.a(log_output.c.obj)
 .text.cr_out_func
                0x0000000008007dfc       0x1c zephyr/libzephyr.a(log_output.c.obj)
 .text.format_set
                0x0000000008007e18        0xc zephyr/libzephyr.a(log_backend_uart.c.obj)
 .text.log_backend_uart_init
                0x0000000008007e24        0xc zephyr/libzephyr.a(log_backend_uart.c.obj)
 .text.panic    0x0000000008007e30       0x10 zephyr/libzephyr.a(log_backend_uart.c.obj)
 .text.dropped  0x0000000008007e40        0xa zephyr/libzephyr.a(log_backend_uart.c.obj)
 .text.process  0x0000000008007e4a       0x1e zephyr/libzephyr.a(log_backend_uart.c.obj)
 .text.z_do_kernel_oops
                0x0000000008007e68        0x8 zephyr/arch/arch/arm/core/libarch__arm__core.a(fatal.c.obj)
                0x0000000008007e68                z_do_kernel_oops
 .text.z_arm_nmi
                0x0000000008007e70        0xe zephyr/arch/arch/arm/core/libarch__arm__core.a(nmi.c.obj)
                0x0000000008007e70                z_arm_nmi
 .text.z_log_msg_simple_create_0.constprop.0
                0x0000000008007e7e        0x8 zephyr/arch/arch/arm/core/cortex_m/libarch__arm__core__cortex_m.a(fault.c.obj)
 .text.z_irq_spurious
                0x0000000008007e86        0x8 zephyr/arch/arch/arm/core/cortex_m/libarch__arm__core__cortex_m.a(irq_manage.c.obj)
                0x0000000008007e86                z_irq_spurious
 .text.size_to_mpu_rasr_size
                0x0000000008007e8e       0x20 zephyr/arch/arch/arm/core/mpu/libarch__arm__core__mpu.a(arm_mpu.c.obj)
 .text.cbputc   0x0000000008007eae        0xc zephyr/lib/libc/picolibc/liblib__libc__picolibc.a(libc-hooks.c.obj)
 .text.picolibc_put
                0x0000000008007eba        0xa zephyr/lib/libc/picolibc/liblib__libc__picolibc.a(libc-hooks.c.obj)
 .text.stm32_exti_init
                0x0000000008007ec4       0x92 zephyr/drivers/interrupt_controller/libdrivers__interrupt_controller.a(intc_exti_stm32.c.obj)
 .text.stm32_clock_control_on
                0x0000000008007f56       0x20 zephyr/drivers/clock_control/libdrivers__clock_control.a(clock_stm32_ll_common.c.obj)
 .text.stm32_clock_control_off
                0x0000000008007f76       0x20 zephyr/drivers/clock_control/libdrivers__clock_control.a(clock_stm32_ll_common.c.obj)
 .text.stm32_clock_control_get_status
                0x0000000008007f96       0x30 zephyr/drivers/clock_control/libdrivers__clock_control.a(clock_stm32_ll_common.c.obj)
 .text.stm32_clock_control_configure
                0x0000000008007fc6       0x50 zephyr/drivers/clock_control/libdrivers__clock_control.a(clock_stm32_ll_common.c.obj)
 .text.config_enable_default_clocks
                0x0000000008008016        0x2 zephyr/drivers/clock_control/libdrivers__clock_control.a(clock_stm32l4_l5_wb_wl.c.obj)
                0x0000000008008016                config_enable_default_clocks
 .text.gpio_stm32_port_get_raw
                0x0000000008008018        0xc zephyr/drivers/gpio/libdrivers__gpio.a(gpio_stm32.c.obj)
 .text.gpio_stm32_port_set_masked_raw
                0x0000000008008024       0x12 zephyr/drivers/gpio/libdrivers__gpio.a(gpio_stm32.c.obj)
 .text.gpio_stm32_port_set_bits_raw
                0x0000000008008036        0xa zephyr/drivers/gpio/libdrivers__gpio.a(gpio_stm32.c.obj)
 .text.gpio_stm32_port_clear_bits_raw
                0x0000000008008040        0xa zephyr/drivers/gpio/libdrivers__gpio.a(gpio_stm32.c.obj)
 .text.gpio_stm32_port_toggle_bits
                0x000000000800804a        0xe zephyr/drivers/gpio/libdrivers__gpio.a(gpio_stm32.c.obj)
 .text.gpio_stm32_manage_callback
                0x0000000008008058       0x52 zephyr/drivers/gpio/libdrivers__gpio.a(gpio_stm32.c.obj)
 .text.gpio_stm32_configure_raw.isra.0
                0x00000000080080aa      0x106 zephyr/drivers/gpio/libdrivers__gpio.a(gpio_stm32.c.obj)
 .text.gpio_stm32_config
                0x00000000080081b0       0x72 zephyr/drivers/gpio/libdrivers__gpio.a(gpio_stm32.c.obj)
 .text.gpio_stm32_isr
                0x0000000008008222       0x2e zephyr/drivers/gpio/libdrivers__gpio.a(gpio_stm32.c.obj)
 .text.gpio_stm32_configure
                0x0000000008008250       0x2a zephyr/drivers/gpio/libdrivers__gpio.a(gpio_stm32.c.obj)
                0x0000000008008250                gpio_stm32_configure
 .text.timer_work_handler
                0x000000000800827a        0x4 zephyr/drivers/lora/libloramac-node.a(hal_common.c.obj)
 .text.k_uptime_get_32
                0x000000000800827e       0x10 zephyr/drivers/lora/libloramac-node.a(hal_common.c.obj)
 .text.RtcGetTimerValue
                0x000000000800828e        0x4 zephyr/drivers/lora/libloramac-node.a(hal_common.c.obj)
                0x000000000800828e                RtcGetTimerValue
 .text.RtcGetMinimumTimeout
                0x0000000008008292        0x4 zephyr/drivers/lora/libloramac-node.a(hal_common.c.obj)
                0x0000000008008292                RtcGetMinimumTimeout
 .text.DelayMsMcu
                0x0000000008008296        0xa zephyr/drivers/lora/libloramac-node.a(hal_common.c.obj)
                0x0000000008008296                DelayMsMcu
 .text.RtcMs2Tick
                0x00000000080082a0        0x2 zephyr/drivers/lora/libloramac-node.a(hal_common.c.obj)
                0x00000000080082a0                RtcMs2Tick
 .text.RtcTick2Ms
                0x00000000080082a2        0x2 zephyr/drivers/lora/libloramac-node.a(hal_common.c.obj)
                0x00000000080082a2                RtcTick2Ms
 .text.BoardCriticalSectionBegin
                0x00000000080082a4       0x14 zephyr/drivers/lora/libloramac-node.a(hal_common.c.obj)
                0x00000000080082a4                BoardCriticalSectionBegin
 .text.BoardCriticalSectionEnd
                0x00000000080082b8        0xc zephyr/drivers/lora/libloramac-node.a(hal_common.c.obj)
                0x00000000080082b8                BoardCriticalSectionEnd
 .text.sx12xx_ev_tx_timed_out
                0x00000000080082c4        0x4 zephyr/drivers/lora/libloramac-node.a(sx12xx_common.c.obj)
 .text.gpio_pin_set.isra.0
                0x00000000080082c8       0x20 zephyr/drivers/lora/libloramac-node.a(sx126x.c.obj)
 .text.SX126xAntSwOn
                0x00000000080082e8        0x2 zephyr/drivers/lora/libloramac-node.a(sx126x.c.obj)
                0x00000000080082e8                SX126xAntSwOn
 .text.SX126xAntSwOff
                0x00000000080082ea        0x2 zephyr/drivers/lora/libloramac-node.a(sx126x.c.obj)
                0x00000000080082ea                SX126xAntSwOff
 .text.SX126xGetBoardTcxoWakeupTime
                0x00000000080082ec        0x4 zephyr/drivers/lora/libloramac-node.a(sx126x.c.obj)
                0x00000000080082ec                SX126xGetBoardTcxoWakeupTime
 .text.SX126xGetDeviceId
                0x00000000080082f0        0x4 zephyr/drivers/lora/libloramac-node.a(sx126x.c.obj)
                0x00000000080082f0                SX126xGetDeviceId
 .text.SX126xIoTcxoInit
                0x00000000080082f4       0x18 zephyr/drivers/lora/libloramac-node.a(sx126x.c.obj)
                0x00000000080082f4                SX126xIoTcxoInit
 .text.SX126xIoRfSwitchInit
                0x000000000800830c        0x6 zephyr/drivers/lora/libloramac-node.a(sx126x.c.obj)
                0x000000000800830c                SX126xIoRfSwitchInit
 .text.SX126xSetRfTxPower
                0x0000000008008312        0x6 zephyr/drivers/lora/libloramac-node.a(sx126x.c.obj)
                0x0000000008008312                SX126xSetRfTxPower
 .text.SX126xWriteBuffer
                0x0000000008008318       0x22 zephyr/drivers/lora/libloramac-node.a(sx126x.c.obj)
                0x0000000008008318                SX126xWriteBuffer
 .text.SX126xReadBuffer
                0x000000000800833a       0x26 zephyr/drivers/lora/libloramac-node.a(sx126x.c.obj)
                0x000000000800833a                SX126xReadBuffer
 .text.SX126xWriteCommand
                0x0000000008008360       0x1c zephyr/drivers/lora/libloramac-node.a(sx126x.c.obj)
                0x0000000008008360                SX126xWriteCommand
 .text.SX126xReadCommand
                0x000000000800837c       0x24 zephyr/drivers/lora/libloramac-node.a(sx126x.c.obj)
                0x000000000800837c                SX126xReadCommand
 .text.SX126xWriteRegisters
                0x00000000080083a0       0x28 zephyr/drivers/lora/libloramac-node.a(sx126x.c.obj)
                0x00000000080083a0                SX126xWriteRegisters
 .text.SX126xWriteRegister
                0x00000000080083c8       0x16 zephyr/drivers/lora/libloramac-node.a(sx126x.c.obj)
                0x00000000080083c8                SX126xWriteRegister
 .text.SX126xReadRegisters
                0x00000000080083de       0x2c zephyr/drivers/lora/libloramac-node.a(sx126x.c.obj)
                0x00000000080083de                SX126xReadRegisters
 .text.SX126xReadRegister
                0x000000000800840a       0x16 zephyr/drivers/lora/libloramac-node.a(sx126x.c.obj)
                0x000000000800840a                SX126xReadRegister
 .text.radio_isr
                0x0000000008008420       0x16 zephyr/drivers/lora/libloramac-node.a(sx126x_stm32wl.c.obj)
 .text.sx126x_reset
                0x0000000008008436       0x32 zephyr/drivers/lora/libloramac-node.a(sx126x_stm32wl.c.obj)
                0x0000000008008436                sx126x_reset
 .text.sx126x_get_dio1_pin_state
                0x0000000008008468        0x4 zephyr/drivers/lora/libloramac-node.a(sx126x_stm32wl.c.obj)
                0x0000000008008468                sx126x_get_dio1_pin_state
 .text.sx126x_dio1_irq_disable
                0x000000000800846c        0x6 zephyr/drivers/lora/libloramac-node.a(sx126x_stm32wl.c.obj)
                0x000000000800846c                sx126x_dio1_irq_disable
 .text.sx126x_set_tx_params
                0x0000000008008472       0x58 zephyr/drivers/lora/libloramac-node.a(sx126x_stm32wl.c.obj)
                0x0000000008008472                sx126x_set_tx_params
 .text.TimerSetTimeout
                0x00000000080084ca       0x2c zephyr/drivers/lora/libloramac-node.a(timer.c.obj)
 .text.TimerInit
                0x00000000080084f6       0x10 zephyr/drivers/lora/libloramac-node.a(timer.c.obj)
                0x00000000080084f6                TimerInit
 .text.TimerSetValue
                0x0000000008008506       0x22 zephyr/drivers/lora/libloramac-node.a(timer.c.obj)
                0x0000000008008506                TimerSetValue
 .text.TimerGetCurrentTime
                0x0000000008008528        0xe zephyr/drivers/lora/libloramac-node.a(timer.c.obj)
                0x0000000008008528                TimerGetCurrentTime
 .text.TimerGetElapsedTime
                0x0000000008008536       0x1e zephyr/drivers/lora/libloramac-node.a(timer.c.obj)
                0x0000000008008536                TimerGetElapsedTime
 .text.DelayMs  0x0000000008008554        0x4 zephyr/drivers/lora/libloramac-node.a(delay.c.obj)
                0x0000000008008554                DelayMs
 .text.SX126xCheckDeviceReady
                0x0000000008008558       0x22 zephyr/drivers/lora/libloramac-node.a(sx126x.c.obj)
                0x0000000008008558                SX126xCheckDeviceReady
 .text.SX126xSetPayload
                0x000000000800857a        0xa zephyr/drivers/lora/libloramac-node.a(sx126x.c.obj)
                0x000000000800857a                SX126xSetPayload
 .text.SX126xSetSyncWord
                0x0000000008008584       0x12 zephyr/drivers/lora/libloramac-node.a(sx126x.c.obj)
                0x0000000008008584                SX126xSetSyncWord
 .text.SX126xSetStandby
                0x0000000008008596       0x28 zephyr/drivers/lora/libloramac-node.a(sx126x.c.obj)
                0x0000000008008596                SX126xSetStandby
 .text.SX126xSetTx
                0x00000000080085be       0x28 zephyr/drivers/lora/libloramac-node.a(sx126x.c.obj)
                0x00000000080085be                SX126xSetTx
 .text.SX126xSendPayload
                0x00000000080085e6       0x12 zephyr/drivers/lora/libloramac-node.a(sx126x.c.obj)
                0x00000000080085e6                SX126xSendPayload
 .text.SX126xSetRx
                0x00000000080085f8       0x32 zephyr/drivers/lora/libloramac-node.a(sx126x.c.obj)
                0x00000000080085f8                SX126xSetRx
 .text.SX126xGetRandom
                0x000000000800862a       0x68 zephyr/drivers/lora/libloramac-node.a(sx126x.c.obj)
                0x000000000800862a                SX126xGetRandom
 .text.SX126xSetRxBoosted
                0x0000000008008692       0x32 zephyr/drivers/lora/libloramac-node.a(sx126x.c.obj)
                0x0000000008008692                SX126xSetRxBoosted
 .text.SX126xSetRxDutyCycle
                0x00000000080086c4       0x34 zephyr/drivers/lora/libloramac-node.a(sx126x.c.obj)
                0x00000000080086c4                SX126xSetRxDutyCycle
 .text.SX126xSetCad
                0x00000000080086f8       0x16 zephyr/drivers/lora/libloramac-node.a(sx126x.c.obj)
                0x00000000080086f8                SX126xSetCad
 .text.SX126xSetTxContinuousWave
                0x000000000800870e       0x16 zephyr/drivers/lora/libloramac-node.a(sx126x.c.obj)
                0x000000000800870e                SX126xSetTxContinuousWave
 .text.SX126xSetStopRxTimerOnPreambleDetect
                0x0000000008008724       0x18 zephyr/drivers/lora/libloramac-node.a(sx126x.c.obj)
                0x0000000008008724                SX126xSetStopRxTimerOnPreambleDetect
 .text.SX126xSetLoRaSymbNumTimeout
                0x000000000800873c       0x56 zephyr/drivers/lora/libloramac-node.a(sx126x.c.obj)
                0x000000000800873c                SX126xSetLoRaSymbNumTimeout
 .text.SX126xSetRegulatorMode
                0x0000000008008792       0x18 zephyr/drivers/lora/libloramac-node.a(sx126x.c.obj)
                0x0000000008008792                SX126xSetRegulatorMode
 .text.SX126xCalibrate
                0x00000000080087aa       0x1c zephyr/drivers/lora/libloramac-node.a(sx126x.c.obj)
                0x00000000080087aa                SX126xCalibrate
 .text.SX126xSetPaConfig
                0x00000000080087c6       0x24 zephyr/drivers/lora/libloramac-node.a(sx126x.c.obj)
                0x00000000080087c6                SX126xSetPaConfig
 .text.SX126xSetDioIrqParams
                0x00000000080087ea       0x2a zephyr/drivers/lora/libloramac-node.a(sx126x.c.obj)
                0x00000000080087ea                SX126xSetDioIrqParams
 .text.SX126xGetIrqStatus
                0x0000000008008814       0x1a zephyr/drivers/lora/libloramac-node.a(sx126x.c.obj)
                0x0000000008008814                SX126xGetIrqStatus
 .text.SX126xSetDio2AsRfSwitchCtrl
                0x000000000800882e       0x18 zephyr/drivers/lora/libloramac-node.a(sx126x.c.obj)
                0x000000000800882e                SX126xSetDio2AsRfSwitchCtrl
 .text.SX126xSetDio3AsTcxoCtrl
                0x0000000008008846       0x28 zephyr/drivers/lora/libloramac-node.a(sx126x.c.obj)
                0x0000000008008846                SX126xSetDio3AsTcxoCtrl
 .text.SX126xSetTxParams
                0x000000000800886e       0x86 zephyr/drivers/lora/libloramac-node.a(sx126x.c.obj)
                0x000000000800886e                SX126xSetTxParams
 .text.SX126xSetBufferBaseAddress
                0x00000000080088f4       0x1a zephyr/drivers/lora/libloramac-node.a(sx126x.c.obj)
                0x00000000080088f4                SX126xSetBufferBaseAddress
 .text.SX126xGetRssiInst
                0x000000000800890e       0x1a zephyr/drivers/lora/libloramac-node.a(sx126x.c.obj)
                0x000000000800890e                SX126xGetRssiInst
 .text.SX126xGetPayload
                0x0000000008008928       0x32 zephyr/drivers/lora/libloramac-node.a(sx126x.c.obj)
                0x0000000008008928                SX126xGetPayload
 .text.SX126xClearIrqStatus
                0x000000000800895a       0x18 zephyr/drivers/lora/libloramac-node.a(sx126x.c.obj)
                0x000000000800895a                SX126xClearIrqStatus
 .text.RadioCheckRfFrequency
                0x0000000008008972        0x4 zephyr/drivers/lora/libloramac-node.a(radio.c.obj)
                0x0000000008008972                RadioCheckRfFrequency
 .text.RadioStandby
                0x0000000008008976        0x6 zephyr/drivers/lora/libloramac-node.a(radio.c.obj)
                0x0000000008008976                RadioStandby
 .text.RadioSetChannel
                0x000000000800897c        0x4 zephyr/drivers/lora/libloramac-node.a(radio.c.obj)
                0x000000000800897c                RadioSetChannel
 .text.RadioRead
                0x0000000008008980        0x6 zephyr/drivers/lora/libloramac-node.a(radio.c.obj)
                0x0000000008008980                RadioRead
 .text.RadioWrite
                0x0000000008008986        0x6 zephyr/drivers/lora/libloramac-node.a(radio.c.obj)
                0x0000000008008986                RadioWrite
 .text.RadioSleep
                0x000000000800898c       0x14 zephyr/drivers/lora/libloramac-node.a(radio.c.obj)
                0x000000000800898c                RadioSleep
 .text.RadioSetRxDutyCycle
                0x00000000080089a0        0x4 zephyr/drivers/lora/libloramac-node.a(radio.c.obj)
                0x00000000080089a0                RadioSetRxDutyCycle
 .text.RadioReadBuffer
                0x00000000080089a4        0x6 zephyr/drivers/lora/libloramac-node.a(radio.c.obj)
                0x00000000080089a4                RadioReadBuffer
 .text.RadioWriteBuffer
                0x00000000080089aa        0x6 zephyr/drivers/lora/libloramac-node.a(radio.c.obj)
                0x00000000080089aa                RadioWriteBuffer
 .text.RadioStartCad
                0x00000000080089b0       0x18 zephyr/drivers/lora/libloramac-node.a(radio.c.obj)
                0x00000000080089b0                RadioStartCad
 .text.RadioRssi
                0x00000000080089c8        0x8 zephyr/drivers/lora/libloramac-node.a(radio.c.obj)
                0x00000000080089c8                RadioRssi
 .text.RadioGetWakeupTime
                0x00000000080089d0        0xa zephyr/drivers/lora/libloramac-node.a(radio.c.obj)
                0x00000000080089d0                RadioGetWakeupTime
 .text.RadioIsChannelFree
                0x00000000080089da       0x7a zephyr/drivers/lora/libloramac-node.a(radio.c.obj)
                0x00000000080089da                RadioIsChannelFree
 .text.RadioRandom
                0x0000000008008a54       0x1a zephyr/drivers/lora/libloramac-node.a(radio.c.obj)
                0x0000000008008a54                RadioRandom
 .text.RadioAddRegisterToRetentionList
                0x0000000008008a6e       0x6a zephyr/drivers/lora/libloramac-node.a(radio.c.obj)
                0x0000000008008a6e                RadioAddRegisterToRetentionList
 .text.pinctrl_lookup_state
                0x0000000008008ad8       0x26 zephyr/drivers/pinctrl/libdrivers__pinctrl.a(common.c.obj)
                0x0000000008008ad8                pinctrl_lookup_state
 .text.regulator_delay
                0x0000000008008afe       0x1e zephyr/drivers/regulator/libdrivers__regulator.a(regulator_common.c.obj)
 .text.regulator_common_data_init
                0x0000000008008b1c       0x10 zephyr/drivers/regulator/libdrivers__regulator.a(regulator_common.c.obj)
                0x0000000008008b1c                regulator_common_data_init
 .text.regulator_set_voltage
                0x0000000008008b2c       0x28 zephyr/drivers/regulator/libdrivers__regulator.a(regulator_common.c.obj)
                0x0000000008008b2c                regulator_set_voltage
 .text.regulator_set_current_limit
                0x0000000008008b54       0x28 zephyr/drivers/regulator/libdrivers__regulator.a(regulator_common.c.obj)
                0x0000000008008b54                regulator_set_current_limit
 .text.regulator_set_mode
                0x0000000008008b7c       0x3e zephyr/drivers/regulator/libdrivers__regulator.a(regulator_common.c.obj)
                0x0000000008008b7c                regulator_set_mode
 .text.regulator_common_init
                0x0000000008008bba       0xb8 zephyr/drivers/regulator/libdrivers__regulator.a(regulator_common.c.obj)
                0x0000000008008bba                regulator_common_init
 .text.gpio_pin_set
                0x0000000008008c72       0x20 zephyr/drivers/regulator/libdrivers__regulator.a(regulator_fixed.c.obj)
 .text.regulator_fixed_enable
                0x0000000008008c92       0x1e zephyr/drivers/regulator/libdrivers__regulator.a(regulator_fixed.c.obj)
 .text.regulator_fixed_count_voltages
                0x0000000008008cb0        0xe zephyr/drivers/regulator/libdrivers__regulator.a(regulator_fixed.c.obj)
 .text.regulator_fixed_list_voltage
                0x0000000008008cbe       0x1a zephyr/drivers/regulator/libdrivers__regulator.a(regulator_fixed.c.obj)
 .text.regulator_fixed_disable
                0x0000000008008cd8       0x16 zephyr/drivers/regulator/libdrivers__regulator.a(regulator_fixed.c.obj)
 .text.reset_stm32_status
                0x0000000008008cee       0x20 zephyr/drivers/reset/libdrivers__reset.a(reset_stm32.c.obj)
 .text.reset_stm32_line_assert
                0x0000000008008d0e       0x1c zephyr/drivers/reset/libdrivers__reset.a(reset_stm32.c.obj)
 .text.reset_stm32_line_deassert
                0x0000000008008d2a       0x1e zephyr/drivers/reset/libdrivers__reset.a(reset_stm32.c.obj)
 .text.reset_stm32_line_toggle
                0x0000000008008d48       0x16 zephyr/drivers/reset/libdrivers__reset.a(reset_stm32.c.obj)
 .text.uart_stm32_ll2cfg_databits
                0x0000000008008d5e       0x2a zephyr/drivers/serial/libdrivers__serial.a(uart_stm32.c.obj)
 .text.uart_stm32_err_check
                0x0000000008008d88       0x62 zephyr/drivers/serial/libdrivers__serial.a(uart_stm32.c.obj)
 .text.uart_stm32_poll_out
                0x0000000008008dea       0x3a zephyr/drivers/serial/libdrivers__serial.a(uart_stm32.c.obj)
 .text.uart_stm32_poll_in
                0x0000000008008e24       0x22 zephyr/drivers/serial/libdrivers__serial.a(uart_stm32.c.obj)
 .text.uart_stm32_config_get
                0x0000000008008e46       0x92 zephyr/drivers/serial/libdrivers__serial.a(uart_stm32.c.obj)
 .text.uart_stm32_parameters_set
                0x0000000008008ed8      0x136 zephyr/drivers/serial/libdrivers__serial.a(uart_stm32.c.obj)
 .text.spi_context_get_next_buf
                0x000000000800900e       0x2c zephyr/drivers/spi/libdrivers__spi.a(spi_ll_stm32.c.obj)
 .text.spi_context_buffers_setup
                0x000000000800903a       0x5e zephyr/drivers/spi/libdrivers__spi.a(spi_ll_stm32.c.obj)
 .text.gpio_pin_set_dt.isra.0
                0x0000000008009098       0x28 zephyr/drivers/spi/libdrivers__spi.a(spi_ll_stm32.c.obj)
 .text.spi_context_unlock_unconditionally
                0x00000000080090c0       0x30 zephyr/drivers/spi/libdrivers__spi.a(spi_ll_stm32.c.obj)
 .text.spi_stm32_release
                0x00000000080090f0        0xc zephyr/drivers/spi/libdrivers__spi.a(spi_ll_stm32.c.obj)
 .text.z_impl_k_busy_wait
                0x00000000080090fc       0x1c zephyr/kernel/libkernel.a(busy_wait.c.obj)
                0x00000000080090fc                z_impl_k_busy_wait
 .text.z_device_state_init
                0x0000000008009118        0x2 zephyr/kernel/libkernel.a(device.c.obj)
                0x0000000008009118                z_device_state_init
 .text.z_device_is_ready
                0x000000000800911a       0x16 zephyr/kernel/libkernel.a(device.c.obj)
                0x000000000800911a                z_device_is_ready
 .text.arch_system_halt
                0x0000000008009130       0x12 zephyr/kernel/libkernel.a(fatal.c.obj)
                0x0000000008009130                arch_system_halt
 .text.z_early_memset
                0x0000000008009142        0x4 zephyr/kernel/libkernel.a(init.c.obj)
                0x0000000008009142                z_early_memset
 .text.z_early_memcpy
                0x0000000008009146        0x4 zephyr/kernel/libkernel.a(init.c.obj)
                0x0000000008009146                z_early_memcpy
 .text.k_is_in_isr
                0x000000000800914a        0xc zephyr/kernel/libkernel.a(thread.c.obj)
                0x000000000800914a                k_is_in_isr
 .text.z_impl_k_thread_name_set
                0x0000000008009156        0x6 zephyr/kernel/libkernel.a(thread.c.obj)
                0x0000000008009156                z_impl_k_thread_name_set
 .text.k_thread_name_get
                0x000000000800915c        0x4 zephyr/kernel/libkernel.a(thread.c.obj)
                0x000000000800915c                k_thread_name_get
 .text.z_impl_k_thread_start
                0x0000000008009160        0x4 zephyr/kernel/libkernel.a(thread.c.obj)
                0x0000000008009160                z_impl_k_thread_start
 .text.sys_dlist_remove
                0x0000000008009164       0x10 zephyr/kernel/libkernel.a(sched.c.obj)
 .text.unpend_thread_no_timeout
                0x0000000008009174       0x14 zephyr/kernel/libkernel.a(sched.c.obj)
 .text.z_sched_prio_cmp
                0x0000000008009188       0x12 zephyr/kernel/libkernel.a(sched.c.obj)
                0x0000000008009188                z_sched_prio_cmp
 .text.add_to_waitq_locked
                0x000000000800919a       0x50 zephyr/kernel/libkernel.a(sched.c.obj)
 .text.z_ready_thread
                0x00000000080091ea       0x20 zephyr/kernel/libkernel.a(sched.c.obj)
                0x00000000080091ea                z_ready_thread
 .text.z_impl_k_thread_suspend
                0x000000000800920a       0x36 zephyr/kernel/libkernel.a(sched.c.obj)
                0x000000000800920a                z_impl_k_thread_suspend
 .text.z_unpend_thread_no_timeout
                0x0000000008009240       0x24 zephyr/kernel/libkernel.a(sched.c.obj)
                0x0000000008009240                z_unpend_thread_no_timeout
 .text.z_sched_wake_thread
                0x0000000008009264       0x44 zephyr/kernel/libkernel.a(sched.c.obj)
                0x0000000008009264                z_sched_wake_thread
 .text.z_thread_timeout
                0x00000000080092a8        0x8 zephyr/kernel/libkernel.a(sched.c.obj)
                0x00000000080092a8                z_thread_timeout
 .text.z_unpend1_no_timeout
                0x00000000080092b0       0x2e zephyr/kernel/libkernel.a(sched.c.obj)
                0x00000000080092b0                z_unpend1_no_timeout
 .text.z_unpend_first_thread
                0x00000000080092de       0x38 zephyr/kernel/libkernel.a(sched.c.obj)
                0x00000000080092de                z_unpend_first_thread
 .text.z_unpend_thread
                0x0000000008009316       0x30 zephyr/kernel/libkernel.a(sched.c.obj)
                0x0000000008009316                z_unpend_thread
 .text.z_reschedule_unlocked
                0x0000000008009346       0x14 zephyr/kernel/libkernel.a(sched.c.obj)
 .text.z_thread_abort
                0x000000000800935a       0x42 zephyr/kernel/libkernel.a(sched.c.obj)
                0x000000000800935a                z_thread_abort
 .text.z_sched_wake
                0x000000000800939c       0x46 zephyr/kernel/libkernel.a(sched.c.obj)
                0x000000000800939c                z_sched_wake
 .text.idle     0x00000000080093e2       0x18 zephyr/kernel/libkernel.a(idle.c.obj)
                0x00000000080093e2                idle
 .text.z_impl_k_mutex_init
                0x00000000080093fa        0xe zephyr/kernel/libkernel.a(mutex.c.obj)
                0x00000000080093fa                z_impl_k_mutex_init
 .text.z_impl_k_sem_init
                0x0000000008009408       0x20 zephyr/kernel/libkernel.a(sem.c.obj)
                0x0000000008009408                z_impl_k_sem_init
 .text.flag_test_and_clear
                0x0000000008009428       0x16 zephyr/kernel/libkernel.a(work.c.obj)
 .text.notify_queue_locked.isra.0
                0x000000000800943e        0xe zephyr/kernel/libkernel.a(work.c.obj)
 .text.k_work_init
                0x000000000800944c       0x12 zephyr/kernel/libkernel.a(work.c.obj)
                0x000000000800944c                k_work_init
 .text.z_work_submit_to_queue
                0x000000000800945e       0x28 zephyr/kernel/libkernel.a(work.c.obj)
                0x000000000800945e                z_work_submit_to_queue
 .text.k_work_submit_to_queue
                0x0000000008009486       0x22 zephyr/kernel/libkernel.a(work.c.obj)
                0x0000000008009486                k_work_submit_to_queue
 .text.z_abort_timeout
                0x00000000080094a8       0x2c zephyr/kernel/libkernel.a(timeout.c.obj)
                0x00000000080094a8                z_abort_timeout
 .text.sys_clock_tick_get_32
                0x00000000080094d4        0x8 zephyr/kernel/libkernel.a(timeout.c.obj)
                0x00000000080094d4                sys_clock_tick_get_32
 .text.z_impl_k_uptime_ticks
                0x00000000080094dc        0x4 zephyr/kernel/libkernel.a(timeout.c.obj)
                0x00000000080094dc                z_impl_k_uptime_ticks
 .text.k_timer_init
                0x00000000080094e0       0x18 zephyr/kernel/libkernel.a(timer.c.obj)
                0x00000000080094e0                k_timer_init
 .text.z_impl_k_timer_stop
                0x00000000080094f8       0x3a zephyr/kernel/libkernel.a(timer.c.obj)
                0x00000000080094f8                z_impl_k_timer_stop
 .text.clear_event_registrations
                0x0000000008009532       0x5e zephyr/kernel/libkernel.a(poll.c.obj)
 .text.add_event
                0x0000000008009590       0x62 zephyr/kernel/libkernel.a(poll.c.obj)
 .text.register_events
                0x00000000080095f2       0xee zephyr/kernel/libkernel.a(poll.c.obj)
 .text.signal_poll_event
                0x00000000080096e0       0x8c zephyr/kernel/libkernel.a(poll.c.obj)
 .text.z_handle_obj_poll_events
                0x000000000800976c       0x36 zephyr/kernel/libkernel.a(poll.c.obj)
                0x000000000800976c                z_handle_obj_poll_events
 .text.atoi     0x00000000080097a2        0x8 /home/cezary/zephyr-sdk-0.16.4/arm-zephyr-eabi/bin/../lib/gcc/../../picolibc/arm-zephyr-eabi/lib/thumb/v7e-m/nofp/libc.a(libc_stdlib_atoi.c.o)
                0x00000000080097a2                atoi
 .text.strnlen  0x00000000080097aa       0x18 /home/cezary/zephyr-sdk-0.16.4/arm-zephyr-eabi/bin/../lib/gcc/../../picolibc/arm-zephyr-eabi/lib/thumb/v7e-m/nofp/libc.a(libc_string_strnlen.c.o)
                0x00000000080097aa                strnlen
 .text.__ultoa_invert
                0x00000000080097c2       0x50 /home/cezary/zephyr-sdk-0.16.4/arm-zephyr-eabi/bin/../lib/gcc/../../picolibc/arm-zephyr-eabi/lib/thumb/v7e-m/nofp/libc.a(libc_tinystdio_vfprintf.c.o)
 .text.mulShiftAll64
                0x0000000008009812      0x176 /home/cezary/zephyr-sdk-0.16.4/arm-zephyr-eabi/bin/../lib/gcc/../../picolibc/arm-zephyr-eabi/lib/thumb/v7e-m/nofp/libc.a(libc_tinystdio_dtoa_ryu.c.o)
 .text.__umul128
                0x0000000008009988       0x36 /home/cezary/zephyr-sdk-0.16.4/arm-zephyr-eabi/bin/../lib/gcc/../../picolibc/arm-zephyr-eabi/lib/thumb/v7e-m/nofp/libc.a(libc_tinystdio_ryu_umul128.c.o)
                0x0000000008009988                __umul128
 .text.__shiftright128
                0x00000000080099be       0x3e /home/cezary/zephyr-sdk-0.16.4/arm-zephyr-eabi/bin/../lib/gcc/../../picolibc/arm-zephyr-eabi/lib/thumb/v7e-m/nofp/libc.a(libc_tinystdio_ryu_umul128.c.o)
                0x00000000080099be                __shiftright128
 .text.memcpy   0x00000000080099fc       0x1c /home/cezary/zephyr-sdk-0.16.4/arm-zephyr-eabi/bin/../lib/gcc/../../picolibc/arm-zephyr-eabi/lib/thumb/v7e-m/nofp/libc.a(memcpy.c.o)
                0x00000000080099fc                memcpy
                0x00000000080099fc                __aeabi_memcpy
                0x00000000080099fc                __aeabi_memcpy4
                0x00000000080099fc                __aeabi_memcpy8
 .text.memset   0x0000000008009a18       0x10 /home/cezary/zephyr-sdk-0.16.4/arm-zephyr-eabi/bin/../lib/gcc/../../picolibc/arm-zephyr-eabi/lib/thumb/v7e-m/nofp/libc.a(memset.c.o)
                0x0000000008009a18                memset
 .text.__file_str_put
                0x0000000008009a28       0x10 /home/cezary/zephyr-sdk-0.16.4/arm-zephyr-eabi/bin/../lib/gcc/../../picolibc/arm-zephyr-eabi/lib/thumb/v7e-m/nofp/libc.a(libc_tinystdio_filestrput.c.o)
                0x0000000008009a28                __file_str_put
 *(SORT_BY_ALIGNMENT(.TEXT.*))
 .TEXT.__aeabi_read_tp
                0x0000000008009a38        0xc zephyr/arch/arch/arm/core/cortex_m/libarch__arm__core__cortex_m.a(__aeabi_read_tp.S.obj)
                0x0000000008009a38                __aeabi_read_tp
 *(SORT_BY_ALIGNMENT(.gnu.linkonce.t.*))
 *(SORT_BY_ALIGNMENT(.glue_7t))
 .glue_7t       0x0000000008009a44        0x0 linker stubs
 *(SORT_BY_ALIGNMENT(.glue_7))
 .glue_7        0x0000000008009a44        0x0 linker stubs
 *(SORT_BY_ALIGNMENT(.vfp11_veneer))
 .vfp11_veneer  0x0000000008009a44        0x0 linker stubs
 *(SORT_BY_ALIGNMENT(.v4_bx))
 .v4_bx         0x0000000008009a44        0x0 linker stubs
                0x0000000008009a44                . = ALIGN (0x4)
                0x0000000008009a44                __text_region_end = .

.ARM.exidx      0x0000000008009a44        0x8
                0x0000000008009a44                __exidx_start = .
 *(SORT_BY_ALIGNMENT(.ARM.exidx*) SORT_BY_ALIGNMENT(gnu.linkonce.armexidx.*))
 .ARM.exidx     0x0000000008009a44        0x8 /home/cezary/zephyr-sdk-0.16.4/arm-zephyr-eabi/bin/../lib/gcc/arm-zephyr-eabi/12.2.0/thumb/v7e-m/nofp/libgcc.a(_udivmoddi4.o)
 .ARM.exidx     0x0000000008009a4c        0x0 /home/cezary/zephyr-sdk-0.16.4/arm-zephyr-eabi/bin/../lib/gcc/../../picolibc/arm-zephyr-eabi/lib/thumb/v7e-m/nofp/libc.a(strlen.S.o)
                                          0x8 (size before relaxing)
                0x0000000008009a4c                __exidx_end = .
                0x0000000008009a4c                __rodata_region_start = .

initlevel       0x0000000008009a4c       0xb0
                0x0000000008009a4c                __init_start = .
                0x0000000008009a4c                __init_EARLY_start = .
 *(SORT_BY_NAME(SORT_BY_ALIGNMENT(.z_init_EARLY?_*)))
 *(SORT_BY_NAME(SORT_BY_ALIGNMENT(.z_init_EARLY??_*)))
                0x0000000008009a4c                __init_PRE_KERNEL_1_start = .
 *(SORT_BY_NAME(SORT_BY_ALIGNMENT(.z_init_PRE_KERNEL_1?_*)))
 .z_init_PRE_KERNEL_10_0_
                0x0000000008009a4c        0x8 zephyr/libzephyr.a(soc.c.obj)
 .z_init_PRE_KERNEL_11_00007_
                0x0000000008009a54        0x8 zephyr/drivers/clock_control/libdrivers__clock_control.a(clock_stm32_ll_common.c.obj)
 .z_init_PRE_KERNEL_11_0_
                0x0000000008009a5c        0x8 zephyr/libzephyr.a(soc_config.c.obj)
 *(SORT_BY_NAME(SORT_BY_ALIGNMENT(.z_init_PRE_KERNEL_1??_*)))
 .z_init_PRE_KERNEL_135_00052_
                0x0000000008009a64        0x8 zephyr/drivers/reset/libdrivers__reset.a(reset_stm32.c.obj)
 .z_init_PRE_KERNEL_140_00013_
                0x0000000008009a6c        0x8 zephyr/drivers/gpio/libdrivers__gpio.a(gpio_stm32.c.obj)
 .z_init_PRE_KERNEL_140_00015_
                0x0000000008009a74        0x8 zephyr/drivers/gpio/libdrivers__gpio.a(gpio_stm32.c.obj)
 .z_init_PRE_KERNEL_140_00048_
                0x0000000008009a7c        0x8 zephyr/drivers/interrupt_controller/libdrivers__interrupt_controller.a(intc_exti_stm32.c.obj)
 .z_init_PRE_KERNEL_140_00074_
                0x0000000008009a84        0x8 zephyr/drivers/gpio/libdrivers__gpio.a(gpio_stm32.c.obj)
 .z_init_PRE_KERNEL_140_00075_
                0x0000000008009a8c        0x8 zephyr/drivers/gpio/libdrivers__gpio.a(gpio_stm32.c.obj)
 .z_init_PRE_KERNEL_155_00053_
                0x0000000008009a94        0x8 zephyr/drivers/serial/libdrivers__serial.a(uart_stm32.c.obj)
 .z_init_PRE_KERNEL_155_00056_
                0x0000000008009a9c        0x8 zephyr/drivers/serial/libdrivers__serial.a(uart_stm32.c.obj)
 .z_init_PRE_KERNEL_155_00059_
                0x0000000008009aa4        0x8 zephyr/drivers/serial/libdrivers__serial.a(uart_stm32.c.obj)
 .z_init_PRE_KERNEL_160_0_
                0x0000000008009aac        0x8 zephyr/drivers/console/libdrivers__console.a(uart_console.c.obj)
                0x0000000008009ab4                __init_PRE_KERNEL_2_start = .
 *(SORT_BY_NAME(SORT_BY_ALIGNMENT(.z_init_PRE_KERNEL_2?_*)))
 .z_init_PRE_KERNEL_20_0_
                0x0000000008009ab4        0x8 zephyr/drivers/timer/libdrivers__timer.a(cortex_m_systick.c.obj)
 *(SORT_BY_NAME(SORT_BY_ALIGNMENT(.z_init_PRE_KERNEL_2??_*)))
                0x0000000008009abc                __init_POST_KERNEL_start = .
 *(SORT_BY_NAME(SORT_BY_ALIGNMENT(.z_init_POST_KERNEL?_*)))
 .z_init_POST_KERNEL0_0_
                0x0000000008009abc        0x8 zephyr/libzephyr.a(log_core.c.obj)
 *(SORT_BY_NAME(SORT_BY_ALIGNMENT(.z_init_POST_KERNEL??_*)))
 .z_init_POST_KERNEL40_0_
                0x0000000008009ac4        0x8 zephyr/lib/libc/common/liblib__libc__common.a(malloc.c.obj)
 .z_init_POST_KERNEL40_0_
                0x0000000008009acc        0x8 zephyr/kernel/libkernel.a(system_work_q.c.obj)
 .z_init_POST_KERNEL70_00064_
                0x0000000008009ad4        0x8 zephyr/drivers/spi/libdrivers__spi.a(spi_ll_stm32.c.obj)
 .z_init_POST_KERNEL70_00078_
                0x0000000008009adc        0x8 zephyr/drivers/spi/libdrivers__spi.a(spi_ll_stm32.c.obj)
 .z_init_POST_KERNEL75_00014_
                0x0000000008009ae4        0x8 zephyr/drivers/regulator/libdrivers__regulator.a(regulator_fixed.c.obj)
 .z_init_POST_KERNEL75_00016_
                0x0000000008009aec        0x8 zephyr/drivers/regulator/libdrivers__regulator.a(regulator_fixed.c.obj)
 .z_init_POST_KERNEL90_00079_
                0x0000000008009af4        0x8 zephyr/drivers/lora/libloramac-node.a(sx126x.c.obj)
                0x0000000008009afc                __init_APPLICATION_start = .
 *(SORT_BY_NAME(SORT_BY_ALIGNMENT(.z_init_APPLICATION?_*)))
 *(SORT_BY_NAME(SORT_BY_ALIGNMENT(.z_init_APPLICATION??_*)))
                0x0000000008009afc                __init_SMP_start = .
 *(SORT_BY_NAME(SORT_BY_ALIGNMENT(.z_init_SMP?_*)))
 *(SORT_BY_NAME(SORT_BY_ALIGNMENT(.z_init_SMP??_*)))
                0x0000000008009afc                __init_end = .

device_area     0x0000000008009afc      0x12c
                0x0000000008009afc                _device_list_start = .
 *(SORT_BY_NAME(SORT_BY_ALIGNMENT(._device.static.*_?_*)))
 ._device.static.1_1_
                0x0000000008009afc       0x14 zephyr/drivers/clock_control/libdrivers__clock_control.a(clock_stm32_ll_common.c.obj)
                0x0000000008009afc                __device_dts_ord_7
 *(SORT_BY_NAME(SORT_BY_ALIGNMENT(._device.static.*_??_*)))
 ._device.static.1_35_
                0x0000000008009b10       0x14 zephyr/drivers/reset/libdrivers__reset.a(reset_stm32.c.obj)
                0x0000000008009b10                __device_dts_ord_52
 ._device.static.1_40_
                0x0000000008009b24       0x14 zephyr/drivers/interrupt_controller/libdrivers__interrupt_controller.a(intc_exti_stm32.c.obj)
                0x0000000008009b24                __device_dts_ord_48
 ._device.static.1_40_
                0x0000000008009b38       0x50 zephyr/drivers/gpio/libdrivers__gpio.a(gpio_stm32.c.obj)
                0x0000000008009b38                __device_dts_ord_75
                0x0000000008009b4c                __device_dts_ord_74
                0x0000000008009b60                __device_dts_ord_15
                0x0000000008009b74                __device_dts_ord_13
 ._device.static.1_55_
                0x0000000008009b88       0x3c zephyr/drivers/serial/libdrivers__serial.a(uart_stm32.c.obj)
                0x0000000008009b88                __device_dts_ord_56
                0x0000000008009b9c                __device_dts_ord_53